<!doctype html public "-//w3c//dtd html 4.0 transitional//en">
<html><head>
<title>Static Call Graph - [.\Objects\Project.axf]</title></head>
<body><HR>
<H1>Static Call Graph for image .\Objects\Project.axf</H1><HR>
<BR><P>#&#060CALLGRAPH&#062# ARM Linker, 5060528: Last Updated: Tue Aug 21 15:18:42 2018
<BR><P>
<H3>Maximum Stack Usage =        132 bytes + Unknown(Functions without stacksize, Cycles, Untraceable Function Pointers)</H3><H3>
Call chain for Maximum Stack Depth:</H3>
__rt_entry_main &rArr; main &rArr; Process_switch &rArr; PC_OPTION_PROG &rArr; online_write_data &rArr; mov_flash &rArr; write_block &rArr; FLASH_ProgramHalfWord &rArr; FLASH_WaitForLastOperation
<P>
<H3>
Functions with no stack information
</H3><UL>
 <LI><a href="#[5e]">__user_initial_stackheap</a>
</UL>
</UL>
<P>
<H3>
Mutually Recursive functions
</H3> <LI><a href="#[c]">SysTick_Handler</a>&nbsp;&nbsp;&nbsp;&rArr;&nbsp;&nbsp;&nbsp;<a href="#[c]">SysTick_Handler</a><BR>
 <LI><a href="#[1f]">ADC1_2_IRQHandler</a>&nbsp;&nbsp;&nbsp;&rArr;&nbsp;&nbsp;&nbsp;<a href="#[1f]">ADC1_2_IRQHandler</a><BR>
</UL>
<P>
<H3>
Function Pointers
</H3><UL>
 <LI><a href="#[1f]">ADC1_2_IRQHandler</a> from startup_stm32f10x_hd.o(.text) referenced from startup_stm32f10x_hd.o(RESET)
 <LI><a href="#[3c]">ADC3_IRQHandler</a> from startup_stm32f10x_hd.o(.text) referenced from startup_stm32f10x_hd.o(RESET)
 <LI><a href="#[7]">BusFault_Handler</a> from stm32f10x_it.o(i.BusFault_Handler) referenced from startup_stm32f10x_hd.o(RESET)
 <LI><a href="#[22]">CAN1_RX1_IRQHandler</a> from startup_stm32f10x_hd.o(.text) referenced from startup_stm32f10x_hd.o(RESET)
 <LI><a href="#[23]">CAN1_SCE_IRQHandler</a> from startup_stm32f10x_hd.o(.text) referenced from startup_stm32f10x_hd.o(RESET)
 <LI><a href="#[18]">DMA1_Channel1_IRQHandler</a> from startup_stm32f10x_hd.o(.text) referenced from startup_stm32f10x_hd.o(RESET)
 <LI><a href="#[19]">DMA1_Channel2_IRQHandler</a> from startup_stm32f10x_hd.o(.text) referenced from startup_stm32f10x_hd.o(RESET)
 <LI><a href="#[1a]">DMA1_Channel3_IRQHandler</a> from startup_stm32f10x_hd.o(.text) referenced from startup_stm32f10x_hd.o(RESET)
 <LI><a href="#[1b]">DMA1_Channel4_IRQHandler</a> from startup_stm32f10x_hd.o(.text) referenced from startup_stm32f10x_hd.o(RESET)
 <LI><a href="#[1c]">DMA1_Channel5_IRQHandler</a> from startup_stm32f10x_hd.o(.text) referenced from startup_stm32f10x_hd.o(RESET)
 <LI><a href="#[1d]">DMA1_Channel6_IRQHandler</a> from startup_stm32f10x_hd.o(.text) referenced from startup_stm32f10x_hd.o(RESET)
 <LI><a href="#[1e]">DMA1_Channel7_IRQHandler</a> from startup_stm32f10x_hd.o(.text) referenced from startup_stm32f10x_hd.o(RESET)
 <LI><a href="#[45]">DMA2_Channel1_IRQHandler</a> from startup_stm32f10x_hd.o(.text) referenced from startup_stm32f10x_hd.o(RESET)
 <LI><a href="#[46]">DMA2_Channel2_IRQHandler</a> from startup_stm32f10x_hd.o(.text) referenced from startup_stm32f10x_hd.o(RESET)
 <LI><a href="#[47]">DMA2_Channel3_IRQHandler</a> from startup_stm32f10x_hd.o(.text) referenced from startup_stm32f10x_hd.o(RESET)
 <LI><a href="#[48]">DMA2_Channel4_5_IRQHandler</a> from startup_stm32f10x_hd.o(.text) referenced from startup_stm32f10x_hd.o(RESET)
 <LI><a href="#[a]">DebugMon_Handler</a> from stm32f10x_it.o(i.DebugMon_Handler) referenced from startup_stm32f10x_hd.o(RESET)
 <LI><a href="#[13]">EXTI0_IRQHandler</a> from startup_stm32f10x_hd.o(.text) referenced from startup_stm32f10x_hd.o(RESET)
 <LI><a href="#[35]">EXTI15_10_IRQHandler</a> from startup_stm32f10x_hd.o(.text) referenced from startup_stm32f10x_hd.o(RESET)
 <LI><a href="#[14]">EXTI1_IRQHandler</a> from startup_stm32f10x_hd.o(.text) referenced from startup_stm32f10x_hd.o(RESET)
 <LI><a href="#[15]">EXTI2_IRQHandler</a> from startup_stm32f10x_hd.o(.text) referenced from startup_stm32f10x_hd.o(RESET)
 <LI><a href="#[16]">EXTI3_IRQHandler</a> from startup_stm32f10x_hd.o(.text) referenced from startup_stm32f10x_hd.o(RESET)
 <LI><a href="#[17]">EXTI4_IRQHandler</a> from startup_stm32f10x_hd.o(.text) referenced from startup_stm32f10x_hd.o(RESET)
 <LI><a href="#[24]">EXTI9_5_IRQHandler</a> from startup_stm32f10x_hd.o(.text) referenced from startup_stm32f10x_hd.o(RESET)
 <LI><a href="#[11]">FLASH_IRQHandler</a> from startup_stm32f10x_hd.o(.text) referenced from startup_stm32f10x_hd.o(RESET)
 <LI><a href="#[3d]">FSMC_IRQHandler</a> from startup_stm32f10x_hd.o(.text) referenced from startup_stm32f10x_hd.o(RESET)
 <LI><a href="#[5]">HardFault_Handler</a> from stm32f10x_it.o(i.HardFault_Handler) referenced from startup_stm32f10x_hd.o(RESET)
 <LI><a href="#[2d]">I2C1_ER_IRQHandler</a> from startup_stm32f10x_hd.o(.text) referenced from startup_stm32f10x_hd.o(RESET)
 <LI><a href="#[2c]">I2C1_EV_IRQHandler</a> from startup_stm32f10x_hd.o(.text) referenced from startup_stm32f10x_hd.o(RESET)
 <LI><a href="#[2f]">I2C2_ER_IRQHandler</a> from startup_stm32f10x_hd.o(.text) referenced from startup_stm32f10x_hd.o(RESET)
 <LI><a href="#[2e]">I2C2_EV_IRQHandler</a> from startup_stm32f10x_hd.o(.text) referenced from startup_stm32f10x_hd.o(RESET)
 <LI><a href="#[6]">MemManage_Handler</a> from stm32f10x_it.o(i.MemManage_Handler) referenced from startup_stm32f10x_hd.o(RESET)
 <LI><a href="#[4]">NMI_Handler</a> from stm32f10x_it.o(i.NMI_Handler) referenced from startup_stm32f10x_hd.o(RESET)
 <LI><a href="#[e]">PVD_IRQHandler</a> from startup_stm32f10x_hd.o(.text) referenced from startup_stm32f10x_hd.o(RESET)
 <LI><a href="#[b]">PendSV_Handler</a> from stm32f10x_it.o(i.PendSV_Handler) referenced from startup_stm32f10x_hd.o(RESET)
 <LI><a href="#[12]">RCC_IRQHandler</a> from startup_stm32f10x_hd.o(.text) referenced from startup_stm32f10x_hd.o(RESET)
 <LI><a href="#[36]">RTCAlarm_IRQHandler</a> from startup_stm32f10x_hd.o(.text) referenced from startup_stm32f10x_hd.o(RESET)
 <LI><a href="#[10]">RTC_IRQHandler</a> from startup_stm32f10x_hd.o(.text) referenced from startup_stm32f10x_hd.o(RESET)
 <LI><a href="#[3]">Reset_Handler</a> from startup_stm32f10x_hd.o(.text) referenced from startup_stm32f10x_hd.o(RESET)
 <LI><a href="#[3e]">SDIO_IRQHandler</a> from startup_stm32f10x_hd.o(.text) referenced from startup_stm32f10x_hd.o(RESET)
 <LI><a href="#[30]">SPI1_IRQHandler</a> from startup_stm32f10x_hd.o(.text) referenced from startup_stm32f10x_hd.o(RESET)
 <LI><a href="#[31]">SPI2_IRQHandler</a> from startup_stm32f10x_hd.o(.text) referenced from startup_stm32f10x_hd.o(RESET)
 <LI><a href="#[40]">SPI3_IRQHandler</a> from startup_stm32f10x_hd.o(.text) referenced from startup_stm32f10x_hd.o(RESET)
 <LI><a href="#[9]">SVC_Handler</a> from stm32f10x_it.o(i.SVC_Handler) referenced from startup_stm32f10x_hd.o(RESET)
 <LI><a href="#[c]">SysTick_Handler</a> from startup_stm32f10x_hd.o(.text) referenced from startup_stm32f10x_hd.o(RESET)
 <LI><a href="#[f]">TAMPER_IRQHandler</a> from startup_stm32f10x_hd.o(.text) referenced from startup_stm32f10x_hd.o(RESET)
 <LI><a href="#[25]">TIM1_BRK_IRQHandler</a> from startup_stm32f10x_hd.o(.text) referenced from startup_stm32f10x_hd.o(RESET)
 <LI><a href="#[28]">TIM1_CC_IRQHandler</a> from startup_stm32f10x_hd.o(.text) referenced from startup_stm32f10x_hd.o(RESET)
 <LI><a href="#[27]">TIM1_TRG_COM_IRQHandler</a> from startup_stm32f10x_hd.o(.text) referenced from startup_stm32f10x_hd.o(RESET)
 <LI><a href="#[26]">TIM1_UP_IRQHandler</a> from startup_stm32f10x_hd.o(.text) referenced from startup_stm32f10x_hd.o(RESET)
 <LI><a href="#[29]">TIM2_IRQHandler</a> from startup_stm32f10x_hd.o(.text) referenced from startup_stm32f10x_hd.o(RESET)
 <LI><a href="#[2a]">TIM3_IRQHandler</a> from startup_stm32f10x_hd.o(.text) referenced from startup_stm32f10x_hd.o(RESET)
 <LI><a href="#[2b]">TIM4_IRQHandler</a> from startup_stm32f10x_hd.o(.text) referenced from startup_stm32f10x_hd.o(RESET)
 <LI><a href="#[3f]">TIM5_IRQHandler</a> from clk.o(i.TIM5_IRQHandler) referenced from startup_stm32f10x_hd.o(RESET)
 <LI><a href="#[43]">TIM6_IRQHandler</a> from startup_stm32f10x_hd.o(.text) referenced from startup_stm32f10x_hd.o(RESET)
 <LI><a href="#[44]">TIM7_IRQHandler</a> from startup_stm32f10x_hd.o(.text) referenced from startup_stm32f10x_hd.o(RESET)
 <LI><a href="#[38]">TIM8_BRK_IRQHandler</a> from startup_stm32f10x_hd.o(.text) referenced from startup_stm32f10x_hd.o(RESET)
 <LI><a href="#[3b]">TIM8_CC_IRQHandler</a> from startup_stm32f10x_hd.o(.text) referenced from startup_stm32f10x_hd.o(RESET)
 <LI><a href="#[3a]">TIM8_TRG_COM_IRQHandler</a> from startup_stm32f10x_hd.o(.text) referenced from startup_stm32f10x_hd.o(RESET)
 <LI><a href="#[39]">TIM8_UP_IRQHandler</a> from startup_stm32f10x_hd.o(.text) referenced from startup_stm32f10x_hd.o(RESET)
 <LI><a href="#[41]">UART4_IRQHandler</a> from startup_stm32f10x_hd.o(.text) referenced from startup_stm32f10x_hd.o(RESET)
 <LI><a href="#[42]">UART5_IRQHandler</a> from startup_stm32f10x_hd.o(.text) referenced from startup_stm32f10x_hd.o(RESET)
 <LI><a href="#[32]">USART1_IRQHandler</a> from usart_com.o(i.USART1_IRQHandler) referenced from startup_stm32f10x_hd.o(RESET)
 <LI><a href="#[33]">USART2_IRQHandler</a> from startup_stm32f10x_hd.o(.text) referenced from startup_stm32f10x_hd.o(RESET)
 <LI><a href="#[34]">USART3_IRQHandler</a> from startup_stm32f10x_hd.o(.text) referenced from startup_stm32f10x_hd.o(RESET)
 <LI><a href="#[37]">USBWakeUp_IRQHandler</a> from startup_stm32f10x_hd.o(.text) referenced from startup_stm32f10x_hd.o(RESET)
 <LI><a href="#[20]">USB_HP_CAN1_TX_IRQHandler</a> from startup_stm32f10x_hd.o(.text) referenced from startup_stm32f10x_hd.o(RESET)
 <LI><a href="#[21]">USB_LP_CAN1_RX0_IRQHandler</a> from startup_stm32f10x_hd.o(.text) referenced from startup_stm32f10x_hd.o(RESET)
 <LI><a href="#[8]">UsageFault_Handler</a> from stm32f10x_it.o(i.UsageFault_Handler) referenced from startup_stm32f10x_hd.o(RESET)
 <LI><a href="#[d]">WWDG_IRQHandler</a> from startup_stm32f10x_hd.o(.text) referenced from startup_stm32f10x_hd.o(RESET)
 <LI><a href="#[4a]">__main</a> from __main.o(!!!main) referenced from startup_stm32f10x_hd.o(.text)
</UL>
<P>
<H3>
Global Symbols
</H3>
<P><STRONG><a name="[4a]"></a>__main</STRONG> (Thumb, 8 bytes, Stack size 0 bytes, __main.o(!!!main))
<BR><BR>[Calls]<UL><LI><a href="#[4b]">&gt;&gt;</a>&nbsp;&nbsp;&nbsp;__scatterload
<LI><a href="#[4c]">&gt;&gt;</a>&nbsp;&nbsp;&nbsp;__rt_entry
</UL>

<P><STRONG><a name="[4b]"></a>__scatterload</STRONG> (Thumb, 0 bytes, Stack size unknown bytes, __scatter.o(!!!scatter))
<BR><BR>[Called By]<UL><LI><a href="#[4a]">&gt;&gt;</a>&nbsp;&nbsp;&nbsp;__main
</UL>

<P><STRONG><a name="[4d]"></a>__scatterload_rt2</STRONG> (Thumb, 44 bytes, Stack size unknown bytes, __scatter.o(!!!scatter), UNUSED)
<BR><BR>[Calls]<UL><LI><a href="#[4c]">&gt;&gt;</a>&nbsp;&nbsp;&nbsp;__rt_entry
</UL>

<P><STRONG><a name="[149]"></a>__scatterload_rt2_thumb_only</STRONG> (Thumb, 0 bytes, Stack size unknown bytes, __scatter.o(!!!scatter), UNUSED)

<P><STRONG><a name="[14a]"></a>__scatterload_null</STRONG> (Thumb, 0 bytes, Stack size unknown bytes, __scatter.o(!!!scatter), UNUSED)

<P><STRONG><a name="[4e]"></a>__scatterload_copy</STRONG> (Thumb, 26 bytes, Stack size unknown bytes, __scatter_copy.o(!!handler_copy), UNUSED)
<BR><BR>[Calls]<UL><LI><a href="#[4e]">&gt;&gt;</a>&nbsp;&nbsp;&nbsp;__scatterload_copy
</UL>
<BR>[Called By]<UL><LI><a href="#[4e]">&gt;&gt;</a>&nbsp;&nbsp;&nbsp;__scatterload_copy
</UL>

<P><STRONG><a name="[14b]"></a>__scatterload_zeroinit</STRONG> (Thumb, 28 bytes, Stack size unknown bytes, __scatter_zi.o(!!handler_zi), UNUSED)

<P><STRONG><a name="[52]"></a>__rt_lib_init</STRONG> (Thumb, 0 bytes, Stack size unknown bytes, libinit.o(.ARM.Collect$$libinit$$00000000))
<BR><BR>[Called By]<UL><LI><a href="#[51]">&gt;&gt;</a>&nbsp;&nbsp;&nbsp;__rt_entry_li
</UL>

<P><STRONG><a name="[14c]"></a>__rt_lib_init_alloca_1</STRONG> (Thumb, 0 bytes, Stack size unknown bytes, libinit2.o(.ARM.Collect$$libinit$$0000002E))

<P><STRONG><a name="[14d]"></a>__rt_lib_init_argv_1</STRONG> (Thumb, 0 bytes, Stack size unknown bytes, libinit2.o(.ARM.Collect$$libinit$$0000002C))

<P><STRONG><a name="[14e]"></a>__rt_lib_init_atexit_1</STRONG> (Thumb, 0 bytes, Stack size unknown bytes, libinit2.o(.ARM.Collect$$libinit$$0000001B))

<P><STRONG><a name="[14f]"></a>__rt_lib_init_clock_1</STRONG> (Thumb, 0 bytes, Stack size unknown bytes, libinit2.o(.ARM.Collect$$libinit$$00000021))

<P><STRONG><a name="[150]"></a>__rt_lib_init_cpp_1</STRONG> (Thumb, 0 bytes, Stack size unknown bytes, libinit2.o(.ARM.Collect$$libinit$$00000032))

<P><STRONG><a name="[151]"></a>__rt_lib_init_exceptions_1</STRONG> (Thumb, 0 bytes, Stack size unknown bytes, libinit2.o(.ARM.Collect$$libinit$$00000030))

<P><STRONG><a name="[152]"></a>__rt_lib_init_fp_1</STRONG> (Thumb, 0 bytes, Stack size unknown bytes, libinit2.o(.ARM.Collect$$libinit$$00000002))

<P><STRONG><a name="[153]"></a>__rt_lib_init_fp_trap_1</STRONG> (Thumb, 0 bytes, Stack size unknown bytes, libinit2.o(.ARM.Collect$$libinit$$0000001F))

<P><STRONG><a name="[154]"></a>__rt_lib_init_getenv_1</STRONG> (Thumb, 0 bytes, Stack size unknown bytes, libinit2.o(.ARM.Collect$$libinit$$00000023))

<P><STRONG><a name="[155]"></a>__rt_lib_init_heap_1</STRONG> (Thumb, 0 bytes, Stack size unknown bytes, libinit2.o(.ARM.Collect$$libinit$$0000000A))

<P><STRONG><a name="[156]"></a>__rt_lib_init_lc_collate_1</STRONG> (Thumb, 0 bytes, Stack size unknown bytes, libinit2.o(.ARM.Collect$$libinit$$00000011))

<P><STRONG><a name="[157]"></a>__rt_lib_init_lc_ctype_1</STRONG> (Thumb, 0 bytes, Stack size unknown bytes, libinit2.o(.ARM.Collect$$libinit$$00000013))

<P><STRONG><a name="[158]"></a>__rt_lib_init_lc_monetary_1</STRONG> (Thumb, 0 bytes, Stack size unknown bytes, libinit2.o(.ARM.Collect$$libinit$$00000015))

<P><STRONG><a name="[159]"></a>__rt_lib_init_lc_numeric_1</STRONG> (Thumb, 0 bytes, Stack size unknown bytes, libinit2.o(.ARM.Collect$$libinit$$00000017))

<P><STRONG><a name="[15a]"></a>__rt_lib_init_lc_time_1</STRONG> (Thumb, 0 bytes, Stack size unknown bytes, libinit2.o(.ARM.Collect$$libinit$$00000019))

<P><STRONG><a name="[15b]"></a>__rt_lib_init_preinit_1</STRONG> (Thumb, 0 bytes, Stack size unknown bytes, libinit2.o(.ARM.Collect$$libinit$$00000004))

<P><STRONG><a name="[15c]"></a>__rt_lib_init_rand_1</STRONG> (Thumb, 0 bytes, Stack size unknown bytes, libinit2.o(.ARM.Collect$$libinit$$0000000E))

<P><STRONG><a name="[15d]"></a>__rt_lib_init_return</STRONG> (Thumb, 0 bytes, Stack size unknown bytes, libinit2.o(.ARM.Collect$$libinit$$00000033))

<P><STRONG><a name="[15e]"></a>__rt_lib_init_signal_1</STRONG> (Thumb, 0 bytes, Stack size unknown bytes, libinit2.o(.ARM.Collect$$libinit$$0000001D))

<P><STRONG><a name="[15f]"></a>__rt_lib_init_stdio_1</STRONG> (Thumb, 0 bytes, Stack size unknown bytes, libinit2.o(.ARM.Collect$$libinit$$00000025))

<P><STRONG><a name="[160]"></a>__rt_lib_init_user_alloc_1</STRONG> (Thumb, 0 bytes, Stack size unknown bytes, libinit2.o(.ARM.Collect$$libinit$$0000000C))

<P><STRONG><a name="[57]"></a>__rt_lib_shutdown</STRONG> (Thumb, 0 bytes, Stack size unknown bytes, libshutdown.o(.ARM.Collect$$libshutdown$$00000000))
<BR><BR>[Called By]<UL><LI><a href="#[56]">&gt;&gt;</a>&nbsp;&nbsp;&nbsp;__rt_exit_ls
</UL>

<P><STRONG><a name="[161]"></a>__rt_lib_shutdown_cpp_1</STRONG> (Thumb, 0 bytes, Stack size unknown bytes, libshutdown2.o(.ARM.Collect$$libshutdown$$00000002))

<P><STRONG><a name="[162]"></a>__rt_lib_shutdown_fp_trap_1</STRONG> (Thumb, 0 bytes, Stack size unknown bytes, libshutdown2.o(.ARM.Collect$$libshutdown$$00000007))

<P><STRONG><a name="[163]"></a>__rt_lib_shutdown_heap_1</STRONG> (Thumb, 0 bytes, Stack size unknown bytes, libshutdown2.o(.ARM.Collect$$libshutdown$$0000000F))

<P><STRONG><a name="[164]"></a>__rt_lib_shutdown_return</STRONG> (Thumb, 0 bytes, Stack size unknown bytes, libshutdown2.o(.ARM.Collect$$libshutdown$$00000010))

<P><STRONG><a name="[165]"></a>__rt_lib_shutdown_signal_1</STRONG> (Thumb, 0 bytes, Stack size unknown bytes, libshutdown2.o(.ARM.Collect$$libshutdown$$0000000A))

<P><STRONG><a name="[166]"></a>__rt_lib_shutdown_stdio_1</STRONG> (Thumb, 0 bytes, Stack size unknown bytes, libshutdown2.o(.ARM.Collect$$libshutdown$$00000004))

<P><STRONG><a name="[167]"></a>__rt_lib_shutdown_user_alloc_1</STRONG> (Thumb, 0 bytes, Stack size unknown bytes, libshutdown2.o(.ARM.Collect$$libshutdown$$0000000C))

<P><STRONG><a name="[4c]"></a>__rt_entry</STRONG> (Thumb, 0 bytes, Stack size unknown bytes, __rtentry.o(.ARM.Collect$$rtentry$$00000000))
<BR><BR>[Called By]<UL><LI><a href="#[4d]">&gt;&gt;</a>&nbsp;&nbsp;&nbsp;__scatterload_rt2
<LI><a href="#[4a]">&gt;&gt;</a>&nbsp;&nbsp;&nbsp;__main
</UL>

<P><STRONG><a name="[168]"></a>__rt_entry_presh_1</STRONG> (Thumb, 0 bytes, Stack size unknown bytes, __rtentry2.o(.ARM.Collect$$rtentry$$00000002))

<P><STRONG><a name="[4f]"></a>__rt_entry_sh</STRONG> (Thumb, 0 bytes, Stack size unknown bytes, __rtentry4.o(.ARM.Collect$$rtentry$$00000004))
<BR><BR>[Stack]<UL><LI>Max Depth = 8 + Unknown Stack Size
<LI>Call Chain = __rt_entry_sh &rArr; __user_setup_stackheap
</UL>
<BR>[Calls]<UL><LI><a href="#[50]">&gt;&gt;</a>&nbsp;&nbsp;&nbsp;__user_setup_stackheap
</UL>

<P><STRONG><a name="[51]"></a>__rt_entry_li</STRONG> (Thumb, 0 bytes, Stack size unknown bytes, __rtentry2.o(.ARM.Collect$$rtentry$$0000000A))
<BR><BR>[Calls]<UL><LI><a href="#[52]">&gt;&gt;</a>&nbsp;&nbsp;&nbsp;__rt_lib_init
</UL>

<P><STRONG><a name="[169]"></a>__rt_entry_postsh_1</STRONG> (Thumb, 0 bytes, Stack size unknown bytes, __rtentry2.o(.ARM.Collect$$rtentry$$00000009))

<P><STRONG><a name="[53]"></a>__rt_entry_main</STRONG> (Thumb, 0 bytes, Stack size unknown bytes, __rtentry2.o(.ARM.Collect$$rtentry$$0000000D))
<BR><BR>[Stack]<UL><LI>Max Depth = 132 + Unknown Stack Size
<LI>Call Chain = __rt_entry_main &rArr; main &rArr; Process_switch &rArr; PC_OPTION_PROG &rArr; online_write_data &rArr; mov_flash &rArr; write_block &rArr; FLASH_ProgramHalfWord &rArr; FLASH_WaitForLastOperation
</UL>
<BR>[Calls]<UL><LI><a href="#[54]">&gt;&gt;</a>&nbsp;&nbsp;&nbsp;main
<LI><a href="#[55]">&gt;&gt;</a>&nbsp;&nbsp;&nbsp;exit
</UL>

<P><STRONG><a name="[16a]"></a>__rt_entry_postli_1</STRONG> (Thumb, 0 bytes, Stack size unknown bytes, __rtentry2.o(.ARM.Collect$$rtentry$$0000000C))

<P><STRONG><a name="[5f]"></a>__rt_exit</STRONG> (Thumb, 0 bytes, Stack size unknown bytes, rtexit.o(.ARM.Collect$$rtexit$$00000000))
<BR><BR>[Called By]<UL><LI><a href="#[55]">&gt;&gt;</a>&nbsp;&nbsp;&nbsp;exit
</UL>

<P><STRONG><a name="[56]"></a>__rt_exit_ls</STRONG> (Thumb, 0 bytes, Stack size unknown bytes, rtexit2.o(.ARM.Collect$$rtexit$$00000003))
<BR><BR>[Calls]<UL><LI><a href="#[57]">&gt;&gt;</a>&nbsp;&nbsp;&nbsp;__rt_lib_shutdown
</UL>

<P><STRONG><a name="[16b]"></a>__rt_exit_prels_1</STRONG> (Thumb, 0 bytes, Stack size unknown bytes, rtexit2.o(.ARM.Collect$$rtexit$$00000002))

<P><STRONG><a name="[58]"></a>__rt_exit_exit</STRONG> (Thumb, 0 bytes, Stack size unknown bytes, rtexit2.o(.ARM.Collect$$rtexit$$00000004))
<BR><BR>[Calls]<UL><LI><a href="#[59]">&gt;&gt;</a>&nbsp;&nbsp;&nbsp;_sys_exit
</UL>

<P><STRONG><a name="[3]"></a>Reset_Handler</STRONG> (Thumb, 4 bytes, Stack size 0 bytes, startup_stm32f10x_hd.o(.text))
<BR>[Address Reference Count : 1]<UL><LI> startup_stm32f10x_hd.o(RESET)
</UL>
<P><STRONG><a name="[c]"></a>SysTick_Handler</STRONG> (Thumb, 2 bytes, Stack size 0 bytes, startup_stm32f10x_hd.o(.text))
<BR><BR>[Calls]<UL><LI><a href="#[c]">&gt;&gt;</a>&nbsp;&nbsp;&nbsp;SysTick_Handler
</UL>
<BR>[Called By]<UL><LI><a href="#[c]">&gt;&gt;</a>&nbsp;&nbsp;&nbsp;SysTick_Handler
</UL>
<BR>[Address Reference Count : 1]<UL><LI> startup_stm32f10x_hd.o(RESET)
</UL>
<P><STRONG><a name="[1f]"></a>ADC1_2_IRQHandler</STRONG> (Thumb, 0 bytes, Stack size 0 bytes, startup_stm32f10x_hd.o(.text))
<BR><BR>[Calls]<UL><LI><a href="#[1f]">&gt;&gt;</a>&nbsp;&nbsp;&nbsp;ADC1_2_IRQHandler
</UL>
<BR>[Called By]<UL><LI><a href="#[1f]">&gt;&gt;</a>&nbsp;&nbsp;&nbsp;ADC1_2_IRQHandler
</UL>
<BR>[Address Reference Count : 1]<UL><LI> startup_stm32f10x_hd.o(RESET)
</UL>
<P><STRONG><a name="[3c]"></a>ADC3_IRQHandler</STRONG> (Thumb, 0 bytes, Stack size 0 bytes, startup_stm32f10x_hd.o(.text))
<BR>[Address Reference Count : 1]<UL><LI> startup_stm32f10x_hd.o(RESET)
</UL>
<P><STRONG><a name="[22]"></a>CAN1_RX1_IRQHandler</STRONG> (Thumb, 0 bytes, Stack size 0 bytes, startup_stm32f10x_hd.o(.text))
<BR>[Address Reference Count : 1]<UL><LI> startup_stm32f10x_hd.o(RESET)
</UL>
<P><STRONG><a name="[23]"></a>CAN1_SCE_IRQHandler</STRONG> (Thumb, 0 bytes, Stack size 0 bytes, startup_stm32f10x_hd.o(.text))
<BR>[Address Reference Count : 1]<UL><LI> startup_stm32f10x_hd.o(RESET)
</UL>
<P><STRONG><a name="[18]"></a>DMA1_Channel1_IRQHandler</STRONG> (Thumb, 0 bytes, Stack size 0 bytes, startup_stm32f10x_hd.o(.text))
<BR>[Address Reference Count : 1]<UL><LI> startup_stm32f10x_hd.o(RESET)
</UL>
<P><STRONG><a name="[19]"></a>DMA1_Channel2_IRQHandler</STRONG> (Thumb, 0 bytes, Stack size 0 bytes, startup_stm32f10x_hd.o(.text))
<BR>[Address Reference Count : 1]<UL><LI> startup_stm32f10x_hd.o(RESET)
</UL>
<P><STRONG><a name="[1a]"></a>DMA1_Channel3_IRQHandler</STRONG> (Thumb, 0 bytes, Stack size 0 bytes, startup_stm32f10x_hd.o(.text))
<BR>[Address Reference Count : 1]<UL><LI> startup_stm32f10x_hd.o(RESET)
</UL>
<P><STRONG><a name="[1b]"></a>DMA1_Channel4_IRQHandler</STRONG> (Thumb, 0 bytes, Stack size 0 bytes, startup_stm32f10x_hd.o(.text))
<BR>[Address Reference Count : 1]<UL><LI> startup_stm32f10x_hd.o(RESET)
</UL>
<P><STRONG><a name="[1c]"></a>DMA1_Channel5_IRQHandler</STRONG> (Thumb, 0 bytes, Stack size 0 bytes, startup_stm32f10x_hd.o(.text))
<BR>[Address Reference Count : 1]<UL><LI> startup_stm32f10x_hd.o(RESET)
</UL>
<P><STRONG><a name="[1d]"></a>DMA1_Channel6_IRQHandler</STRONG> (Thumb, 0 bytes, Stack size 0 bytes, startup_stm32f10x_hd.o(.text))
<BR>[Address Reference Count : 1]<UL><LI> startup_stm32f10x_hd.o(RESET)
</UL>
<P><STRONG><a name="[1e]"></a>DMA1_Channel7_IRQHandler</STRONG> (Thumb, 0 bytes, Stack size 0 bytes, startup_stm32f10x_hd.o(.text))
<BR>[Address Reference Count : 1]<UL><LI> startup_stm32f10x_hd.o(RESET)
</UL>
<P><STRONG><a name="[45]"></a>DMA2_Channel1_IRQHandler</STRONG> (Thumb, 0 bytes, Stack size 0 bytes, startup_stm32f10x_hd.o(.text))
<BR>[Address Reference Count : 1]<UL><LI> startup_stm32f10x_hd.o(RESET)
</UL>
<P><STRONG><a name="[46]"></a>DMA2_Channel2_IRQHandler</STRONG> (Thumb, 0 bytes, Stack size 0 bytes, startup_stm32f10x_hd.o(.text))
<BR>[Address Reference Count : 1]<UL><LI> startup_stm32f10x_hd.o(RESET)
</UL>
<P><STRONG><a name="[47]"></a>DMA2_Channel3_IRQHandler</STRONG> (Thumb, 0 bytes, Stack size 0 bytes, startup_stm32f10x_hd.o(.text))
<BR>[Address Reference Count : 1]<UL><LI> startup_stm32f10x_hd.o(RESET)
</UL>
<P><STRONG><a name="[48]"></a>DMA2_Channel4_5_IRQHandler</STRONG> (Thumb, 0 bytes, Stack size 0 bytes, startup_stm32f10x_hd.o(.text))
<BR>[Address Reference Count : 1]<UL><LI> startup_stm32f10x_hd.o(RESET)
</UL>
<P><STRONG><a name="[13]"></a>EXTI0_IRQHandler</STRONG> (Thumb, 0 bytes, Stack size 0 bytes, startup_stm32f10x_hd.o(.text))
<BR>[Address Reference Count : 1]<UL><LI> startup_stm32f10x_hd.o(RESET)
</UL>
<P><STRONG><a name="[35]"></a>EXTI15_10_IRQHandler</STRONG> (Thumb, 0 bytes, Stack size 0 bytes, startup_stm32f10x_hd.o(.text))
<BR>[Address Reference Count : 1]<UL><LI> startup_stm32f10x_hd.o(RESET)
</UL>
<P><STRONG><a name="[14]"></a>EXTI1_IRQHandler</STRONG> (Thumb, 0 bytes, Stack size 0 bytes, startup_stm32f10x_hd.o(.text))
<BR>[Address Reference Count : 1]<UL><LI> startup_stm32f10x_hd.o(RESET)
</UL>
<P><STRONG><a name="[15]"></a>EXTI2_IRQHandler</STRONG> (Thumb, 0 bytes, Stack size 0 bytes, startup_stm32f10x_hd.o(.text))
<BR>[Address Reference Count : 1]<UL><LI> startup_stm32f10x_hd.o(RESET)
</UL>
<P><STRONG><a name="[16]"></a>EXTI3_IRQHandler</STRONG> (Thumb, 0 bytes, Stack size 0 bytes, startup_stm32f10x_hd.o(.text))
<BR>[Address Reference Count : 1]<UL><LI> startup_stm32f10x_hd.o(RESET)
</UL>
<P><STRONG><a name="[17]"></a>EXTI4_IRQHandler</STRONG> (Thumb, 0 bytes, Stack size 0 bytes, startup_stm32f10x_hd.o(.text))
<BR>[Address Reference Count : 1]<UL><LI> startup_stm32f10x_hd.o(RESET)
</UL>
<P><STRONG><a name="[24]"></a>EXTI9_5_IRQHandler</STRONG> (Thumb, 0 bytes, Stack size 0 bytes, startup_stm32f10x_hd.o(.text))
<BR>[Address Reference Count : 1]<UL><LI> startup_stm32f10x_hd.o(RESET)
</UL>
<P><STRONG><a name="[11]"></a>FLASH_IRQHandler</STRONG> (Thumb, 0 bytes, Stack size 0 bytes, startup_stm32f10x_hd.o(.text))
<BR>[Address Reference Count : 1]<UL><LI> startup_stm32f10x_hd.o(RESET)
</UL>
<P><STRONG><a name="[3d]"></a>FSMC_IRQHandler</STRONG> (Thumb, 0 bytes, Stack size 0 bytes, startup_stm32f10x_hd.o(.text))
<BR>[Address Reference Count : 1]<UL><LI> startup_stm32f10x_hd.o(RESET)
</UL>
<P><STRONG><a name="[2d]"></a>I2C1_ER_IRQHandler</STRONG> (Thumb, 0 bytes, Stack size 0 bytes, startup_stm32f10x_hd.o(.text))
<BR>[Address Reference Count : 1]<UL><LI> startup_stm32f10x_hd.o(RESET)
</UL>
<P><STRONG><a name="[2c]"></a>I2C1_EV_IRQHandler</STRONG> (Thumb, 0 bytes, Stack size 0 bytes, startup_stm32f10x_hd.o(.text))
<BR>[Address Reference Count : 1]<UL><LI> startup_stm32f10x_hd.o(RESET)
</UL>
<P><STRONG><a name="[2f]"></a>I2C2_ER_IRQHandler</STRONG> (Thumb, 0 bytes, Stack size 0 bytes, startup_stm32f10x_hd.o(.text))
<BR>[Address Reference Count : 1]<UL><LI> startup_stm32f10x_hd.o(RESET)
</UL>
<P><STRONG><a name="[2e]"></a>I2C2_EV_IRQHandler</STRONG> (Thumb, 0 bytes, Stack size 0 bytes, startup_stm32f10x_hd.o(.text))
<BR>[Address Reference Count : 1]<UL><LI> startup_stm32f10x_hd.o(RESET)
</UL>
<P><STRONG><a name="[e]"></a>PVD_IRQHandler</STRONG> (Thumb, 0 bytes, Stack size 0 bytes, startup_stm32f10x_hd.o(.text))
<BR>[Address Reference Count : 1]<UL><LI> startup_stm32f10x_hd.o(RESET)
</UL>
<P><STRONG><a name="[12]"></a>RCC_IRQHandler</STRONG> (Thumb, 0 bytes, Stack size 0 bytes, startup_stm32f10x_hd.o(.text))
<BR>[Address Reference Count : 1]<UL><LI> startup_stm32f10x_hd.o(RESET)
</UL>
<P><STRONG><a name="[36]"></a>RTCAlarm_IRQHandler</STRONG> (Thumb, 0 bytes, Stack size 0 bytes, startup_stm32f10x_hd.o(.text))
<BR>[Address Reference Count : 1]<UL><LI> startup_stm32f10x_hd.o(RESET)
</UL>
<P><STRONG><a name="[10]"></a>RTC_IRQHandler</STRONG> (Thumb, 0 bytes, Stack size 0 bytes, startup_stm32f10x_hd.o(.text))
<BR>[Address Reference Count : 1]<UL><LI> startup_stm32f10x_hd.o(RESET)
</UL>
<P><STRONG><a name="[3e]"></a>SDIO_IRQHandler</STRONG> (Thumb, 0 bytes, Stack size 0 bytes, startup_stm32f10x_hd.o(.text))
<BR>[Address Reference Count : 1]<UL><LI> startup_stm32f10x_hd.o(RESET)
</UL>
<P><STRONG><a name="[30]"></a>SPI1_IRQHandler</STRONG> (Thumb, 0 bytes, Stack size 0 bytes, startup_stm32f10x_hd.o(.text))
<BR>[Address Reference Count : 1]<UL><LI> startup_stm32f10x_hd.o(RESET)
</UL>
<P><STRONG><a name="[31]"></a>SPI2_IRQHandler</STRONG> (Thumb, 0 bytes, Stack size 0 bytes, startup_stm32f10x_hd.o(.text))
<BR>[Address Reference Count : 1]<UL><LI> startup_stm32f10x_hd.o(RESET)
</UL>
<P><STRONG><a name="[40]"></a>SPI3_IRQHandler</STRONG> (Thumb, 0 bytes, Stack size 0 bytes, startup_stm32f10x_hd.o(.text))
<BR>[Address Reference Count : 1]<UL><LI> startup_stm32f10x_hd.o(RESET)
</UL>
<P><STRONG><a name="[f]"></a>TAMPER_IRQHandler</STRONG> (Thumb, 0 bytes, Stack size 0 bytes, startup_stm32f10x_hd.o(.text))
<BR>[Address Reference Count : 1]<UL><LI> startup_stm32f10x_hd.o(RESET)
</UL>
<P><STRONG><a name="[25]"></a>TIM1_BRK_IRQHandler</STRONG> (Thumb, 0 bytes, Stack size 0 bytes, startup_stm32f10x_hd.o(.text))
<BR>[Address Reference Count : 1]<UL><LI> startup_stm32f10x_hd.o(RESET)
</UL>
<P><STRONG><a name="[28]"></a>TIM1_CC_IRQHandler</STRONG> (Thumb, 0 bytes, Stack size 0 bytes, startup_stm32f10x_hd.o(.text))
<BR>[Address Reference Count : 1]<UL><LI> startup_stm32f10x_hd.o(RESET)
</UL>
<P><STRONG><a name="[27]"></a>TIM1_TRG_COM_IRQHandler</STRONG> (Thumb, 0 bytes, Stack size 0 bytes, startup_stm32f10x_hd.o(.text))
<BR>[Address Reference Count : 1]<UL><LI> startup_stm32f10x_hd.o(RESET)
</UL>
<P><STRONG><a name="[26]"></a>TIM1_UP_IRQHandler</STRONG> (Thumb, 0 bytes, Stack size 0 bytes, startup_stm32f10x_hd.o(.text))
<BR>[Address Reference Count : 1]<UL><LI> startup_stm32f10x_hd.o(RESET)
</UL>
<P><STRONG><a name="[29]"></a>TIM2_IRQHandler</STRONG> (Thumb, 0 bytes, Stack size 0 bytes, startup_stm32f10x_hd.o(.text))
<BR>[Address Reference Count : 1]<UL><LI> startup_stm32f10x_hd.o(RESET)
</UL>
<P><STRONG><a name="[2a]"></a>TIM3_IRQHandler</STRONG> (Thumb, 0 bytes, Stack size 0 bytes, startup_stm32f10x_hd.o(.text))
<BR>[Address Reference Count : 1]<UL><LI> startup_stm32f10x_hd.o(RESET)
</UL>
<P><STRONG><a name="[2b]"></a>TIM4_IRQHandler</STRONG> (Thumb, 0 bytes, Stack size 0 bytes, startup_stm32f10x_hd.o(.text))
<BR>[Address Reference Count : 1]<UL><LI> startup_stm32f10x_hd.o(RESET)
</UL>
<P><STRONG><a name="[43]"></a>TIM6_IRQHandler</STRONG> (Thumb, 0 bytes, Stack size 0 bytes, startup_stm32f10x_hd.o(.text))
<BR>[Address Reference Count : 1]<UL><LI> startup_stm32f10x_hd.o(RESET)
</UL>
<P><STRONG><a name="[44]"></a>TIM7_IRQHandler</STRONG> (Thumb, 0 bytes, Stack size 0 bytes, startup_stm32f10x_hd.o(.text))
<BR>[Address Reference Count : 1]<UL><LI> startup_stm32f10x_hd.o(RESET)
</UL>
<P><STRONG><a name="[38]"></a>TIM8_BRK_IRQHandler</STRONG> (Thumb, 0 bytes, Stack size 0 bytes, startup_stm32f10x_hd.o(.text))
<BR>[Address Reference Count : 1]<UL><LI> startup_stm32f10x_hd.o(RESET)
</UL>
<P><STRONG><a name="[3b]"></a>TIM8_CC_IRQHandler</STRONG> (Thumb, 0 bytes, Stack size 0 bytes, startup_stm32f10x_hd.o(.text))
<BR>[Address Reference Count : 1]<UL><LI> startup_stm32f10x_hd.o(RESET)
</UL>
<P><STRONG><a name="[3a]"></a>TIM8_TRG_COM_IRQHandler</STRONG> (Thumb, 0 bytes, Stack size 0 bytes, startup_stm32f10x_hd.o(.text))
<BR>[Address Reference Count : 1]<UL><LI> startup_stm32f10x_hd.o(RESET)
</UL>
<P><STRONG><a name="[39]"></a>TIM8_UP_IRQHandler</STRONG> (Thumb, 0 bytes, Stack size 0 bytes, startup_stm32f10x_hd.o(.text))
<BR>[Address Reference Count : 1]<UL><LI> startup_stm32f10x_hd.o(RESET)
</UL>
<P><STRONG><a name="[41]"></a>UART4_IRQHandler</STRONG> (Thumb, 0 bytes, Stack size 0 bytes, startup_stm32f10x_hd.o(.text))
<BR>[Address Reference Count : 1]<UL><LI> startup_stm32f10x_hd.o(RESET)
</UL>
<P><STRONG><a name="[42]"></a>UART5_IRQHandler</STRONG> (Thumb, 0 bytes, Stack size 0 bytes, startup_stm32f10x_hd.o(.text))
<BR>[Address Reference Count : 1]<UL><LI> startup_stm32f10x_hd.o(RESET)
</UL>
<P><STRONG><a name="[33]"></a>USART2_IRQHandler</STRONG> (Thumb, 0 bytes, Stack size 0 bytes, startup_stm32f10x_hd.o(.text))
<BR>[Address Reference Count : 1]<UL><LI> startup_stm32f10x_hd.o(RESET)
</UL>
<P><STRONG><a name="[34]"></a>USART3_IRQHandler</STRONG> (Thumb, 0 bytes, Stack size 0 bytes, startup_stm32f10x_hd.o(.text))
<BR>[Address Reference Count : 1]<UL><LI> startup_stm32f10x_hd.o(RESET)
</UL>
<P><STRONG><a name="[37]"></a>USBWakeUp_IRQHandler</STRONG> (Thumb, 0 bytes, Stack size 0 bytes, startup_stm32f10x_hd.o(.text))
<BR>[Address Reference Count : 1]<UL><LI> startup_stm32f10x_hd.o(RESET)
</UL>
<P><STRONG><a name="[20]"></a>USB_HP_CAN1_TX_IRQHandler</STRONG> (Thumb, 0 bytes, Stack size 0 bytes, startup_stm32f10x_hd.o(.text))
<BR>[Address Reference Count : 1]<UL><LI> startup_stm32f10x_hd.o(RESET)
</UL>
<P><STRONG><a name="[21]"></a>USB_LP_CAN1_RX0_IRQHandler</STRONG> (Thumb, 0 bytes, Stack size 0 bytes, startup_stm32f10x_hd.o(.text))
<BR>[Address Reference Count : 1]<UL><LI> startup_stm32f10x_hd.o(RESET)
</UL>
<P><STRONG><a name="[d]"></a>WWDG_IRQHandler</STRONG> (Thumb, 0 bytes, Stack size 0 bytes, startup_stm32f10x_hd.o(.text))
<BR>[Address Reference Count : 1]<UL><LI> startup_stm32f10x_hd.o(RESET)
</UL>
<P><STRONG><a name="[5e]"></a>__user_initial_stackheap</STRONG> (Thumb, 0 bytes, Stack size unknown bytes, startup_stm32f10x_hd.o(.text))
<BR><BR>[Called By]<UL><LI><a href="#[50]">&gt;&gt;</a>&nbsp;&nbsp;&nbsp;__user_setup_stackheap
</UL>

<P><STRONG><a name="[16c]"></a>__use_two_region_memory</STRONG> (Thumb, 2 bytes, Stack size 0 bytes, heapauxi.o(.text), UNUSED)

<P><STRONG><a name="[16d]"></a>__rt_heap_escrow$2region</STRONG> (Thumb, 2 bytes, Stack size 0 bytes, heapauxi.o(.text), UNUSED)

<P><STRONG><a name="[16e]"></a>__rt_heap_expand$2region</STRONG> (Thumb, 2 bytes, Stack size 0 bytes, heapauxi.o(.text), UNUSED)

<P><STRONG><a name="[5a]"></a>__read_errno</STRONG> (Thumb, 10 bytes, Stack size 8 bytes, _rserrno.o(.text), UNUSED)
<BR><BR>[Calls]<UL><LI><a href="#[5b]">&gt;&gt;</a>&nbsp;&nbsp;&nbsp;__aeabi_errno_addr
</UL>

<P><STRONG><a name="[5c]"></a>__set_errno</STRONG> (Thumb, 12 bytes, Stack size 8 bytes, _rserrno.o(.text))
<BR><BR>[Stack]<UL><LI>Max Depth = 8<LI>Call Chain = __set_errno
</UL>
<BR>[Calls]<UL><LI><a href="#[5b]">&gt;&gt;</a>&nbsp;&nbsp;&nbsp;__aeabi_errno_addr
</UL>
<BR>[Called By]<UL><LI><a href="#[cf]">&gt;&gt;</a>&nbsp;&nbsp;&nbsp;sqrt
</UL>

<P><STRONG><a name="[5b]"></a>__aeabi_errno_addr</STRONG> (Thumb, 8 bytes, Stack size 0 bytes, rt_errno_addr_intlibspace.o(.text))
<BR><BR>[Called By]<UL><LI><a href="#[5c]">&gt;&gt;</a>&nbsp;&nbsp;&nbsp;__set_errno
<LI><a href="#[5a]">&gt;&gt;</a>&nbsp;&nbsp;&nbsp;__read_errno
</UL>

<P><STRONG><a name="[16f]"></a>__errno$intlibspace</STRONG> (Thumb, 0 bytes, Stack size 0 bytes, rt_errno_addr_intlibspace.o(.text), UNUSED)

<P><STRONG><a name="[170]"></a>__rt_errno_addr$intlibspace</STRONG> (Thumb, 0 bytes, Stack size 0 bytes, rt_errno_addr_intlibspace.o(.text), UNUSED)

<P><STRONG><a name="[171]"></a>__user_libspace</STRONG> (Thumb, 8 bytes, Stack size 0 bytes, libspace.o(.text), UNUSED)

<P><STRONG><a name="[5d]"></a>__user_perproc_libspace</STRONG> (Thumb, 0 bytes, Stack size 0 bytes, libspace.o(.text))
<BR><BR>[Called By]<UL><LI><a href="#[50]">&gt;&gt;</a>&nbsp;&nbsp;&nbsp;__user_setup_stackheap
</UL>

<P><STRONG><a name="[172]"></a>__user_perthread_libspace</STRONG> (Thumb, 0 bytes, Stack size 0 bytes, libspace.o(.text), UNUSED)

<P><STRONG><a name="[50]"></a>__user_setup_stackheap</STRONG> (Thumb, 74 bytes, Stack size 8 bytes, sys_stackheap_outer.o(.text))
<BR><BR>[Stack]<UL><LI>Max Depth = 8 + Unknown Stack Size
<LI>Call Chain = __user_setup_stackheap
</UL>
<BR>[Calls]<UL><LI><a href="#[5e]">&gt;&gt;</a>&nbsp;&nbsp;&nbsp;__user_initial_stackheap
<LI><a href="#[5d]">&gt;&gt;</a>&nbsp;&nbsp;&nbsp;__user_perproc_libspace
</UL>
<BR>[Called By]<UL><LI><a href="#[4f]">&gt;&gt;</a>&nbsp;&nbsp;&nbsp;__rt_entry_sh
</UL>

<P><STRONG><a name="[55]"></a>exit</STRONG> (Thumb, 18 bytes, Stack size 8 bytes, exit.o(.text))
<BR><BR>[Stack]<UL><LI>Max Depth = 8 + Unknown Stack Size
<LI>Call Chain = exit
</UL>
<BR>[Calls]<UL><LI><a href="#[5f]">&gt;&gt;</a>&nbsp;&nbsp;&nbsp;__rt_exit
</UL>
<BR>[Called By]<UL><LI><a href="#[53]">&gt;&gt;</a>&nbsp;&nbsp;&nbsp;__rt_entry_main
</UL>

<P><STRONG><a name="[59]"></a>_sys_exit</STRONG> (Thumb, 8 bytes, Stack size 0 bytes, sys_exit.o(.text))
<BR><BR>[Called By]<UL><LI><a href="#[58]">&gt;&gt;</a>&nbsp;&nbsp;&nbsp;__rt_exit_exit
</UL>

<P><STRONG><a name="[173]"></a>__I$use$semihosting</STRONG> (Thumb, 0 bytes, Stack size 0 bytes, use_no_semi.o(.text), UNUSED)

<P><STRONG><a name="[174]"></a>__use_no_semihosting_swi</STRONG> (Thumb, 2 bytes, Stack size 0 bytes, use_no_semi.o(.text), UNUSED)

<P><STRONG><a name="[bc]"></a>ADC_Cmd</STRONG> (Thumb, 22 bytes, Stack size 0 bytes, stm32f10x_adc.o(i.ADC_Cmd))
<BR><BR>[Called By]<UL><LI><a href="#[61]">&gt;&gt;</a>&nbsp;&nbsp;&nbsp;RCC_Configuration
</UL>

<P><STRONG><a name="[175]"></a>__semihosting_library_function</STRONG> (Thumb, 0 bytes, Stack size 0 bytes, indicate_semi.o(.text), UNUSED)

<P><STRONG><a name="[bb]"></a>ADC_DMACmd</STRONG> (Thumb, 22 bytes, Stack size 0 bytes, stm32f10x_adc.o(i.ADC_DMACmd))
<BR><BR>[Called By]<UL><LI><a href="#[61]">&gt;&gt;</a>&nbsp;&nbsp;&nbsp;RCC_Configuration
</UL>

<P><STRONG><a name="[c0]"></a>ADC_GetCalibrationStatus</STRONG> (Thumb, 20 bytes, Stack size 0 bytes, stm32f10x_adc.o(i.ADC_GetCalibrationStatus))
<BR><BR>[Called By]<UL><LI><a href="#[61]">&gt;&gt;</a>&nbsp;&nbsp;&nbsp;RCC_Configuration
</UL>

<P><STRONG><a name="[be]"></a>ADC_GetResetCalibrationStatus</STRONG> (Thumb, 20 bytes, Stack size 0 bytes, stm32f10x_adc.o(i.ADC_GetResetCalibrationStatus))
<BR><BR>[Called By]<UL><LI><a href="#[61]">&gt;&gt;</a>&nbsp;&nbsp;&nbsp;RCC_Configuration
</UL>

<P><STRONG><a name="[b9]"></a>ADC_Init</STRONG> (Thumb, 70 bytes, Stack size 12 bytes, stm32f10x_adc.o(i.ADC_Init))
<BR><BR>[Stack]<UL><LI>Max Depth = 12<LI>Call Chain = ADC_Init
</UL>
<BR>[Called By]<UL><LI><a href="#[61]">&gt;&gt;</a>&nbsp;&nbsp;&nbsp;RCC_Configuration
</UL>

<P><STRONG><a name="[ba]"></a>ADC_RegularChannelConfig</STRONG> (Thumb, 184 bytes, Stack size 20 bytes, stm32f10x_adc.o(i.ADC_RegularChannelConfig))
<BR><BR>[Stack]<UL><LI>Max Depth = 20<LI>Call Chain = ADC_RegularChannelConfig
</UL>
<BR>[Called By]<UL><LI><a href="#[61]">&gt;&gt;</a>&nbsp;&nbsp;&nbsp;RCC_Configuration
</UL>

<P><STRONG><a name="[bd]"></a>ADC_ResetCalibration</STRONG> (Thumb, 10 bytes, Stack size 0 bytes, stm32f10x_adc.o(i.ADC_ResetCalibration))
<BR><BR>[Called By]<UL><LI><a href="#[61]">&gt;&gt;</a>&nbsp;&nbsp;&nbsp;RCC_Configuration
</UL>

<P><STRONG><a name="[c1]"></a>ADC_SoftwareStartConvCmd</STRONG> (Thumb, 22 bytes, Stack size 0 bytes, stm32f10x_adc.o(i.ADC_SoftwareStartConvCmd))
<BR><BR>[Called By]<UL><LI><a href="#[61]">&gt;&gt;</a>&nbsp;&nbsp;&nbsp;RCC_Configuration
</UL>

<P><STRONG><a name="[bf]"></a>ADC_StartCalibration</STRONG> (Thumb, 10 bytes, Stack size 0 bytes, stm32f10x_adc.o(i.ADC_StartCalibration))
<BR><BR>[Called By]<UL><LI><a href="#[61]">&gt;&gt;</a>&nbsp;&nbsp;&nbsp;RCC_Configuration
</UL>

<P><STRONG><a name="[60]"></a>ADC_init</STRONG> (Thumb, 12 bytes, Stack size 8 bytes, adc.o(i.ADC_init))
<BR><BR>[Stack]<UL><LI>Max Depth = 104<LI>Call Chain = ADC_init &rArr; RCC_Configuration &rArr; GPIO_Init
</UL>
<BR>[Calls]<UL><LI><a href="#[61]">&gt;&gt;</a>&nbsp;&nbsp;&nbsp;RCC_Configuration
<LI><a href="#[62]">&gt;&gt;</a>&nbsp;&nbsp;&nbsp;DAC_out_init
</UL>
<BR>[Called By]<UL><LI><a href="#[54]">&gt;&gt;</a>&nbsp;&nbsp;&nbsp;main
</UL>

<P><STRONG><a name="[a4]"></a>AND</STRONG> (Thumb, 100 bytes, Stack size 12 bytes, ladder.o(i.AND))
<BR><BR>[Stack]<UL><LI>Max Depth = 12<LI>Call Chain = AND
</UL>
<BR>[Called By]<UL><LI><a href="#[9a]">&gt;&gt;</a>&nbsp;&nbsp;&nbsp;PLC_ProComParse
<LI><a href="#[111]">&gt;&gt;</a>&nbsp;&nbsp;&nbsp;extend_AND_M
</UL>

<P><STRONG><a name="[63]"></a>BSP_config</STRONG> (Thumb, 424 bytes, Stack size 8 bytes, bsp.o(i.BSP_config))
<BR><BR>[Stack]<UL><LI>Max Depth = 32<LI>Call Chain = BSP_config &rArr; GPIO_Init
</UL>
<BR>[Calls]<UL><LI><a href="#[64]">&gt;&gt;</a>&nbsp;&nbsp;&nbsp;RCC_APB2PeriphClockCmd
<LI><a href="#[65]">&gt;&gt;</a>&nbsp;&nbsp;&nbsp;GPIO_Init
</UL>
<BR>[Called By]<UL><LI><a href="#[109]">&gt;&gt;</a>&nbsp;&nbsp;&nbsp;init_xy
</UL>

<P><STRONG><a name="[7]"></a>BusFault_Handler</STRONG> (Thumb, 4 bytes, Stack size 0 bytes, stm32f10x_it.o(i.BusFault_Handler))
<BR>[Address Reference Count : 1]<UL><LI> startup_stm32f10x_hd.o(RESET)
</UL>
<P><STRONG><a name="[77]"></a>DAC_Cmd</STRONG> (Thumb, 34 bytes, Stack size 0 bytes, stm32f10x_dac.o(i.DAC_Cmd))
<BR><BR>[Called By]<UL><LI><a href="#[62]">&gt;&gt;</a>&nbsp;&nbsp;&nbsp;DAC_out_init
</UL>

<P><STRONG><a name="[76]"></a>DAC_Init</STRONG> (Thumb, 46 bytes, Stack size 12 bytes, stm32f10x_dac.o(i.DAC_Init))
<BR><BR>[Stack]<UL><LI>Max Depth = 12<LI>Call Chain = DAC_Init
</UL>
<BR>[Called By]<UL><LI><a href="#[62]">&gt;&gt;</a>&nbsp;&nbsp;&nbsp;DAC_out_init
</UL>

<P><STRONG><a name="[72]"></a>DAC_SetChannel1Data</STRONG> (Thumb, 26 bytes, Stack size 8 bytes, stm32f10x_dac.o(i.DAC_SetChannel1Data))
<BR><BR>[Stack]<UL><LI>Max Depth = 8<LI>Call Chain = DAC_SetChannel1Data
</UL>
<BR>[Called By]<UL><LI><a href="#[62]">&gt;&gt;</a>&nbsp;&nbsp;&nbsp;DAC_out_init
<LI><a href="#[71]">&gt;&gt;</a>&nbsp;&nbsp;&nbsp;DAC_data
</UL>

<P><STRONG><a name="[73]"></a>DAC_SetChannel2Data</STRONG> (Thumb, 26 bytes, Stack size 8 bytes, stm32f10x_dac.o(i.DAC_SetChannel2Data))
<BR><BR>[Stack]<UL><LI>Max Depth = 8<LI>Call Chain = DAC_SetChannel2Data
</UL>
<BR>[Called By]<UL><LI><a href="#[62]">&gt;&gt;</a>&nbsp;&nbsp;&nbsp;DAC_out_init
<LI><a href="#[71]">&gt;&gt;</a>&nbsp;&nbsp;&nbsp;DAC_data
</UL>

<P><STRONG><a name="[74]"></a>DAC_SoftwareTriggerCmd</STRONG> (Thumb, 40 bytes, Stack size 8 bytes, stm32f10x_dac.o(i.DAC_SoftwareTriggerCmd))
<BR><BR>[Stack]<UL><LI>Max Depth = 8<LI>Call Chain = DAC_SoftwareTriggerCmd
</UL>
<BR>[Called By]<UL><LI><a href="#[62]">&gt;&gt;</a>&nbsp;&nbsp;&nbsp;DAC_out_init
<LI><a href="#[71]">&gt;&gt;</a>&nbsp;&nbsp;&nbsp;DAC_data
</UL>

<P><STRONG><a name="[71]"></a>DAC_data</STRONG> (Thumb, 44 bytes, Stack size 8 bytes, dac.o(i.DAC_data))
<BR><BR>[Stack]<UL><LI>Max Depth = 16<LI>Call Chain = DAC_data &rArr; DAC_SoftwareTriggerCmd
</UL>
<BR>[Calls]<UL><LI><a href="#[74]">&gt;&gt;</a>&nbsp;&nbsp;&nbsp;DAC_SoftwareTriggerCmd
<LI><a href="#[73]">&gt;&gt;</a>&nbsp;&nbsp;&nbsp;DAC_SetChannel2Data
<LI><a href="#[72]">&gt;&gt;</a>&nbsp;&nbsp;&nbsp;DAC_SetChannel1Data
</UL>
<BR>[Called By]<UL><LI><a href="#[3f]">&gt;&gt;</a>&nbsp;&nbsp;&nbsp;TIM5_IRQHandler
</UL>

<P><STRONG><a name="[62]"></a>DAC_out_init</STRONG> (Thumb, 134 bytes, Stack size 24 bytes, dac.o(i.DAC_out_init))
<BR><BR>[Stack]<UL><LI>Max Depth = 48<LI>Call Chain = DAC_out_init &rArr; GPIO_Init
</UL>
<BR>[Calls]<UL><LI><a href="#[64]">&gt;&gt;</a>&nbsp;&nbsp;&nbsp;RCC_APB2PeriphClockCmd
<LI><a href="#[75]">&gt;&gt;</a>&nbsp;&nbsp;&nbsp;RCC_APB1PeriphClockCmd
<LI><a href="#[65]">&gt;&gt;</a>&nbsp;&nbsp;&nbsp;GPIO_Init
<LI><a href="#[74]">&gt;&gt;</a>&nbsp;&nbsp;&nbsp;DAC_SoftwareTriggerCmd
<LI><a href="#[73]">&gt;&gt;</a>&nbsp;&nbsp;&nbsp;DAC_SetChannel2Data
<LI><a href="#[72]">&gt;&gt;</a>&nbsp;&nbsp;&nbsp;DAC_SetChannel1Data
<LI><a href="#[76]">&gt;&gt;</a>&nbsp;&nbsp;&nbsp;DAC_Init
<LI><a href="#[77]">&gt;&gt;</a>&nbsp;&nbsp;&nbsp;DAC_Cmd
</UL>
<BR>[Called By]<UL><LI><a href="#[60]">&gt;&gt;</a>&nbsp;&nbsp;&nbsp;ADC_init
</UL>

<P><STRONG><a name="[b8]"></a>DMA_Cmd</STRONG> (Thumb, 22 bytes, Stack size 0 bytes, stm32f10x_dma.o(i.DMA_Cmd))
<BR><BR>[Called By]<UL><LI><a href="#[61]">&gt;&gt;</a>&nbsp;&nbsp;&nbsp;RCC_Configuration
</UL>

<P><STRONG><a name="[b6]"></a>DMA_DeInit</STRONG> (Thumb, 322 bytes, Stack size 0 bytes, stm32f10x_dma.o(i.DMA_DeInit))
<BR><BR>[Called By]<UL><LI><a href="#[61]">&gt;&gt;</a>&nbsp;&nbsp;&nbsp;RCC_Configuration
</UL>

<P><STRONG><a name="[b7]"></a>DMA_Init</STRONG> (Thumb, 60 bytes, Stack size 8 bytes, stm32f10x_dma.o(i.DMA_Init))
<BR><BR>[Stack]<UL><LI>Max Depth = 8<LI>Call Chain = DMA_Init
</UL>
<BR>[Called By]<UL><LI><a href="#[61]">&gt;&gt;</a>&nbsp;&nbsp;&nbsp;RCC_Configuration
</UL>

<P><STRONG><a name="[a]"></a>DebugMon_Handler</STRONG> (Thumb, 2 bytes, Stack size 0 bytes, stm32f10x_it.o(i.DebugMon_Handler))
<BR>[Address Reference Count : 1]<UL><LI> startup_stm32f10x_hd.o(RESET)
</UL>
<P><STRONG><a name="[8b]"></a>EPC_FORCE_OFF</STRONG> (Thumb, 64 bytes, Stack size 0 bytes, usart_com.o(i.EPC_FORCE_OFF))
<BR><BR>[Called By]<UL><LI><a href="#[89]">&gt;&gt;</a>&nbsp;&nbsp;&nbsp;PC_OPTION_PROG
</UL>

<P><STRONG><a name="[8a]"></a>EPC_FORCE_ON</STRONG> (Thumb, 130 bytes, Stack size 0 bytes, usart_com.o(i.EPC_FORCE_ON))
<BR><BR>[Called By]<UL><LI><a href="#[89]">&gt;&gt;</a>&nbsp;&nbsp;&nbsp;PC_OPTION_PROG
</UL>

<P><STRONG><a name="[7b]"></a>FLASH_ErasePage</STRONG> (Thumb, 76 bytes, Stack size 12 bytes, stm32f10x_flash.o(i.FLASH_ErasePage))
<BR><BR>[Stack]<UL><LI>Max Depth = 16<LI>Call Chain = FLASH_ErasePage &rArr; FLASH_WaitForLastOperation
</UL>
<BR>[Calls]<UL><LI><a href="#[7c]">&gt;&gt;</a>&nbsp;&nbsp;&nbsp;FLASH_WaitForLastOperation
</UL>
<BR>[Called By]<UL><LI><a href="#[fb]">&gt;&gt;</a>&nbsp;&nbsp;&nbsp;write_data
<LI><a href="#[98]">&gt;&gt;</a>&nbsp;&nbsp;&nbsp;write_block
</UL>

<P><STRONG><a name="[7e]"></a>FLASH_GetBank1Status</STRONG> (Thumb, 48 bytes, Stack size 0 bytes, stm32f10x_flash.o(i.FLASH_GetBank1Status))
<BR><BR>[Called By]<UL><LI><a href="#[7c]">&gt;&gt;</a>&nbsp;&nbsp;&nbsp;FLASH_WaitForLastOperation
</UL>

<P><STRONG><a name="[f6]"></a>FLASH_Lock</STRONG> (Thumb, 14 bytes, Stack size 0 bytes, stm32f10x_flash.o(i.FLASH_Lock))
<BR><BR>[Called By]<UL><LI><a href="#[fb]">&gt;&gt;</a>&nbsp;&nbsp;&nbsp;write_data
<LI><a href="#[98]">&gt;&gt;</a>&nbsp;&nbsp;&nbsp;write_block
<LI><a href="#[92]">&gt;&gt;</a>&nbsp;&nbsp;&nbsp;all_flash_lock
</UL>

<P><STRONG><a name="[7d]"></a>FLASH_ProgramHalfWord</STRONG> (Thumb, 64 bytes, Stack size 16 bytes, stm32f10x_flash.o(i.FLASH_ProgramHalfWord))
<BR><BR>[Stack]<UL><LI>Max Depth = 20<LI>Call Chain = FLASH_ProgramHalfWord &rArr; FLASH_WaitForLastOperation
</UL>
<BR>[Calls]<UL><LI><a href="#[7c]">&gt;&gt;</a>&nbsp;&nbsp;&nbsp;FLASH_WaitForLastOperation
</UL>
<BR>[Called By]<UL><LI><a href="#[fb]">&gt;&gt;</a>&nbsp;&nbsp;&nbsp;write_data
<LI><a href="#[98]">&gt;&gt;</a>&nbsp;&nbsp;&nbsp;write_block
</UL>

<P><STRONG><a name="[146]"></a>FLASH_Unlock</STRONG> (Thumb, 12 bytes, Stack size 0 bytes, stm32f10x_flash.o(i.FLASH_Unlock))
<BR><BR>[Called By]<UL><LI><a href="#[fb]">&gt;&gt;</a>&nbsp;&nbsp;&nbsp;write_data
<LI><a href="#[98]">&gt;&gt;</a>&nbsp;&nbsp;&nbsp;write_block
</UL>

<P><STRONG><a name="[7c]"></a>FLASH_WaitForLastOperation</STRONG> (Thumb, 38 bytes, Stack size 4 bytes, stm32f10x_flash.o(i.FLASH_WaitForLastOperation))
<BR><BR>[Stack]<UL><LI>Max Depth = 4<LI>Call Chain = FLASH_WaitForLastOperation
</UL>
<BR>[Calls]<UL><LI><a href="#[7e]">&gt;&gt;</a>&nbsp;&nbsp;&nbsp;FLASH_GetBank1Status
</UL>
<BR>[Called By]<UL><LI><a href="#[7d]">&gt;&gt;</a>&nbsp;&nbsp;&nbsp;FLASH_ProgramHalfWord
<LI><a href="#[7b]">&gt;&gt;</a>&nbsp;&nbsp;&nbsp;FLASH_ErasePage
</UL>

<P><STRONG><a name="[65]"></a>GPIO_Init</STRONG> (Thumb, 278 bytes, Stack size 24 bytes, stm32f10x_gpio.o(i.GPIO_Init))
<BR><BR>[Stack]<UL><LI>Max Depth = 24<LI>Call Chain = GPIO_Init
</UL>
<BR>[Called By]<UL><LI><a href="#[61]">&gt;&gt;</a>&nbsp;&nbsp;&nbsp;RCC_Configuration
<LI><a href="#[62]">&gt;&gt;</a>&nbsp;&nbsp;&nbsp;DAC_out_init
<LI><a href="#[137]">&gt;&gt;</a>&nbsp;&nbsp;&nbsp;usart_init
<LI><a href="#[63]">&gt;&gt;</a>&nbsp;&nbsp;&nbsp;BSP_config
</UL>

<P><STRONG><a name="[5]"></a>HardFault_Handler</STRONG> (Thumb, 4 bytes, Stack size 0 bytes, stm32f10x_it.o(i.HardFault_Handler))
<BR>[Address Reference Count : 1]<UL><LI> startup_stm32f10x_hd.o(RESET)
</UL>
<P><STRONG><a name="[82]"></a>MYRCC_DeInit</STRONG> (Thumb, 90 bytes, Stack size 4 bytes, sys.o(i.MYRCC_DeInit))
<BR><BR>[Stack]<UL><LI>Max Depth = 4<LI>Call Chain = MYRCC_DeInit
</UL>
<BR>[Calls]<UL><LI><a href="#[83]">&gt;&gt;</a>&nbsp;&nbsp;&nbsp;MY_NVIC_SetVectorTable
</UL>
<BR>[Called By]<UL><LI><a href="#[d4]">&gt;&gt;</a>&nbsp;&nbsp;&nbsp;Stm32_Clock_Init
</UL>

<P><STRONG><a name="[83]"></a>MY_NVIC_SetVectorTable</STRONG> (Thumb, 12 bytes, Stack size 0 bytes, sys.o(i.MY_NVIC_SetVectorTable))
<BR><BR>[Called By]<UL><LI><a href="#[82]">&gt;&gt;</a>&nbsp;&nbsp;&nbsp;MYRCC_DeInit
</UL>

<P><STRONG><a name="[6]"></a>MemManage_Handler</STRONG> (Thumb, 4 bytes, Stack size 0 bytes, stm32f10x_it.o(i.MemManage_Handler))
<BR>[Address Reference Count : 1]<UL><LI> startup_stm32f10x_hd.o(RESET)
</UL>
<P><STRONG><a name="[4]"></a>NMI_Handler</STRONG> (Thumb, 2 bytes, Stack size 0 bytes, stm32f10x_it.o(i.NMI_Handler))
<BR>[Address Reference Count : 1]<UL><LI> startup_stm32f10x_hd.o(RESET)
</UL>
<P><STRONG><a name="[85]"></a>NVIC_Configuration</STRONG> (Thumb, 82 bytes, Stack size 8 bytes, irq.o(i.NVIC_Configuration))
<BR><BR>[Stack]<UL><LI>Max Depth = 24<LI>Call Chain = NVIC_Configuration &rArr; NVIC_Init
</UL>
<BR>[Calls]<UL><LI><a href="#[86]">&gt;&gt;</a>&nbsp;&nbsp;&nbsp;NVIC_SetVectorTable
<LI><a href="#[87]">&gt;&gt;</a>&nbsp;&nbsp;&nbsp;NVIC_PriorityGroupConfig
<LI><a href="#[88]">&gt;&gt;</a>&nbsp;&nbsp;&nbsp;NVIC_Init
</UL>
<BR>[Called By]<UL><LI><a href="#[54]">&gt;&gt;</a>&nbsp;&nbsp;&nbsp;main
</UL>

<P><STRONG><a name="[88]"></a>NVIC_Init</STRONG> (Thumb, 100 bytes, Stack size 16 bytes, misc.o(i.NVIC_Init))
<BR><BR>[Stack]<UL><LI>Max Depth = 16<LI>Call Chain = NVIC_Init
</UL>
<BR>[Called By]<UL><LI><a href="#[85]">&gt;&gt;</a>&nbsp;&nbsp;&nbsp;NVIC_Configuration
</UL>

<P><STRONG><a name="[87]"></a>NVIC_PriorityGroupConfig</STRONG> (Thumb, 10 bytes, Stack size 0 bytes, misc.o(i.NVIC_PriorityGroupConfig))
<BR><BR>[Called By]<UL><LI><a href="#[85]">&gt;&gt;</a>&nbsp;&nbsp;&nbsp;NVIC_Configuration
</UL>

<P><STRONG><a name="[86]"></a>NVIC_SetVectorTable</STRONG> (Thumb, 12 bytes, Stack size 0 bytes, misc.o(i.NVIC_SetVectorTable))
<BR><BR>[Called By]<UL><LI><a href="#[85]">&gt;&gt;</a>&nbsp;&nbsp;&nbsp;NVIC_Configuration
</UL>

<P><STRONG><a name="[b4]"></a>PC_FORCE_OFF</STRONG> (Thumb, 84 bytes, Stack size 0 bytes, usart_com.o(i.PC_FORCE_OFF))
<BR><BR>[Called By]<UL><LI><a href="#[ae]">&gt;&gt;</a>&nbsp;&nbsp;&nbsp;Process_switch
</UL>

<P><STRONG><a name="[b3]"></a>PC_FORCE_ON</STRONG> (Thumb, 76 bytes, Stack size 0 bytes, usart_com.o(i.PC_FORCE_ON))
<BR><BR>[Called By]<UL><LI><a href="#[ae]">&gt;&gt;</a>&nbsp;&nbsp;&nbsp;Process_switch
</UL>

<P><STRONG><a name="[89]"></a>PC_OPTION_PROG</STRONG> (Thumb, 220 bytes, Stack size 8 bytes, usart_com.o(i.PC_OPTION_PROG))
<BR><BR>[Stack]<UL><LI>Max Depth = 116<LI>Call Chain = PC_OPTION_PROG &rArr; online_write_data &rArr; mov_flash &rArr; write_block &rArr; FLASH_ProgramHalfWord &rArr; FLASH_WaitForLastOperation
</UL>
<BR>[Calls]<UL><LI><a href="#[8c]">&gt;&gt;</a>&nbsp;&nbsp;&nbsp;setup_LH
<LI><a href="#[94]">&gt;&gt;</a>&nbsp;&nbsp;&nbsp;online_write_data
<LI><a href="#[93]">&gt;&gt;</a>&nbsp;&nbsp;&nbsp;find_data_address
<LI><a href="#[91]">&gt;&gt;</a>&nbsp;&nbsp;&nbsp;all_flash_unlock
<LI><a href="#[92]">&gt;&gt;</a>&nbsp;&nbsp;&nbsp;all_flash_lock
<LI><a href="#[8e]">&gt;&gt;</a>&nbsp;&nbsp;&nbsp;PC_WRITE_Parameter
<LI><a href="#[90]">&gt;&gt;</a>&nbsp;&nbsp;&nbsp;PC_WRITE_PORG
<LI><a href="#[8d]">&gt;&gt;</a>&nbsp;&nbsp;&nbsp;PC_READ_Parameter
<LI><a href="#[8f]">&gt;&gt;</a>&nbsp;&nbsp;&nbsp;PC_READ_PORG
<LI><a href="#[8a]">&gt;&gt;</a>&nbsp;&nbsp;&nbsp;EPC_FORCE_ON
<LI><a href="#[8b]">&gt;&gt;</a>&nbsp;&nbsp;&nbsp;EPC_FORCE_OFF
</UL>
<BR>[Called By]<UL><LI><a href="#[ae]">&gt;&gt;</a>&nbsp;&nbsp;&nbsp;Process_switch
</UL>

<P><STRONG><a name="[8f]"></a>PC_READ_PORG</STRONG> (Thumb, 336 bytes, Stack size 12 bytes, usart_com.o(i.PC_READ_PORG))
<BR><BR>[Stack]<UL><LI>Max Depth = 12<LI>Call Chain = PC_READ_PORG
</UL>
<BR>[Called By]<UL><LI><a href="#[89]">&gt;&gt;</a>&nbsp;&nbsp;&nbsp;PC_OPTION_PROG
</UL>

<P><STRONG><a name="[8d]"></a>PC_READ_Parameter</STRONG> (Thumb, 786 bytes, Stack size 36 bytes, usart_com.o(i.PC_READ_Parameter))
<BR><BR>[Stack]<UL><LI>Max Depth = 36<LI>Call Chain = PC_READ_Parameter
</UL>
<BR>[Called By]<UL><LI><a href="#[89]">&gt;&gt;</a>&nbsp;&nbsp;&nbsp;PC_OPTION_PROG
</UL>

<P><STRONG><a name="[95]"></a>PC_READ_byte</STRONG> (Thumb, 52 bytes, Stack size 4 bytes, usart_com.o(i.PC_READ_byte))
<BR><BR>[Stack]<UL><LI>Max Depth = 16<LI>Call Chain = PC_READ_byte &rArr; read_plc_tyte
</UL>
<BR>[Calls]<UL><LI><a href="#[96]">&gt;&gt;</a>&nbsp;&nbsp;&nbsp;read_plc_tyte
<LI><a href="#[97]">&gt;&gt;</a>&nbsp;&nbsp;&nbsp;read_other_data
</UL>
<BR>[Called By]<UL><LI><a href="#[ae]">&gt;&gt;</a>&nbsp;&nbsp;&nbsp;Process_switch
</UL>

<P><STRONG><a name="[90]"></a>PC_WRITE_PORG</STRONG> (Thumb, 234 bytes, Stack size 8 bytes, usart_com.o(i.PC_WRITE_PORG))
<BR><BR>[Stack]<UL><LI>Max Depth = 52<LI>Call Chain = PC_WRITE_PORG &rArr; write_block &rArr; FLASH_ProgramHalfWord &rArr; FLASH_WaitForLastOperation
</UL>
<BR>[Calls]<UL><LI><a href="#[98]">&gt;&gt;</a>&nbsp;&nbsp;&nbsp;write_block
<LI><a href="#[99]">&gt;&gt;</a>&nbsp;&nbsp;&nbsp;backup_block
</UL>
<BR>[Called By]<UL><LI><a href="#[89]">&gt;&gt;</a>&nbsp;&nbsp;&nbsp;PC_OPTION_PROG
</UL>

<P><STRONG><a name="[8e]"></a>PC_WRITE_Parameter</STRONG> (Thumb, 234 bytes, Stack size 8 bytes, usart_com.o(i.PC_WRITE_Parameter))
<BR><BR>[Stack]<UL><LI>Max Depth = 52<LI>Call Chain = PC_WRITE_Parameter &rArr; write_block &rArr; FLASH_ProgramHalfWord &rArr; FLASH_WaitForLastOperation
</UL>
<BR>[Calls]<UL><LI><a href="#[98]">&gt;&gt;</a>&nbsp;&nbsp;&nbsp;write_block
<LI><a href="#[99]">&gt;&gt;</a>&nbsp;&nbsp;&nbsp;backup_block
</UL>
<BR>[Called By]<UL><LI><a href="#[89]">&gt;&gt;</a>&nbsp;&nbsp;&nbsp;PC_OPTION_PROG
</UL>

<P><STRONG><a name="[b0]"></a>PC_WRITE_byte</STRONG> (Thumb, 68 bytes, Stack size 0 bytes, usart_com.o(i.PC_WRITE_byte))
<BR><BR>[Called By]<UL><LI><a href="#[ae]">&gt;&gt;</a>&nbsp;&nbsp;&nbsp;Process_switch
</UL>

<P><STRONG><a name="[9a]"></a>PLC_ProComParse</STRONG> (Thumb, 4324 bytes, Stack size 24 bytes, ladder.o(i.PLC_ProComParse))
<BR><BR>[Stack]<UL><LI>Max Depth = 120<LI>Call Chain = PLC_ProComParse &rArr; extend_function &rArr; SQR &rArr; sqrt &rArr; _dsqrt &rArr; __fpl_dnaninf
</UL>
<BR>[Calls]<UL><LI><a href="#[9c]">&gt;&gt;</a>&nbsp;&nbsp;&nbsp;force_set
<LI><a href="#[9d]">&gt;&gt;</a>&nbsp;&nbsp;&nbsp;force_reset
<LI><a href="#[ad]">&gt;&gt;</a>&nbsp;&nbsp;&nbsp;RST_T_D_C_M_data
<LI><a href="#[9f]">&gt;&gt;</a>&nbsp;&nbsp;&nbsp;find_toend
<LI><a href="#[9e]">&gt;&gt;</a>&nbsp;&nbsp;&nbsp;find_p
<LI><a href="#[9b]">&gt;&gt;</a>&nbsp;&nbsp;&nbsp;RST_Y
<LI><a href="#[a4]">&gt;&gt;</a>&nbsp;&nbsp;&nbsp;AND
<LI><a href="#[ab]">&gt;&gt;</a>&nbsp;&nbsp;&nbsp;other_function
<LI><a href="#[a0]">&gt;&gt;</a>&nbsp;&nbsp;&nbsp;operation_T
<LI><a href="#[a1]">&gt;&gt;</a>&nbsp;&nbsp;&nbsp;operation_C
<LI><a href="#[ac]">&gt;&gt;</a>&nbsp;&nbsp;&nbsp;extend_function
<LI><a href="#[aa]">&gt;&gt;</a>&nbsp;&nbsp;&nbsp;RST
<LI><a href="#[a8]">&gt;&gt;</a>&nbsp;&nbsp;&nbsp;OUT
<LI><a href="#[a7]">&gt;&gt;</a>&nbsp;&nbsp;&nbsp;ORI
<LI><a href="#[a6]">&gt;&gt;</a>&nbsp;&nbsp;&nbsp;OR
<LI><a href="#[a3]">&gt;&gt;</a>&nbsp;&nbsp;&nbsp;LDI
<LI><a href="#[a2]">&gt;&gt;</a>&nbsp;&nbsp;&nbsp;LD
<LI><a href="#[a9]">&gt;&gt;</a>&nbsp;&nbsp;&nbsp;BIT_SET
<LI><a href="#[a5]">&gt;&gt;</a>&nbsp;&nbsp;&nbsp;ANI
</UL>
<BR>[Called By]<UL><LI><a href="#[54]">&gt;&gt;</a>&nbsp;&nbsp;&nbsp;main
</UL>

<P><STRONG><a name="[b]"></a>PendSV_Handler</STRONG> (Thumb, 2 bytes, Stack size 0 bytes, stm32f10x_it.o(i.PendSV_Handler))
<BR>[Address Reference Count : 1]<UL><LI> startup_stm32f10x_hd.o(RESET)
</UL>
<P><STRONG><a name="[ae]"></a>Process_switch</STRONG> (Thumb, 154 bytes, Stack size 8 bytes, usart_com.o(i.Process_switch))
<BR><BR>[Stack]<UL><LI>Max Depth = 124<LI>Call Chain = Process_switch &rArr; PC_OPTION_PROG &rArr; online_write_data &rArr; mov_flash &rArr; write_block &rArr; FLASH_ProgramHalfWord &rArr; FLASH_WaitForLastOperation
</UL>
<BR>[Calls]<UL><LI><a href="#[af]">&gt;&gt;</a>&nbsp;&nbsp;&nbsp;switch_read_data
<LI><a href="#[b2]">&gt;&gt;</a>&nbsp;&nbsp;&nbsp;setup_HL
<LI><a href="#[b1]">&gt;&gt;</a>&nbsp;&nbsp;&nbsp;find_end
<LI><a href="#[92]">&gt;&gt;</a>&nbsp;&nbsp;&nbsp;all_flash_lock
<LI><a href="#[b0]">&gt;&gt;</a>&nbsp;&nbsp;&nbsp;PC_WRITE_byte
<LI><a href="#[95]">&gt;&gt;</a>&nbsp;&nbsp;&nbsp;PC_READ_byte
<LI><a href="#[89]">&gt;&gt;</a>&nbsp;&nbsp;&nbsp;PC_OPTION_PROG
<LI><a href="#[b3]">&gt;&gt;</a>&nbsp;&nbsp;&nbsp;PC_FORCE_ON
<LI><a href="#[b4]">&gt;&gt;</a>&nbsp;&nbsp;&nbsp;PC_FORCE_OFF
</UL>
<BR>[Called By]<UL><LI><a href="#[54]">&gt;&gt;</a>&nbsp;&nbsp;&nbsp;main
</UL>

<P><STRONG><a name="[b5]"></a>RCC_AHBPeriphClockCmd</STRONG> (Thumb, 26 bytes, Stack size 0 bytes, stm32f10x_rcc.o(i.RCC_AHBPeriphClockCmd))
<BR><BR>[Called By]<UL><LI><a href="#[61]">&gt;&gt;</a>&nbsp;&nbsp;&nbsp;RCC_Configuration
</UL>

<P><STRONG><a name="[75]"></a>RCC_APB1PeriphClockCmd</STRONG> (Thumb, 26 bytes, Stack size 0 bytes, stm32f10x_rcc.o(i.RCC_APB1PeriphClockCmd))
<BR><BR>[Called By]<UL><LI><a href="#[62]">&gt;&gt;</a>&nbsp;&nbsp;&nbsp;DAC_out_init
<LI><a href="#[de]">&gt;&gt;</a>&nbsp;&nbsp;&nbsp;TIM5_Init
</UL>

<P><STRONG><a name="[64]"></a>RCC_APB2PeriphClockCmd</STRONG> (Thumb, 26 bytes, Stack size 0 bytes, stm32f10x_rcc.o(i.RCC_APB2PeriphClockCmd))
<BR><BR>[Called By]<UL><LI><a href="#[61]">&gt;&gt;</a>&nbsp;&nbsp;&nbsp;RCC_Configuration
<LI><a href="#[62]">&gt;&gt;</a>&nbsp;&nbsp;&nbsp;DAC_out_init
<LI><a href="#[137]">&gt;&gt;</a>&nbsp;&nbsp;&nbsp;usart_init
<LI><a href="#[63]">&gt;&gt;</a>&nbsp;&nbsp;&nbsp;BSP_config
</UL>

<P><STRONG><a name="[61]"></a>RCC_Configuration</STRONG> (Thumb, 254 bytes, Stack size 72 bytes, adc.o(i.RCC_Configuration))
<BR><BR>[Stack]<UL><LI>Max Depth = 96<LI>Call Chain = RCC_Configuration &rArr; GPIO_Init
</UL>
<BR>[Calls]<UL><LI><a href="#[b5]">&gt;&gt;</a>&nbsp;&nbsp;&nbsp;RCC_AHBPeriphClockCmd
<LI><a href="#[b7]">&gt;&gt;</a>&nbsp;&nbsp;&nbsp;DMA_Init
<LI><a href="#[b6]">&gt;&gt;</a>&nbsp;&nbsp;&nbsp;DMA_DeInit
<LI><a href="#[b8]">&gt;&gt;</a>&nbsp;&nbsp;&nbsp;DMA_Cmd
<LI><a href="#[bf]">&gt;&gt;</a>&nbsp;&nbsp;&nbsp;ADC_StartCalibration
<LI><a href="#[c1]">&gt;&gt;</a>&nbsp;&nbsp;&nbsp;ADC_SoftwareStartConvCmd
<LI><a href="#[bd]">&gt;&gt;</a>&nbsp;&nbsp;&nbsp;ADC_ResetCalibration
<LI><a href="#[ba]">&gt;&gt;</a>&nbsp;&nbsp;&nbsp;ADC_RegularChannelConfig
<LI><a href="#[b9]">&gt;&gt;</a>&nbsp;&nbsp;&nbsp;ADC_Init
<LI><a href="#[be]">&gt;&gt;</a>&nbsp;&nbsp;&nbsp;ADC_GetResetCalibrationStatus
<LI><a href="#[c0]">&gt;&gt;</a>&nbsp;&nbsp;&nbsp;ADC_GetCalibrationStatus
<LI><a href="#[bb]">&gt;&gt;</a>&nbsp;&nbsp;&nbsp;ADC_DMACmd
<LI><a href="#[bc]">&gt;&gt;</a>&nbsp;&nbsp;&nbsp;ADC_Cmd
<LI><a href="#[64]">&gt;&gt;</a>&nbsp;&nbsp;&nbsp;RCC_APB2PeriphClockCmd
<LI><a href="#[65]">&gt;&gt;</a>&nbsp;&nbsp;&nbsp;GPIO_Init
</UL>
<BR>[Called By]<UL><LI><a href="#[60]">&gt;&gt;</a>&nbsp;&nbsp;&nbsp;ADC_init
</UL>

<P><STRONG><a name="[ef]"></a>RCC_GetClocksFreq</STRONG> (Thumb, 192 bytes, Stack size 12 bytes, stm32f10x_rcc.o(i.RCC_GetClocksFreq))
<BR><BR>[Stack]<UL><LI>Max Depth = 12<LI>Call Chain = RCC_GetClocksFreq
</UL>
<BR>[Called By]<UL><LI><a href="#[ee]">&gt;&gt;</a>&nbsp;&nbsp;&nbsp;USART_Init
</UL>

<P><STRONG><a name="[ad]"></a>RST_T_D_C_M_data</STRONG> (Thumb, 192 bytes, Stack size 0 bytes, usart_com.o(i.RST_T_D_C_M_data))
<BR><BR>[Called By]<UL><LI><a href="#[9a]">&gt;&gt;</a>&nbsp;&nbsp;&nbsp;PLC_ProComParse
</UL>

<P><STRONG><a name="[9b]"></a>RST_Y</STRONG> (Thumb, 58 bytes, Stack size 0 bytes, ladder.o(i.RST_Y))
<BR><BR>[Called By]<UL><LI><a href="#[9a]">&gt;&gt;</a>&nbsp;&nbsp;&nbsp;PLC_ProComParse
</UL>

<P><STRONG><a name="[ca]"></a>RX_Process</STRONG> (Thumb, 176 bytes, Stack size 8 bytes, usart_com.o(i.RX_Process))
<BR><BR>[Stack]<UL><LI>Max Depth = 24<LI>Call Chain = RX_Process &rArr; rx_data_sum
</UL>
<BR>[Calls]<UL><LI><a href="#[cb]">&gt;&gt;</a>&nbsp;&nbsp;&nbsp;USART_ReceiveData
<LI><a href="#[cc]">&gt;&gt;</a>&nbsp;&nbsp;&nbsp;rx_data_sum
</UL>
<BR>[Called By]<UL><LI><a href="#[32]">&gt;&gt;</a>&nbsp;&nbsp;&nbsp;USART1_IRQHandler
</UL>

<P><STRONG><a name="[9]"></a>SVC_Handler</STRONG> (Thumb, 2 bytes, Stack size 0 bytes, stm32f10x_it.o(i.SVC_Handler))
<BR>[Address Reference Count : 1]<UL><LI> startup_stm32f10x_hd.o(RESET)
</UL>
<P><STRONG><a name="[d4]"></a>Stm32_Clock_Init</STRONG> (Thumb, 134 bytes, Stack size 12 bytes, sys.o(i.Stm32_Clock_Init))
<BR><BR>[Stack]<UL><LI>Max Depth = 16<LI>Call Chain = Stm32_Clock_Init &rArr; MYRCC_DeInit
</UL>
<BR>[Calls]<UL><LI><a href="#[82]">&gt;&gt;</a>&nbsp;&nbsp;&nbsp;MYRCC_DeInit
</UL>
<BR>[Called By]<UL><LI><a href="#[54]">&gt;&gt;</a>&nbsp;&nbsp;&nbsp;main
</UL>

<P><STRONG><a name="[d5]"></a>SystemInit</STRONG> (Thumb, 70 bytes, Stack size 8 bytes, system_stm32f10x.o(i.SystemInit), UNUSED)
<BR><BR>[Calls]<UL><LI><a href="#[d2]">&gt;&gt;</a>&nbsp;&nbsp;&nbsp;SetSysClock
</UL>

<P><STRONG><a name="[3f]"></a>TIM5_IRQHandler</STRONG> (Thumb, 302 bytes, Stack size 8 bytes, clk.o(i.TIM5_IRQHandler))
<BR><BR>[Stack]<UL><LI>Max Depth = 24<LI>Call Chain = TIM5_IRQHandler &rArr; DAC_data &rArr; DAC_SoftwareTriggerCmd
</UL>
<BR>[Calls]<UL><LI><a href="#[dd]">&gt;&gt;</a>&nbsp;&nbsp;&nbsp;x_filter
<LI><a href="#[9c]">&gt;&gt;</a>&nbsp;&nbsp;&nbsp;force_set
<LI><a href="#[9d]">&gt;&gt;</a>&nbsp;&nbsp;&nbsp;force_reset
<LI><a href="#[d6]">&gt;&gt;</a>&nbsp;&nbsp;&nbsp;TIM_GetITStatus
<LI><a href="#[d7]">&gt;&gt;</a>&nbsp;&nbsp;&nbsp;TIM_ClearITPendingBit
<LI><a href="#[db]">&gt;&gt;</a>&nbsp;&nbsp;&nbsp;T_H100MS
<LI><a href="#[d8]">&gt;&gt;</a>&nbsp;&nbsp;&nbsp;T_1MS
<LI><a href="#[d9]">&gt;&gt;</a>&nbsp;&nbsp;&nbsp;T_10MS
<LI><a href="#[da]">&gt;&gt;</a>&nbsp;&nbsp;&nbsp;T_100MS
<LI><a href="#[dc]">&gt;&gt;</a>&nbsp;&nbsp;&nbsp;filter
<LI><a href="#[71]">&gt;&gt;</a>&nbsp;&nbsp;&nbsp;DAC_data
</UL>
<BR>[Address Reference Count : 1]<UL><LI> startup_stm32f10x_hd.o(RESET)
</UL>
<P><STRONG><a name="[de]"></a>TIM5_Init</STRONG> (Thumb, 70 bytes, Stack size 16 bytes, clk.o(i.TIM5_Init))
<BR><BR>[Stack]<UL><LI>Max Depth = 16<LI>Call Chain = TIM5_Init
</UL>
<BR>[Calls]<UL><LI><a href="#[df]">&gt;&gt;</a>&nbsp;&nbsp;&nbsp;TIM_TimeBaseInit
<LI><a href="#[e0]">&gt;&gt;</a>&nbsp;&nbsp;&nbsp;TIM_ITConfig
<LI><a href="#[e1]">&gt;&gt;</a>&nbsp;&nbsp;&nbsp;TIM_Cmd
<LI><a href="#[d7]">&gt;&gt;</a>&nbsp;&nbsp;&nbsp;TIM_ClearITPendingBit
<LI><a href="#[75]">&gt;&gt;</a>&nbsp;&nbsp;&nbsp;RCC_APB1PeriphClockCmd
</UL>
<BR>[Called By]<UL><LI><a href="#[54]">&gt;&gt;</a>&nbsp;&nbsp;&nbsp;main
</UL>

<P><STRONG><a name="[d7]"></a>TIM_ClearITPendingBit</STRONG> (Thumb, 6 bytes, Stack size 0 bytes, stm32f10x_tim.o(i.TIM_ClearITPendingBit))
<BR><BR>[Called By]<UL><LI><a href="#[3f]">&gt;&gt;</a>&nbsp;&nbsp;&nbsp;TIM5_IRQHandler
<LI><a href="#[de]">&gt;&gt;</a>&nbsp;&nbsp;&nbsp;TIM5_Init
</UL>

<P><STRONG><a name="[e1]"></a>TIM_Cmd</STRONG> (Thumb, 24 bytes, Stack size 0 bytes, stm32f10x_tim.o(i.TIM_Cmd))
<BR><BR>[Called By]<UL><LI><a href="#[de]">&gt;&gt;</a>&nbsp;&nbsp;&nbsp;TIM5_Init
</UL>

<P><STRONG><a name="[d6]"></a>TIM_GetITStatus</STRONG> (Thumb, 34 bytes, Stack size 12 bytes, stm32f10x_tim.o(i.TIM_GetITStatus))
<BR><BR>[Stack]<UL><LI>Max Depth = 12<LI>Call Chain = TIM_GetITStatus
</UL>
<BR>[Called By]<UL><LI><a href="#[3f]">&gt;&gt;</a>&nbsp;&nbsp;&nbsp;TIM5_IRQHandler
</UL>

<P><STRONG><a name="[e0]"></a>TIM_ITConfig</STRONG> (Thumb, 18 bytes, Stack size 0 bytes, stm32f10x_tim.o(i.TIM_ITConfig))
<BR><BR>[Called By]<UL><LI><a href="#[de]">&gt;&gt;</a>&nbsp;&nbsp;&nbsp;TIM5_Init
</UL>

<P><STRONG><a name="[df]"></a>TIM_TimeBaseInit</STRONG> (Thumb, 122 bytes, Stack size 0 bytes, stm32f10x_tim.o(i.TIM_TimeBaseInit))
<BR><BR>[Called By]<UL><LI><a href="#[de]">&gt;&gt;</a>&nbsp;&nbsp;&nbsp;TIM5_Init
</UL>

<P><STRONG><a name="[e2]"></a>TX_Process</STRONG> (Thumb, 92 bytes, Stack size 8 bytes, usart_com.o(i.TX_Process))
<BR><BR>[Stack]<UL><LI>Max Depth = 28<LI>Call Chain = TX_Process &rArr; USART_ITConfig
</UL>
<BR>[Calls]<UL><LI><a href="#[e3]">&gt;&gt;</a>&nbsp;&nbsp;&nbsp;USART_SendData
<LI><a href="#[e4]">&gt;&gt;</a>&nbsp;&nbsp;&nbsp;USART_ITConfig
</UL>
<BR>[Called By]<UL><LI><a href="#[54]">&gt;&gt;</a>&nbsp;&nbsp;&nbsp;main
<LI><a href="#[32]">&gt;&gt;</a>&nbsp;&nbsp;&nbsp;USART1_IRQHandler
</UL>

<P><STRONG><a name="[da]"></a>T_100MS</STRONG> (Thumb, 130 bytes, Stack size 12 bytes, clk.o(i.T_100MS))
<BR><BR>[Stack]<UL><LI>Max Depth = 12<LI>Call Chain = T_100MS
</UL>
<BR>[Called By]<UL><LI><a href="#[3f]">&gt;&gt;</a>&nbsp;&nbsp;&nbsp;TIM5_IRQHandler
</UL>

<P><STRONG><a name="[d9]"></a>T_10MS</STRONG> (Thumb, 130 bytes, Stack size 12 bytes, clk.o(i.T_10MS))
<BR><BR>[Stack]<UL><LI>Max Depth = 12<LI>Call Chain = T_10MS
</UL>
<BR>[Called By]<UL><LI><a href="#[3f]">&gt;&gt;</a>&nbsp;&nbsp;&nbsp;TIM5_IRQHandler
</UL>

<P><STRONG><a name="[d8]"></a>T_1MS</STRONG> (Thumb, 130 bytes, Stack size 12 bytes, clk.o(i.T_1MS))
<BR><BR>[Stack]<UL><LI>Max Depth = 12<LI>Call Chain = T_1MS
</UL>
<BR>[Called By]<UL><LI><a href="#[3f]">&gt;&gt;</a>&nbsp;&nbsp;&nbsp;TIM5_IRQHandler
</UL>

<P><STRONG><a name="[db]"></a>T_H100MS</STRONG> (Thumb, 130 bytes, Stack size 12 bytes, clk.o(i.T_H100MS))
<BR><BR>[Stack]<UL><LI>Max Depth = 12<LI>Call Chain = T_H100MS
</UL>
<BR>[Called By]<UL><LI><a href="#[3f]">&gt;&gt;</a>&nbsp;&nbsp;&nbsp;TIM5_IRQHandler
</UL>

<P><STRONG><a name="[32]"></a>USART1_IRQHandler</STRONG> (Thumb, 122 bytes, Stack size 8 bytes, usart_com.o(i.USART1_IRQHandler))
<BR><BR>[Stack]<UL><LI>Max Depth = 36<LI>Call Chain = USART1_IRQHandler &rArr; TX_Process &rArr; USART_ITConfig
</UL>
<BR>[Calls]<UL><LI><a href="#[e4]">&gt;&gt;</a>&nbsp;&nbsp;&nbsp;USART_ITConfig
<LI><a href="#[ec]">&gt;&gt;</a>&nbsp;&nbsp;&nbsp;USART_GetFlagStatus
<LI><a href="#[e2]">&gt;&gt;</a>&nbsp;&nbsp;&nbsp;TX_Process
<LI><a href="#[cb]">&gt;&gt;</a>&nbsp;&nbsp;&nbsp;USART_ReceiveData
<LI><a href="#[ea]">&gt;&gt;</a>&nbsp;&nbsp;&nbsp;USART_GetITStatus
<LI><a href="#[eb]">&gt;&gt;</a>&nbsp;&nbsp;&nbsp;USART_ClearITPendingBit
<LI><a href="#[ed]">&gt;&gt;</a>&nbsp;&nbsp;&nbsp;USART_ClearFlag
<LI><a href="#[ca]">&gt;&gt;</a>&nbsp;&nbsp;&nbsp;RX_Process
</UL>
<BR>[Address Reference Count : 1]<UL><LI> startup_stm32f10x_hd.o(RESET)
</UL>
<P><STRONG><a name="[ed]"></a>USART_ClearFlag</STRONG> (Thumb, 18 bytes, Stack size 0 bytes, stm32f10x_usart.o(i.USART_ClearFlag))
<BR><BR>[Called By]<UL><LI><a href="#[32]">&gt;&gt;</a>&nbsp;&nbsp;&nbsp;USART1_IRQHandler
</UL>

<P><STRONG><a name="[eb]"></a>USART_ClearITPendingBit</STRONG> (Thumb, 30 bytes, Stack size 8 bytes, stm32f10x_usart.o(i.USART_ClearITPendingBit))
<BR><BR>[Stack]<UL><LI>Max Depth = 8<LI>Call Chain = USART_ClearITPendingBit
</UL>
<BR>[Called By]<UL><LI><a href="#[32]">&gt;&gt;</a>&nbsp;&nbsp;&nbsp;USART1_IRQHandler
</UL>

<P><STRONG><a name="[145]"></a>USART_Cmd</STRONG> (Thumb, 24 bytes, Stack size 0 bytes, stm32f10x_usart.o(i.USART_Cmd))
<BR><BR>[Called By]<UL><LI><a href="#[137]">&gt;&gt;</a>&nbsp;&nbsp;&nbsp;usart_init
</UL>

<P><STRONG><a name="[ec]"></a>USART_GetFlagStatus</STRONG> (Thumb, 26 bytes, Stack size 0 bytes, stm32f10x_usart.o(i.USART_GetFlagStatus))
<BR><BR>[Called By]<UL><LI><a href="#[32]">&gt;&gt;</a>&nbsp;&nbsp;&nbsp;USART1_IRQHandler
</UL>

<P><STRONG><a name="[ea]"></a>USART_GetITStatus</STRONG> (Thumb, 84 bytes, Stack size 16 bytes, stm32f10x_usart.o(i.USART_GetITStatus))
<BR><BR>[Stack]<UL><LI>Max Depth = 16<LI>Call Chain = USART_GetITStatus
</UL>
<BR>[Called By]<UL><LI><a href="#[32]">&gt;&gt;</a>&nbsp;&nbsp;&nbsp;USART1_IRQHandler
</UL>

<P><STRONG><a name="[e4]"></a>USART_ITConfig</STRONG> (Thumb, 74 bytes, Stack size 20 bytes, stm32f10x_usart.o(i.USART_ITConfig))
<BR><BR>[Stack]<UL><LI>Max Depth = 20<LI>Call Chain = USART_ITConfig
</UL>
<BR>[Called By]<UL><LI><a href="#[137]">&gt;&gt;</a>&nbsp;&nbsp;&nbsp;usart_init
<LI><a href="#[e2]">&gt;&gt;</a>&nbsp;&nbsp;&nbsp;TX_Process
<LI><a href="#[54]">&gt;&gt;</a>&nbsp;&nbsp;&nbsp;main
<LI><a href="#[32]">&gt;&gt;</a>&nbsp;&nbsp;&nbsp;USART1_IRQHandler
</UL>

<P><STRONG><a name="[ee]"></a>USART_Init</STRONG> (Thumb, 210 bytes, Stack size 56 bytes, stm32f10x_usart.o(i.USART_Init))
<BR><BR>[Stack]<UL><LI>Max Depth = 68<LI>Call Chain = USART_Init &rArr; RCC_GetClocksFreq
</UL>
<BR>[Calls]<UL><LI><a href="#[ef]">&gt;&gt;</a>&nbsp;&nbsp;&nbsp;RCC_GetClocksFreq
</UL>
<BR>[Called By]<UL><LI><a href="#[144]">&gt;&gt;</a>&nbsp;&nbsp;&nbsp;usart
</UL>

<P><STRONG><a name="[cb]"></a>USART_ReceiveData</STRONG> (Thumb, 10 bytes, Stack size 0 bytes, stm32f10x_usart.o(i.USART_ReceiveData))
<BR><BR>[Called By]<UL><LI><a href="#[32]">&gt;&gt;</a>&nbsp;&nbsp;&nbsp;USART1_IRQHandler
<LI><a href="#[ca]">&gt;&gt;</a>&nbsp;&nbsp;&nbsp;RX_Process
</UL>

<P><STRONG><a name="[e3]"></a>USART_SendData</STRONG> (Thumb, 8 bytes, Stack size 0 bytes, stm32f10x_usart.o(i.USART_SendData))
<BR><BR>[Called By]<UL><LI><a href="#[e2]">&gt;&gt;</a>&nbsp;&nbsp;&nbsp;TX_Process
<LI><a href="#[138]">&gt;&gt;</a>&nbsp;&nbsp;&nbsp;send_test
</UL>

<P><STRONG><a name="[8]"></a>UsageFault_Handler</STRONG> (Thumb, 4 bytes, Stack size 0 bytes, stm32f10x_it.o(i.UsageFault_Handler))
<BR>[Address Reference Count : 1]<UL><LI> startup_stm32f10x_hd.o(RESET)
</UL>
<P><STRONG><a name="[92]"></a>all_flash_lock</STRONG> (Thumb, 42 bytes, Stack size 8 bytes, usart_com.o(i.all_flash_lock))
<BR><BR>[Stack]<UL><LI>Max Depth = 52<LI>Call Chain = all_flash_lock &rArr; write_block &rArr; FLASH_ProgramHalfWord &rArr; FLASH_WaitForLastOperation
</UL>
<BR>[Calls]<UL><LI><a href="#[f6]">&gt;&gt;</a>&nbsp;&nbsp;&nbsp;FLASH_Lock
<LI><a href="#[98]">&gt;&gt;</a>&nbsp;&nbsp;&nbsp;write_block
</UL>
<BR>[Called By]<UL><LI><a href="#[ae]">&gt;&gt;</a>&nbsp;&nbsp;&nbsp;Process_switch
<LI><a href="#[89]">&gt;&gt;</a>&nbsp;&nbsp;&nbsp;PC_OPTION_PROG
</UL>

<P><STRONG><a name="[91]"></a>all_flash_unlock</STRONG> (Thumb, 28 bytes, Stack size 0 bytes, usart_com.o(i.all_flash_unlock))
<BR><BR>[Called By]<UL><LI><a href="#[89]">&gt;&gt;</a>&nbsp;&nbsp;&nbsp;PC_OPTION_PROG
</UL>

<P><STRONG><a name="[99]"></a>backup_block</STRONG> (Thumb, 40 bytes, Stack size 8 bytes, usart_com.o(i.backup_block))
<BR><BR>[Stack]<UL><LI>Max Depth = 8<LI>Call Chain = backup_block
</UL>
<BR>[Called By]<UL><LI><a href="#[94]">&gt;&gt;</a>&nbsp;&nbsp;&nbsp;online_write_data
<LI><a href="#[13a]">&gt;&gt;</a>&nbsp;&nbsp;&nbsp;mov_flash
<LI><a href="#[8e]">&gt;&gt;</a>&nbsp;&nbsp;&nbsp;PC_WRITE_Parameter
<LI><a href="#[90]">&gt;&gt;</a>&nbsp;&nbsp;&nbsp;PC_WRITE_PORG
</UL>

<P><STRONG><a name="[fa]"></a>backup_data</STRONG> (Thumb, 142 bytes, Stack size 16 bytes, usart_com.o(i.backup_data))
<BR><BR>[Stack]<UL><LI>Max Depth = 52<LI>Call Chain = backup_data &rArr; write_data &rArr; FLASH_ProgramHalfWord &rArr; FLASH_WaitForLastOperation
</UL>
<BR>[Calls]<UL><LI><a href="#[fb]">&gt;&gt;</a>&nbsp;&nbsp;&nbsp;write_data
</UL>
<BR>[Called By]<UL><LI><a href="#[54]">&gt;&gt;</a>&nbsp;&nbsp;&nbsp;main
</UL>

<P><STRONG><a name="[105]"></a>data_init</STRONG> (Thumb, 56 bytes, Stack size 12 bytes, usart_com.o(i.data_init))
<BR><BR>[Stack]<UL><LI>Max Depth = 36<LI>Call Chain = data_init &rArr; recover_data &rArr; read_data
</UL>
<BR>[Calls]<UL><LI><a href="#[106]">&gt;&gt;</a>&nbsp;&nbsp;&nbsp;recover_data
</UL>
<BR>[Called By]<UL><LI><a href="#[137]">&gt;&gt;</a>&nbsp;&nbsp;&nbsp;usart_init
</UL>

<P><STRONG><a name="[109]"></a>init_xy</STRONG> (Thumb, 12 bytes, Stack size 8 bytes, bsp.o(i.init_xy))
<BR><BR>[Stack]<UL><LI>Max Depth = 40<LI>Call Chain = init_xy &rArr; BSP_config &rArr; GPIO_Init
</UL>
<BR>[Calls]<UL><LI><a href="#[10a]">&gt;&gt;</a>&nbsp;&nbsp;&nbsp;y_refresh
<LI><a href="#[63]">&gt;&gt;</a>&nbsp;&nbsp;&nbsp;BSP_config
</UL>
<BR>[Called By]<UL><LI><a href="#[54]">&gt;&gt;</a>&nbsp;&nbsp;&nbsp;main
</UL>

<P><STRONG><a name="[b2]"></a>setup_HL</STRONG> (Thumb, 16 bytes, Stack size 0 bytes, usart_com.o(i.setup_HL))
<BR><BR>[Called By]<UL><LI><a href="#[ae]">&gt;&gt;</a>&nbsp;&nbsp;&nbsp;Process_switch
</UL>

<P><STRONG><a name="[dc]"></a>filter</STRONG> (Thumb, 62 bytes, Stack size 12 bytes, adc.o(i.filter))
<BR><BR>[Stack]<UL><LI>Max Depth = 12<LI>Call Chain = filter
</UL>
<BR>[Called By]<UL><LI><a href="#[3f]">&gt;&gt;</a>&nbsp;&nbsp;&nbsp;TIM5_IRQHandler
</UL>

<P><STRONG><a name="[135]"></a>find_data</STRONG> (Thumb, 92 bytes, Stack size 16 bytes, usart_com.o(i.find_data))
<BR><BR>[Stack]<UL><LI>Max Depth = 16<LI>Call Chain = find_data
</UL>
<BR>[Called By]<UL><LI><a href="#[13a]">&gt;&gt;</a>&nbsp;&nbsp;&nbsp;mov_flash
<LI><a href="#[93]">&gt;&gt;</a>&nbsp;&nbsp;&nbsp;find_data_address
</UL>

<P><STRONG><a name="[93]"></a>find_data_address</STRONG> (Thumb, 256 bytes, Stack size 16 bytes, usart_com.o(i.find_data_address))
<BR><BR>[Stack]<UL><LI>Max Depth = 32<LI>Call Chain = find_data_address &rArr; find_data
</UL>
<BR>[Calls]<UL><LI><a href="#[135]">&gt;&gt;</a>&nbsp;&nbsp;&nbsp;find_data
</UL>
<BR>[Called By]<UL><LI><a href="#[89]">&gt;&gt;</a>&nbsp;&nbsp;&nbsp;PC_OPTION_PROG
</UL>

<P><STRONG><a name="[b1]"></a>find_end</STRONG> (Thumb, 48 bytes, Stack size 0 bytes, usart_com.o(i.find_end))
<BR><BR>[Called By]<UL><LI><a href="#[ae]">&gt;&gt;</a>&nbsp;&nbsp;&nbsp;Process_switch
</UL>

<P><STRONG><a name="[9e]"></a>find_p</STRONG> (Thumb, 84 bytes, Stack size 8 bytes, ladder.o(i.find_p))
<BR><BR>[Stack]<UL><LI>Max Depth = 8<LI>Call Chain = find_p
</UL>
<BR>[Called By]<UL><LI><a href="#[9a]">&gt;&gt;</a>&nbsp;&nbsp;&nbsp;PLC_ProComParse
</UL>

<P><STRONG><a name="[10c]"></a>find_step</STRONG> (Thumb, 76 bytes, Stack size 0 bytes, ladder.o(i.find_step))
<BR><BR>[Called By]<UL><LI><a href="#[129]">&gt;&gt;</a>&nbsp;&nbsp;&nbsp;extend_SUBP
<LI><a href="#[120]">&gt;&gt;</a>&nbsp;&nbsp;&nbsp;extend_ORP
<LI><a href="#[11e]">&gt;&gt;</a>&nbsp;&nbsp;&nbsp;extend_ORF
<LI><a href="#[11c]">&gt;&gt;</a>&nbsp;&nbsp;&nbsp;extend_MULP
<LI><a href="#[11b]">&gt;&gt;</a>&nbsp;&nbsp;&nbsp;extend_MOVP
<LI><a href="#[118]">&gt;&gt;</a>&nbsp;&nbsp;&nbsp;extend_LDP
<LI><a href="#[116]">&gt;&gt;</a>&nbsp;&nbsp;&nbsp;extend_LDF
<LI><a href="#[115]">&gt;&gt;</a>&nbsp;&nbsp;&nbsp;extend_INCP
<LI><a href="#[114]">&gt;&gt;</a>&nbsp;&nbsp;&nbsp;extend_DIVP
<LI><a href="#[113]">&gt;&gt;</a>&nbsp;&nbsp;&nbsp;extend_DECP
<LI><a href="#[110]">&gt;&gt;</a>&nbsp;&nbsp;&nbsp;extend_ANDP
<LI><a href="#[10f]">&gt;&gt;</a>&nbsp;&nbsp;&nbsp;extend_ANDF
<LI><a href="#[10b]">&gt;&gt;</a>&nbsp;&nbsp;&nbsp;extend_ADDP
</UL>

<P><STRONG><a name="[9f]"></a>find_toend</STRONG> (Thumb, 58 bytes, Stack size 0 bytes, ladder.o(i.find_toend))
<BR><BR>[Called By]<UL><LI><a href="#[9a]">&gt;&gt;</a>&nbsp;&nbsp;&nbsp;PLC_ProComParse
</UL>

<P><STRONG><a name="[9d]"></a>force_reset</STRONG> (Thumb, 62 bytes, Stack size 12 bytes, ladder.o(i.force_reset))
<BR><BR>[Stack]<UL><LI>Max Depth = 12<LI>Call Chain = force_reset
</UL>
<BR>[Called By]<UL><LI><a href="#[3f]">&gt;&gt;</a>&nbsp;&nbsp;&nbsp;TIM5_IRQHandler
<LI><a href="#[9a]">&gt;&gt;</a>&nbsp;&nbsp;&nbsp;PLC_ProComParse
</UL>

<P><STRONG><a name="[9c]"></a>force_set</STRONG> (Thumb, 62 bytes, Stack size 12 bytes, ladder.o(i.force_set))
<BR><BR>[Stack]<UL><LI>Max Depth = 12<LI>Call Chain = force_set
</UL>
<BR>[Called By]<UL><LI><a href="#[3f]">&gt;&gt;</a>&nbsp;&nbsp;&nbsp;TIM5_IRQHandler
<LI><a href="#[9a]">&gt;&gt;</a>&nbsp;&nbsp;&nbsp;PLC_ProComParse
</UL>

<P><STRONG><a name="[54]"></a>main</STRONG> (Thumb, 246 bytes, Stack size 8 bytes, main.o(i.main))
<BR><BR>[Stack]<UL><LI>Max Depth = 132<LI>Call Chain = main &rArr; Process_switch &rArr; PC_OPTION_PROG &rArr; online_write_data &rArr; mov_flash &rArr; write_block &rArr; FLASH_ProgramHalfWord &rArr; FLASH_WaitForLastOperation
</UL>
<BR>[Calls]<UL><LI><a href="#[10a]">&gt;&gt;</a>&nbsp;&nbsp;&nbsp;y_refresh
<LI><a href="#[139]">&gt;&gt;</a>&nbsp;&nbsp;&nbsp;x_refresh
<LI><a href="#[137]">&gt;&gt;</a>&nbsp;&nbsp;&nbsp;usart_init
<LI><a href="#[106]">&gt;&gt;</a>&nbsp;&nbsp;&nbsp;recover_data
<LI><a href="#[109]">&gt;&gt;</a>&nbsp;&nbsp;&nbsp;init_xy
<LI><a href="#[fa]">&gt;&gt;</a>&nbsp;&nbsp;&nbsp;backup_data
<LI><a href="#[e4]">&gt;&gt;</a>&nbsp;&nbsp;&nbsp;USART_ITConfig
<LI><a href="#[e2]">&gt;&gt;</a>&nbsp;&nbsp;&nbsp;TX_Process
<LI><a href="#[de]">&gt;&gt;</a>&nbsp;&nbsp;&nbsp;TIM5_Init
<LI><a href="#[d4]">&gt;&gt;</a>&nbsp;&nbsp;&nbsp;Stm32_Clock_Init
<LI><a href="#[ae]">&gt;&gt;</a>&nbsp;&nbsp;&nbsp;Process_switch
<LI><a href="#[9a]">&gt;&gt;</a>&nbsp;&nbsp;&nbsp;PLC_ProComParse
<LI><a href="#[85]">&gt;&gt;</a>&nbsp;&nbsp;&nbsp;NVIC_Configuration
<LI><a href="#[60]">&gt;&gt;</a>&nbsp;&nbsp;&nbsp;ADC_init
<LI><a href="#[138]">&gt;&gt;</a>&nbsp;&nbsp;&nbsp;send_test
<LI><a href="#[136]">&gt;&gt;</a>&nbsp;&nbsp;&nbsp;Delay
</UL>
<BR>[Called By]<UL><LI><a href="#[53]">&gt;&gt;</a>&nbsp;&nbsp;&nbsp;__rt_entry_main
</UL>

<P><STRONG><a name="[13a]"></a>mov_flash</STRONG> (Thumb, 444 bytes, Stack size 48 bytes, usart_com.o(i.mov_flash))
<BR><BR>[Stack]<UL><LI>Max Depth = 92<LI>Call Chain = mov_flash &rArr; write_block &rArr; FLASH_ProgramHalfWord &rArr; FLASH_WaitForLastOperation
</UL>
<BR>[Calls]<UL><LI><a href="#[98]">&gt;&gt;</a>&nbsp;&nbsp;&nbsp;write_block
<LI><a href="#[135]">&gt;&gt;</a>&nbsp;&nbsp;&nbsp;find_data
<LI><a href="#[99]">&gt;&gt;</a>&nbsp;&nbsp;&nbsp;backup_block
</UL>
<BR>[Called By]<UL><LI><a href="#[94]">&gt;&gt;</a>&nbsp;&nbsp;&nbsp;online_write_data
</UL>

<P><STRONG><a name="[94]"></a>online_write_data</STRONG> (Thumb, 226 bytes, Stack size 16 bytes, usart_com.o(i.online_write_data))
<BR><BR>[Stack]<UL><LI>Max Depth = 108<LI>Call Chain = online_write_data &rArr; mov_flash &rArr; write_block &rArr; FLASH_ProgramHalfWord &rArr; FLASH_WaitForLastOperation
</UL>
<BR>[Calls]<UL><LI><a href="#[98]">&gt;&gt;</a>&nbsp;&nbsp;&nbsp;write_block
<LI><a href="#[13a]">&gt;&gt;</a>&nbsp;&nbsp;&nbsp;mov_flash
<LI><a href="#[99]">&gt;&gt;</a>&nbsp;&nbsp;&nbsp;backup_block
</UL>
<BR>[Called By]<UL><LI><a href="#[89]">&gt;&gt;</a>&nbsp;&nbsp;&nbsp;PC_OPTION_PROG
</UL>

<P><STRONG><a name="[142]"></a>read_data</STRONG> (Thumb, 52 bytes, Stack size 12 bytes, usart_com.o(i.read_data))
<BR><BR>[Stack]<UL><LI>Max Depth = 12<LI>Call Chain = read_data
</UL>
<BR>[Called By]<UL><LI><a href="#[106]">&gt;&gt;</a>&nbsp;&nbsp;&nbsp;recover_data
</UL>

<P><STRONG><a name="[97]"></a>read_other_data</STRONG> (Thumb, 198 bytes, Stack size 12 bytes, usart_com.o(i.read_other_data))
<BR><BR>[Stack]<UL><LI>Max Depth = 12<LI>Call Chain = read_other_data
</UL>
<BR>[Called By]<UL><LI><a href="#[95]">&gt;&gt;</a>&nbsp;&nbsp;&nbsp;PC_READ_byte
</UL>

<P><STRONG><a name="[96]"></a>read_plc_tyte</STRONG> (Thumb, 182 bytes, Stack size 12 bytes, usart_com.o(i.read_plc_tyte))
<BR><BR>[Stack]<UL><LI>Max Depth = 12<LI>Call Chain = read_plc_tyte
</UL>
<BR>[Called By]<UL><LI><a href="#[95]">&gt;&gt;</a>&nbsp;&nbsp;&nbsp;PC_READ_byte
</UL>

<P><STRONG><a name="[106]"></a>recover_data</STRONG> (Thumb, 142 bytes, Stack size 12 bytes, usart_com.o(i.recover_data))
<BR><BR>[Stack]<UL><LI>Max Depth = 24<LI>Call Chain = recover_data &rArr; read_data
</UL>
<BR>[Calls]<UL><LI><a href="#[142]">&gt;&gt;</a>&nbsp;&nbsp;&nbsp;read_data
</UL>
<BR>[Called By]<UL><LI><a href="#[54]">&gt;&gt;</a>&nbsp;&nbsp;&nbsp;main
<LI><a href="#[105]">&gt;&gt;</a>&nbsp;&nbsp;&nbsp;data_init
</UL>

<P><STRONG><a name="[10e]"></a>reset_step</STRONG> (Thumb, 78 bytes, Stack size 0 bytes, ladder.o(i.reset_step))
<BR><BR>[Called By]<UL><LI><a href="#[129]">&gt;&gt;</a>&nbsp;&nbsp;&nbsp;extend_SUBP
<LI><a href="#[120]">&gt;&gt;</a>&nbsp;&nbsp;&nbsp;extend_ORP
<LI><a href="#[11e]">&gt;&gt;</a>&nbsp;&nbsp;&nbsp;extend_ORF
<LI><a href="#[11c]">&gt;&gt;</a>&nbsp;&nbsp;&nbsp;extend_MULP
<LI><a href="#[11b]">&gt;&gt;</a>&nbsp;&nbsp;&nbsp;extend_MOVP
<LI><a href="#[118]">&gt;&gt;</a>&nbsp;&nbsp;&nbsp;extend_LDP
<LI><a href="#[116]">&gt;&gt;</a>&nbsp;&nbsp;&nbsp;extend_LDF
<LI><a href="#[115]">&gt;&gt;</a>&nbsp;&nbsp;&nbsp;extend_INCP
<LI><a href="#[114]">&gt;&gt;</a>&nbsp;&nbsp;&nbsp;extend_DIVP
<LI><a href="#[113]">&gt;&gt;</a>&nbsp;&nbsp;&nbsp;extend_DECP
<LI><a href="#[110]">&gt;&gt;</a>&nbsp;&nbsp;&nbsp;extend_ANDP
<LI><a href="#[10f]">&gt;&gt;</a>&nbsp;&nbsp;&nbsp;extend_ANDF
<LI><a href="#[10b]">&gt;&gt;</a>&nbsp;&nbsp;&nbsp;extend_ADDP
</UL>

<P><STRONG><a name="[cc]"></a>rx_data_sum</STRONG> (Thumb, 138 bytes, Stack size 16 bytes, usart_com.o(i.rx_data_sum))
<BR><BR>[Stack]<UL><LI>Max Depth = 16<LI>Call Chain = rx_data_sum
</UL>
<BR>[Called By]<UL><LI><a href="#[ca]">&gt;&gt;</a>&nbsp;&nbsp;&nbsp;RX_Process
</UL>

<P><STRONG><a name="[138]"></a>send_test</STRONG> (Thumb, 82 bytes, Stack size 16 bytes, main.o(i.send_test))
<BR><BR>[Stack]<UL><LI>Max Depth = 24<LI>Call Chain = send_test &rArr; Delay
</UL>
<BR>[Calls]<UL><LI><a href="#[e3]">&gt;&gt;</a>&nbsp;&nbsp;&nbsp;USART_SendData
<LI><a href="#[136]">&gt;&gt;</a>&nbsp;&nbsp;&nbsp;Delay
</UL>
<BR>[Called By]<UL><LI><a href="#[54]">&gt;&gt;</a>&nbsp;&nbsp;&nbsp;main
</UL>

<P><STRONG><a name="[10d]"></a>set_step</STRONG> (Thumb, 68 bytes, Stack size 0 bytes, ladder.o(i.set_step))
<BR><BR>[Called By]<UL><LI><a href="#[129]">&gt;&gt;</a>&nbsp;&nbsp;&nbsp;extend_SUBP
<LI><a href="#[120]">&gt;&gt;</a>&nbsp;&nbsp;&nbsp;extend_ORP
<LI><a href="#[11e]">&gt;&gt;</a>&nbsp;&nbsp;&nbsp;extend_ORF
<LI><a href="#[11c]">&gt;&gt;</a>&nbsp;&nbsp;&nbsp;extend_MULP
<LI><a href="#[11b]">&gt;&gt;</a>&nbsp;&nbsp;&nbsp;extend_MOVP
<LI><a href="#[118]">&gt;&gt;</a>&nbsp;&nbsp;&nbsp;extend_LDP
<LI><a href="#[116]">&gt;&gt;</a>&nbsp;&nbsp;&nbsp;extend_LDF
<LI><a href="#[115]">&gt;&gt;</a>&nbsp;&nbsp;&nbsp;extend_INCP
[...]
<LI><a href="#[10e]">&gt;&gt;</a>&nbsp;&nbsp;&nbsp;reset_step
<LI><a href="#[10c]">&gt;&gt;</a>&nbsp;&nbsp;&nbsp;find_step
<LI><a href="#[102]">&gt;&gt;</a>&nbsp;&nbsp;&nbsp;bit_value
</UL>
<BR>[Called By]<UL><LI><a href="#[ac]">&gt;&gt;</a>&nbsp;&nbsp;&nbsp;extend_function
</UL>

<P><STRONG><a name="[117]"></a>extend_LDI_M</STRONG> (Thumb, 182 bytes, Stack size 8 bytes, ladder.o(i.extend_LDI_M))
<BR><BR>[Stack]<UL><LI>Max Depth = 20<LI>Call Chain = extend_LDI_M &rArr; LDI
</UL>
<BR>[Calls]<UL><LI><a href="#[a3]">&gt;&gt;</a>&nbsp;&nbsp;&nbsp;LDI
</UL>
<BR>[Called By]<UL><LI><a href="#[ac]">&gt;&gt;</a>&nbsp;&nbsp;&nbsp;extend_function
</UL>

<P><STRONG><a name="[118]"></a>extend_LDP</STRONG> (Thumb, 196 bytes, Stack size 16 bytes, ladder.o(i.extend_LDP))
<BR><BR>[Stack]<UL><LI>Max Depth = 36<LI>Call Chain = extend_LDP &rArr; bit_value &rArr; LDF
</UL>
<BR>[Calls]<UL><LI><a href="#[10d]">&gt;&gt;</a>&nbsp;&nbsp;&nbsp;set_step
<LI><a href="#[10e]">&gt;&gt;</a>&nbsp;&nbsp;&nbsp;reset_step
<LI><a href="#[10c]">&gt;&gt;</a>&nbsp;&nbsp;&nbsp;find_step
<LI><a href="#[102]">&gt;&gt;</a>&nbsp;&nbsp;&nbsp;bit_value
</UL>
<BR>[Called By]<UL><LI><a href="#[ac]">&gt;&gt;</a>&nbsp;&nbsp;&nbsp;extend_function
</UL>

<P><STRONG><a name="[119]"></a>extend_LD_M</STRONG> (Thumb, 182 bytes, Stack size 8 bytes, ladder.o(i.extend_LD_M))
<BR><BR>[Stack]<UL><LI>Max Depth = 20<LI>Call Chain = extend_LD_M &rArr; LD
</UL>
<BR>[Calls]<UL><LI><a href="#[a2]">&gt;&gt;</a>&nbsp;&nbsp;&nbsp;LD
</UL>
<BR>[Called By]<UL><LI><a href="#[ac]">&gt;&gt;</a>&nbsp;&nbsp;&nbsp;extend_function
</UL>

<P><STRONG><a name="[11a]"></a>extend_MOV</STRONG> (Thumb, 38 bytes, Stack size 8 bytes, ladder.o(i.extend_MOV))
<BR><BR>[Stack]<UL><LI>Max Depth = 36<LI>Call Chain = extend_MOV &rArr; add_target &rArr; add_assgin_value
</UL>
<BR>[Calls]<UL><LI><a href="#[79]">&gt;&gt;</a>&nbsp;&nbsp;&nbsp;cos_value
<LI><a href="#[7a]">&gt;&gt;</a>&nbsp;&nbsp;&nbsp;add_target
</UL>
<BR>[Called By]<UL><LI><a href="#[ac]">&gt;&gt;</a>&nbsp;&nbsp;&nbsp;extend_function
</UL>

<P><STRONG><a name="[11b]"></a>extend_MOVP</STRONG> (Thumb, 118 bytes, Stack size 8 bytes, ladder.o(i.extend_MOVP))
<BR><BR>[Stack]<UL><LI>Max Depth = 36<LI>Call Chain = extend_MOVP &rArr; add_target &rArr; add_assgin_value
</UL>
<BR>[Calls]<UL><LI><a href="#[10d]">&gt;&gt;</a>&nbsp;&nbsp;&nbsp;set_step
<LI><a href="#[10e]">&gt;&gt;</a>&nbsp;&nbsp;&nbsp;reset_step
<LI><a href="#[10c]">&gt;&gt;</a>&nbsp;&nbsp;&nbsp;find_step
<LI><a href="#[79]">&gt;&gt;</a>&nbsp;&nbsp;&nbsp;cos_value
<LI><a href="#[7a]">&gt;&gt;</a>&nbsp;&nbsp;&nbsp;add_target
</UL>
<BR>[Called By]<UL><LI><a href="#[ac]">&gt;&gt;</a>&nbsp;&nbsp;&nbsp;extend_function
</UL>

<P><STRONG><a name="[11c]"></a>extend_MULP</STRONG> (Thumb, 110 bytes, Stack size 8 bytes, ladder.o(i.extend_MULP))
<BR><BR>[Stack]<UL><LI>Max Depth = 56<LI>Call Chain = extend_MULP &rArr; mul &rArr; mul_target &rArr; div_assign_value
</UL>
<BR>[Calls]<UL><LI><a href="#[10d]">&gt;&gt;</a>&nbsp;&nbsp;&nbsp;set_step
<LI><a href="#[10e]">&gt;&gt;</a>&nbsp;&nbsp;&nbsp;reset_step
<LI><a href="#[10c]">&gt;&gt;</a>&nbsp;&nbsp;&nbsp;find_step
<LI><a href="#[11d]">&gt;&gt;</a>&nbsp;&nbsp;&nbsp;mul
</UL>
<BR>[Called By]<UL><LI><a href="#[ac]">&gt;&gt;</a>&nbsp;&nbsp;&nbsp;extend_function
</UL>

<P><STRONG><a name="[11e]"></a>extend_ORF</STRONG> (Thumb, 138 bytes, Stack size 16 bytes, ladder.o(i.extend_ORF))
<BR><BR>[Stack]<UL><LI>Max Depth = 36<LI>Call Chain = extend_ORF &rArr; bit_value &rArr; LDF
</UL>
<BR>[Calls]<UL><LI><a href="#[10d]">&gt;&gt;</a>&nbsp;&nbsp;&nbsp;set_step
<LI><a href="#[10e]">&gt;&gt;</a>&nbsp;&nbsp;&nbsp;reset_step
<LI><a href="#[10c]">&gt;&gt;</a>&nbsp;&nbsp;&nbsp;find_step
<LI><a href="#[102]">&gt;&gt;</a>&nbsp;&nbsp;&nbsp;bit_value
</UL>
<BR>[Called By]<UL><LI><a href="#[ac]">&gt;&gt;</a>&nbsp;&nbsp;&nbsp;extend_function
</UL>

<P><STRONG><a name="[11f]"></a>extend_ORI_M</STRONG> (Thumb, 182 bytes, Stack size 8 bytes, ladder.o(i.extend_ORI_M))
<BR><BR>[Stack]<UL><LI>Max Depth = 20<LI>Call Chain = extend_ORI_M &rArr; ORI
</UL>
<BR>[Calls]<UL><LI><a href="#[a7]">&gt;&gt;</a>&nbsp;&nbsp;&nbsp;ORI
</UL>
<BR>[Called By]<UL><LI><a href="#[ac]">&gt;&gt;</a>&nbsp;&nbsp;&nbsp;extend_function
</UL>

<P><STRONG><a name="[120]"></a>extend_ORP</STRONG> (Thumb, 140 bytes, Stack size 16 bytes, ladder.o(i.extend_ORP))
<BR><BR>[Stack]<UL><LI>Max Depth = 36<LI>Call Chain = extend_ORP &rArr; bit_value &rArr; LDF
</UL>
<BR>[Calls]<UL><LI><a href="#[10d]">&gt;&gt;</a>&nbsp;&nbsp;&nbsp;set_step
<LI><a href="#[10e]">&gt;&gt;</a>&nbsp;&nbsp;&nbsp;reset_step
<LI><a href="#[10c]">&gt;&gt;</a>&nbsp;&nbsp;&nbsp;find_step
<LI><a href="#[102]">&gt;&gt;</a>&nbsp;&nbsp;&nbsp;bit_value
</UL>
<BR>[Called By]<UL><LI><a href="#[ac]">&gt;&gt;</a>&nbsp;&nbsp;&nbsp;extend_function
</UL>

<P><STRONG><a name="[121]"></a>extend_OR_M</STRONG> (Thumb, 182 bytes, Stack size 8 bytes, ladder.o(i.extend_OR_M))
<BR><BR>[Stack]<UL><LI>Max Depth = 20<LI>Call Chain = extend_OR_M &rArr; OR
</UL>
<BR>[Calls]<UL><LI><a href="#[a6]">&gt;&gt;</a>&nbsp;&nbsp;&nbsp;OR
</UL>
<BR>[Called By]<UL><LI><a href="#[ac]">&gt;&gt;</a>&nbsp;&nbsp;&nbsp;extend_function
</UL>

<P><STRONG><a name="[122]"></a>extend_OUT_M</STRONG> (Thumb, 182 bytes, Stack size 8 bytes, ladder.o(i.extend_OUT_M))
<BR><BR>[Stack]<UL><LI>Max Depth = 20<LI>Call Chain = extend_OUT_M &rArr; OUT
</UL>
<BR>[Calls]<UL><LI><a href="#[a8]">&gt;&gt;</a>&nbsp;&nbsp;&nbsp;OUT
</UL>
<BR>[Called By]<UL><LI><a href="#[ac]">&gt;&gt;</a>&nbsp;&nbsp;&nbsp;extend_function
</UL>

<P><STRONG><a name="[123]"></a>extend_OUT_S</STRONG> (Thumb, 142 bytes, Stack size 8 bytes, ladder.o(i.extend_OUT_S))
<BR><BR>[Stack]<UL><LI>Max Depth = 20<LI>Call Chain = extend_OUT_S &rArr; OUT
</UL>
<BR>[Calls]<UL><LI><a href="#[a8]">&gt;&gt;</a>&nbsp;&nbsp;&nbsp;OUT
</UL>
<BR>[Called By]<UL><LI><a href="#[ac]">&gt;&gt;</a>&nbsp;&nbsp;&nbsp;extend_function
</UL>

<P><STRONG><a name="[124]"></a>extend_RST_M</STRONG> (Thumb, 182 bytes, Stack size 8 bytes, ladder.o(i.extend_RST_M))
<BR><BR>[Stack]<UL><LI>Max Depth = 20<LI>Call Chain = extend_RST_M &rArr; RST
</UL>
<BR>[Calls]<UL><LI><a href="#[aa]">&gt;&gt;</a>&nbsp;&nbsp;&nbsp;RST
</UL>
<BR>[Called By]<UL><LI><a href="#[ac]">&gt;&gt;</a>&nbsp;&nbsp;&nbsp;extend_function
</UL>

<P><STRONG><a name="[125]"></a>extend_RST_S</STRONG> (Thumb, 142 bytes, Stack size 8 bytes, ladder.o(i.extend_RST_S))
<BR><BR>[Stack]<UL><LI>Max Depth = 20<LI>Call Chain = extend_RST_S &rArr; RST
</UL>
<BR>[Calls]<UL><LI><a href="#[aa]">&gt;&gt;</a>&nbsp;&nbsp;&nbsp;RST
</UL>
<BR>[Called By]<UL><LI><a href="#[ac]">&gt;&gt;</a>&nbsp;&nbsp;&nbsp;extend_function
</UL>

<P><STRONG><a name="[126]"></a>extend_RST_T</STRONG> (Thumb, 74 bytes, Stack size 8 bytes, ladder.o(i.extend_RST_T))
<BR><BR>[Stack]<UL><LI>Max Depth = 28<LI>Call Chain = extend_RST_T &rArr; RESET_T &rArr; OUT
</UL>
<BR>[Calls]<UL><LI><a href="#[c6]">&gt;&gt;</a>&nbsp;&nbsp;&nbsp;RESET_T
<LI><a href="#[c5]">&gt;&gt;</a>&nbsp;&nbsp;&nbsp;RESET_C
</UL>
<BR>[Called By]<UL><LI><a href="#[ac]">&gt;&gt;</a>&nbsp;&nbsp;&nbsp;extend_function
</UL>

<P><STRONG><a name="[127]"></a>extend_SET_M</STRONG> (Thumb, 182 bytes, Stack size 8 bytes, ladder.o(i.extend_SET_M))
<BR><BR>[Stack]<UL><LI>Max Depth = 20<LI>Call Chain = extend_SET_M &rArr; BIT_SET
</UL>
<BR>[Calls]<UL><LI><a href="#[a9]">&gt;&gt;</a>&nbsp;&nbsp;&nbsp;BIT_SET
</UL>
<BR>[Called By]<UL><LI><a href="#[ac]">&gt;&gt;</a>&nbsp;&nbsp;&nbsp;extend_function
</UL>

<P><STRONG><a name="[128]"></a>extend_SET_S</STRONG> (Thumb, 142 bytes, Stack size 8 bytes, ladder.o(i.extend_SET_S))
<BR><BR>[Stack]<UL><LI>Max Depth = 20<LI>Call Chain = extend_SET_S &rArr; BIT_SET
</UL>
<BR>[Calls]<UL><LI><a href="#[a9]">&gt;&gt;</a>&nbsp;&nbsp;&nbsp;BIT_SET
</UL>
<BR>[Called By]<UL><LI><a href="#[ac]">&gt;&gt;</a>&nbsp;&nbsp;&nbsp;extend_function
</UL>

<P><STRONG><a name="[129]"></a>extend_SUBP</STRONG> (Thumb, 110 bytes, Stack size 8 bytes, ladder.o(i.extend_SUBP))
<BR><BR>[Stack]<UL><LI>Max Depth = 52<LI>Call Chain = extend_SUBP &rArr; sub &rArr; add_target &rArr; add_assgin_value
</UL>
<BR>[Calls]<UL><LI><a href="#[10d]">&gt;&gt;</a>&nbsp;&nbsp;&nbsp;set_step
<LI><a href="#[10e]">&gt;&gt;</a>&nbsp;&nbsp;&nbsp;reset_step
<LI><a href="#[10c]">&gt;&gt;</a>&nbsp;&nbsp;&nbsp;find_step
<LI><a href="#[12a]">&gt;&gt;</a>&nbsp;&nbsp;&nbsp;sub
</UL>
<BR>[Called By]<UL><LI><a href="#[ac]">&gt;&gt;</a>&nbsp;&nbsp;&nbsp;extend_function
</UL>

<P><STRONG><a name="[ac]"></a>extend_function</STRONG> (Thumb, 1454 bytes, Stack size 8 bytes, ladder.o(i.extend_function))
<BR><BR>[Stack]<UL><LI>Max Depth = 96<LI>Call Chain = extend_function &rArr; SQR &rArr; sqrt &rArr; _dsqrt &rArr; __fpl_dnaninf
</UL>
<BR>[Calls]<UL><LI><a href="#[12a]">&gt;&gt;</a>&nbsp;&nbsp;&nbsp;sub
<LI><a href="#[12f]">&gt;&gt;</a>&nbsp;&nbsp;&nbsp;no_amount_and
<LI><a href="#[132]">&gt;&gt;</a>&nbsp;&nbsp;&nbsp;no_amount_OR
<LI><a href="#[12c]">&gt;&gt;</a>&nbsp;&nbsp;&nbsp;no_amount
<LI><a href="#[11d]">&gt;&gt;</a>&nbsp;&nbsp;&nbsp;mul
<LI><a href="#[12e]">&gt;&gt;</a>&nbsp;&nbsp;&nbsp;less_and
<LI><a href="#[130]">&gt;&gt;</a>&nbsp;&nbsp;&nbsp;less_amount_and
<LI><a href="#[133]">&gt;&gt;</a>&nbsp;&nbsp;&nbsp;less_amount_OR
<LI><a href="#[12d]">&gt;&gt;</a>&nbsp;&nbsp;&nbsp;less_amount
<LI><a href="#[131]">&gt;&gt;</a>&nbsp;&nbsp;&nbsp;less_OR
<LI><a href="#[12b]">&gt;&gt;</a>&nbsp;&nbsp;&nbsp;less
<LI><a href="#[129]">&gt;&gt;</a>&nbsp;&nbsp;&nbsp;extend_SUBP
<LI><a href="#[128]">&gt;&gt;</a>&nbsp;&nbsp;&nbsp;extend_SET_S
<LI><a href="#[127]">&gt;&gt;</a>&nbsp;&nbsp;&nbsp;extend_SET_M
<LI><a href="#[126]">&gt;&gt;</a>&nbsp;&nbsp;&nbsp;extend_RST_T
<LI><a href="#[125]">&gt;&gt;</a>&nbsp;&nbsp;&nbsp;extend_RST_S
<LI><a href="#[124]">&gt;&gt;</a>&nbsp;&nbsp;&nbsp;extend_RST_M
<LI><a href="#[123]">&gt;&gt;</a>&nbsp;&nbsp;&nbsp;extend_OUT_S
<LI><a href="#[122]">&gt;&gt;</a>&nbsp;&nbsp;&nbsp;extend_OUT_M
<LI><a href="#[121]">&gt;&gt;</a>&nbsp;&nbsp;&nbsp;extend_OR_M
<LI><a href="#[120]">&gt;&gt;</a>&nbsp;&nbsp;&nbsp;extend_ORP
<LI><a href="#[11f]">&gt;&gt;</a>&nbsp;&nbsp;&nbsp;extend_ORI_M
<LI><a href="#[11e]">&gt;&gt;</a>&nbsp;&nbsp;&nbsp;extend_ORF
<LI><a href="#[11c]">&gt;&gt;</a>&nbsp;&nbsp;&nbsp;extend_MULP
<LI><a href="#[11b]">&gt;&gt;</a>&nbsp;&nbsp;&nbsp;extend_MOVP
<LI><a href="#[11a]">&gt;&gt;</a>&nbsp;&nbsp;&nbsp;extend_MOV
<LI><a href="#[119]">&gt;&gt;</a>&nbsp;&nbsp;&nbsp;extend_LD_M
<LI><a href="#[118]">&gt;&gt;</a>&nbsp;&nbsp;&nbsp;extend_LDP
<LI><a href="#[117]">&gt;&gt;</a>&nbsp;&nbsp;&nbsp;extend_LDI_M
<LI><a href="#[116]">&gt;&gt;</a>&nbsp;&nbsp;&nbsp;extend_LDF
<LI><a href="#[115]">&gt;&gt;</a>&nbsp;&nbsp;&nbsp;extend_INCP
<LI><a href="#[114]">&gt;&gt;</a>&nbsp;&nbsp;&nbsp;extend_DIVP
<LI><a href="#[113]">&gt;&gt;</a>&nbsp;&nbsp;&nbsp;extend_DECP
<LI><a href="#[112]">&gt;&gt;</a>&nbsp;&nbsp;&nbsp;extend_ANI_M
<LI><a href="#[111]">&gt;&gt;</a>&nbsp;&nbsp;&nbsp;extend_AND_M
<LI><a href="#[110]">&gt;&gt;</a>&nbsp;&nbsp;&nbsp;extend_ANDP
<LI><a href="#[10f]">&gt;&gt;</a>&nbsp;&nbsp;&nbsp;extend_ANDF
<LI><a href="#[10b]">&gt;&gt;</a>&nbsp;&nbsp;&nbsp;extend_ADDP
<LI><a href="#[107]">&gt;&gt;</a>&nbsp;&nbsp;&nbsp;div
<LI><a href="#[101]">&gt;&gt;</a>&nbsp;&nbsp;&nbsp;big_and
<LI><a href="#[100]">&gt;&gt;</a>&nbsp;&nbsp;&nbsp;big_amount_and
<LI><a href="#[ff]">&gt;&gt;</a>&nbsp;&nbsp;&nbsp;big_amount_OR
<LI><a href="#[fe]">&gt;&gt;</a>&nbsp;&nbsp;&nbsp;big_amount
<LI><a href="#[fd]">&gt;&gt;</a>&nbsp;&nbsp;&nbsp;big_OR
<LI><a href="#[fc]">&gt;&gt;</a>&nbsp;&nbsp;&nbsp;big
<LI><a href="#[f9]">&gt;&gt;</a>&nbsp;&nbsp;&nbsp;amount_and
<LI><a href="#[f8]">&gt;&gt;</a>&nbsp;&nbsp;&nbsp;amount_OR
<LI><a href="#[f7]">&gt;&gt;</a>&nbsp;&nbsp;&nbsp;amount
<LI><a href="#[f3]">&gt;&gt;</a>&nbsp;&nbsp;&nbsp;add
<LI><a href="#[f2]">&gt;&gt;</a>&nbsp;&nbsp;&nbsp;WXOR
<LI><a href="#[f1]">&gt;&gt;</a>&nbsp;&nbsp;&nbsp;WOR
<LI><a href="#[f0]">&gt;&gt;</a>&nbsp;&nbsp;&nbsp;WAND
<LI><a href="#[d1]">&gt;&gt;</a>&nbsp;&nbsp;&nbsp;SWAP
<LI><a href="#[cd]">&gt;&gt;</a>&nbsp;&nbsp;&nbsp;SQR
<LI><a href="#[c9]">&gt;&gt;</a>&nbsp;&nbsp;&nbsp;ROR
<LI><a href="#[c8]">&gt;&gt;</a>&nbsp;&nbsp;&nbsp;ROL
<LI><a href="#[134]">&gt;&gt;</a>&nbsp;&nbsp;&nbsp;RET
<LI><a href="#[c4]">&gt;&gt;</a>&nbsp;&nbsp;&nbsp;RCR
<LI><a href="#[c2]">&gt;&gt;</a>&nbsp;&nbsp;&nbsp;RCL
<LI><a href="#[84]">&gt;&gt;</a>&nbsp;&nbsp;&nbsp;NEG
<LI><a href="#[7f]">&gt;&gt;</a>&nbsp;&nbsp;&nbsp;INC
<LI><a href="#[78]">&gt;&gt;</a>&nbsp;&nbsp;&nbsp;DEC
<LI><a href="#[69]">&gt;&gt;</a>&nbsp;&nbsp;&nbsp;CJ
<LI><a href="#[66]">&gt;&gt;</a>&nbsp;&nbsp;&nbsp;CALL
</UL>
<BR>[Called By]<UL><LI><a href="#[9a]">&gt;&gt;</a>&nbsp;&nbsp;&nbsp;PLC_ProComParse
</UL>

<P><STRONG><a name="[104]"></a>h_cos_value</STRONG> (Thumb, 338 bytes, Stack size 8 bytes, ladder.o(i.h_cos_value))
<BR><BR>[Stack]<UL><LI>Max Depth = 8<LI>Call Chain = h_cos_value
</UL>
<BR>[Called By]<UL><LI><a href="#[79]">&gt;&gt;</a>&nbsp;&nbsp;&nbsp;cos_value
</UL>

<P><STRONG><a name="[12b]"></a>less</STRONG> (Thumb, 74 bytes, Stack size 16 bytes, ladder.o(i.less))
<BR><BR>[Stack]<UL><LI>Max Depth = 40<LI>Call Chain = less &rArr; cos_value &rArr; K_M_MOV_D_H &rArr; MOV_K
</UL>
<BR>[Calls]<UL><LI><a href="#[79]">&gt;&gt;</a>&nbsp;&nbsp;&nbsp;cos_value
</UL>
<BR>[Called By]<UL><LI><a href="#[ac]">&gt;&gt;</a>&nbsp;&nbsp;&nbsp;extend_function
</UL>

<P><STRONG><a name="[131]"></a>less_OR</STRONG> (Thumb, 56 bytes, Stack size 16 bytes, ladder.o(i.less_OR))
<BR><BR>[Stack]<UL><LI>Max Depth = 40<LI>Call Chain = less_OR &rArr; cos_value &rArr; K_M_MOV_D_H &rArr; MOV_K
</UL>
<BR>[Calls]<UL><LI><a href="#[79]">&gt;&gt;</a>&nbsp;&nbsp;&nbsp;cos_value
</UL>
<BR>[Called By]<UL><LI><a href="#[ac]">&gt;&gt;</a>&nbsp;&nbsp;&nbsp;extend_function
</UL>

<P><STRONG><a name="[12d]"></a>less_amount</STRONG> (Thumb, 74 bytes, Stack size 16 bytes, ladder.o(i.less_amount))
<BR><BR>[Stack]<UL><LI>Max Depth = 40<LI>Call Chain = less_amount &rArr; cos_value &rArr; K_M_MOV_D_H &rArr; MOV_K
</UL>
<BR>[Calls]<UL><LI><a href="#[79]">&gt;&gt;</a>&nbsp;&nbsp;&nbsp;cos_value
</UL>
<BR>[Called By]<UL><LI><a href="#[ac]">&gt;&gt;</a>&nbsp;&nbsp;&nbsp;extend_function
</UL>

<P><STRONG><a name="[133]"></a>less_amount_OR</STRONG> (Thumb, 56 bytes, Stack size 16 bytes, ladder.o(i.less_amount_OR))
<BR><BR>[Stack]<UL><LI>Max Depth = 40<LI>Call Chain = less_amount_OR &rArr; cos_value &rArr; K_M_MOV_D_H &rArr; MOV_K
</UL>
<BR>[Calls]<UL><LI><a href="#[79]">&gt;&gt;</a>&nbsp;&nbsp;&nbsp;cos_value
</UL>
<BR>[Called By]<UL><LI><a href="#[ac]">&gt;&gt;</a>&nbsp;&nbsp;&nbsp;extend_function
</UL>

<P><STRONG><a name="[130]"></a>less_amount_and</STRONG> (Thumb, 56 bytes, Stack size 16 bytes, ladder.o(i.less_amount_and))
<BR><BR>[Stack]<UL><LI>Max Depth = 40<LI>Call Chain = less_amount_and &rArr; cos_value &rArr; K_M_MOV_D_H &rArr; MOV_K
</UL>
<BR>[Calls]<UL><LI><a href="#[79]">&gt;&gt;</a>&nbsp;&nbsp;&nbsp;cos_value
</UL>
<BR>[Called By]<UL><LI><a href="#[ac]">&gt;&gt;</a>&nbsp;&nbsp;&nbsp;extend_function
</UL>

<P><STRONG><a name="[12e]"></a>less_and</STRONG> (Thumb, 56 bytes, Stack size 16 bytes, ladder.o(i.less_and))
<BR><BR>[Stack]<UL><LI>Max Depth = 40<LI>Call Chain = less_and &rArr; cos_value &rArr; K_M_MOV_D_H &rArr; MOV_K
</UL>
<BR>[Calls]<UL><LI><a href="#[79]">&gt;&gt;</a>&nbsp;&nbsp;&nbsp;cos_value
</UL>
<BR>[Called By]<UL><LI><a href="#[ac]">&gt;&gt;</a>&nbsp;&nbsp;&nbsp;extend_function
</UL>

<P><STRONG><a name="[11d]"></a>mul</STRONG> (Thumb, 66 bytes, Stack size 16 bytes, ladder.o(i.mul))
<BR><BR>[Stack]<UL><LI>Max Depth = 48<LI>Call Chain = mul &rArr; mul_target &rArr; div_assign_value
</UL>
<BR>[Calls]<UL><LI><a href="#[c3]">&gt;&gt;</a>&nbsp;&nbsp;&nbsp;mul_target
<LI><a href="#[79]">&gt;&gt;</a>&nbsp;&nbsp;&nbsp;cos_value
</UL>
<BR>[Called By]<UL><LI><a href="#[ac]">&gt;&gt;</a>&nbsp;&nbsp;&nbsp;extend_function
<LI><a href="#[11c]">&gt;&gt;</a>&nbsp;&nbsp;&nbsp;extend_MULP
</UL>

<P><STRONG><a name="[c3]"></a>mul_target</STRONG> (Thumb, 198 bytes, Stack size 16 bytes, ladder.o(i.mul_target))
<BR><BR>[Stack]<UL><LI>Max Depth = 32<LI>Call Chain = mul_target &rArr; div_assign_value
</UL>
<BR>[Calls]<UL><LI><a href="#[13b]">&gt;&gt;</a>&nbsp;&nbsp;&nbsp;div_assign_value
<LI><a href="#[f5]">&gt;&gt;</a>&nbsp;&nbsp;&nbsp;MOV_TO_K_H
</UL>
<BR>[Called By]<UL><LI><a href="#[11d]">&gt;&gt;</a>&nbsp;&nbsp;&nbsp;mul
<LI><a href="#[107]">&gt;&gt;</a>&nbsp;&nbsp;&nbsp;div
<LI><a href="#[c9]">&gt;&gt;</a>&nbsp;&nbsp;&nbsp;ROR
<LI><a href="#[c8]">&gt;&gt;</a>&nbsp;&nbsp;&nbsp;ROL
<LI><a href="#[c4]">&gt;&gt;</a>&nbsp;&nbsp;&nbsp;RCR
<LI><a href="#[c2]">&gt;&gt;</a>&nbsp;&nbsp;&nbsp;RCL
</UL>

<P><STRONG><a name="[12c]"></a>no_amount</STRONG> (Thumb, 74 bytes, Stack size 16 bytes, ladder.o(i.no_amount))
<BR><BR>[Stack]<UL><LI>Max Depth = 40<LI>Call Chain = no_amount &rArr; cos_value &rArr; K_M_MOV_D_H &rArr; MOV_K
</UL>
<BR>[Calls]<UL><LI><a href="#[79]">&gt;&gt;</a>&nbsp;&nbsp;&nbsp;cos_value
</UL>
<BR>[Called By]<UL><LI><a href="#[ac]">&gt;&gt;</a>&nbsp;&nbsp;&nbsp;extend_function
</UL>

<P><STRONG><a name="[132]"></a>no_amount_OR</STRONG> (Thumb, 56 bytes, Stack size 16 bytes, ladder.o(i.no_amount_OR))
<BR><BR>[Stack]<UL><LI>Max Depth = 40<LI>Call Chain = no_amount_OR &rArr; cos_value &rArr; K_M_MOV_D_H &rArr; MOV_K
</UL>
<BR>[Calls]<UL><LI><a href="#[79]">&gt;&gt;</a>&nbsp;&nbsp;&nbsp;cos_value
</UL>
<BR>[Called By]<UL><LI><a href="#[ac]">&gt;&gt;</a>&nbsp;&nbsp;&nbsp;extend_function
</UL>

<P><STRONG><a name="[12f]"></a>no_amount_and</STRONG> (Thumb, 56 bytes, Stack size 16 bytes, ladder.o(i.no_amount_and))
<BR><BR>[Stack]<UL><LI>Max Depth = 40<LI>Call Chain = no_amount_and &rArr; cos_value &rArr; K_M_MOV_D_H &rArr; MOV_K
</UL>
<BR>[Calls]<UL><LI><a href="#[79]">&gt;&gt;</a>&nbsp;&nbsp;&nbsp;cos_value
</UL>
<BR>[Called By]<UL><LI><a href="#[ac]">&gt;&gt;</a>&nbsp;&nbsp;&nbsp;extend_function
</UL>

<P><STRONG><a name="[a1]"></a>operation_C</STRONG> (Thumb, 80 bytes, Stack size 8 bytes, ladder.o(i.operation_C))
<BR><BR>[Stack]<UL><LI>Max Depth = 44<LI>Call Chain = operation_C &rArr; C_given_value_K &rArr; enable_C_K &rArr; OUT
</UL>
<BR>[Calls]<UL><LI><a href="#[6e]">&gt;&gt;</a>&nbsp;&nbsp;&nbsp;C_given_value_K
<LI><a href="#[6b]">&gt;&gt;</a>&nbsp;&nbsp;&nbsp;C_given_value_D
</UL>
<BR>[Called By]<UL><LI><a href="#[9a]">&gt;&gt;</a>&nbsp;&nbsp;&nbsp;PLC_ProComParse
</UL>

<P><STRONG><a name="[a0]"></a>operation_T</STRONG> (Thumb, 80 bytes, Stack size 8 bytes, ladder.o(i.operation_T))
<BR><BR>[Stack]<UL><LI>Max Depth = 36<LI>Call Chain = operation_T &rArr; T_given_value_K &rArr; enable_T_K &rArr; OUT
</UL>
<BR>[Calls]<UL><LI><a href="#[e8]">&gt;&gt;</a>&nbsp;&nbsp;&nbsp;T_given_value_K
<LI><a href="#[e5]">&gt;&gt;</a>&nbsp;&nbsp;&nbsp;T_given_value_D
</UL>
<BR>[Called By]<UL><LI><a href="#[9a]">&gt;&gt;</a>&nbsp;&nbsp;&nbsp;PLC_ProComParse
</UL>

<P><STRONG><a name="[ab]"></a>other_function</STRONG> (Thumb, 68 bytes, Stack size 8 bytes, ladder.o(i.other_function))
<BR><BR>[Stack]<UL><LI>Max Depth = 8<LI>Call Chain = other_function
</UL>
<BR>[Calls]<UL><LI><a href="#[13d]">&gt;&gt;</a>&nbsp;&nbsp;&nbsp;ORB
<LI><a href="#[13f]">&gt;&gt;</a>&nbsp;&nbsp;&nbsp;MRD
<LI><a href="#[13e]">&gt;&gt;</a>&nbsp;&nbsp;&nbsp;MPS
<LI><a href="#[140]">&gt;&gt;</a>&nbsp;&nbsp;&nbsp;MPP
<LI><a href="#[141]">&gt;&gt;</a>&nbsp;&nbsp;&nbsp;INV
<LI><a href="#[13c]">&gt;&gt;</a>&nbsp;&nbsp;&nbsp;ANB
</UL>
<BR>[Called By]<UL><LI><a href="#[9a]">&gt;&gt;</a>&nbsp;&nbsp;&nbsp;PLC_ProComParse
</UL>

<P><STRONG><a name="[12a]"></a>sub</STRONG> (Thumb, 36 bytes, Stack size 16 bytes, ladder.o(i.sub))
<BR><BR>[Stack]<UL><LI>Max Depth = 44<LI>Call Chain = sub &rArr; add_target &rArr; add_assgin_value
</UL>
<BR>[Calls]<UL><LI><a href="#[79]">&gt;&gt;</a>&nbsp;&nbsp;&nbsp;cos_value
<LI><a href="#[7a]">&gt;&gt;</a>&nbsp;&nbsp;&nbsp;add_target
</UL>
<BR>[Called By]<UL><LI><a href="#[ac]">&gt;&gt;</a>&nbsp;&nbsp;&nbsp;extend_function
<LI><a href="#[129]">&gt;&gt;</a>&nbsp;&nbsp;&nbsp;extend_SUBP
</UL>
<P>
<H3>
Undefined Global Symbols
</H3><HR></body></html>
