Component: ARM Compiler 5.06 update 5 (build 528) Tool: armlink [4d35e2]

==============================================================================

Section Cross References

    main.o(i.fputc) refers to stm32f10x_usart.o(i.USART_SendData) for USART_SendData
    main.o(i.fputc) refers to stm32f10x_usart.o(i.USART_GetFlagStatus) for USART_GetFlagStatus
    main.o(i.main) refers to main.o(i.Delay) for Delay
    main.o(i.main) refers to bsp.o(i.init_xy) for init_xy
    main.o(i.main) refers to sys.o(i.Stm32_Clock_Init) for Stm32_Clock_Init
    main.o(i.main) refers to usart_com.o(i.usart_init) for usart_init
    main.o(i.main) refers to adc.o(i.ADC_init) for ADC_init
    main.o(i.main) refers to stm32f10x_usart.o(i.USART_ITConfig) for USART_ITConfig
    main.o(i.main) refers to clk.o(i.TIM5_Init) for TIM5_Init
    main.o(i.main) refers to irq.o(i.NVIC_Configuration) for NVIC_Configuration
    main.o(i.main) refers to main.o(i.send_test) for send_test
    main.o(i.main) refers to bsp.o(i.y_refresh) for y_refresh
    main.o(i.main) refers to bsp.o(i.x_refresh) for x_refresh
    main.o(i.main) refers to ladder.o(i.PLC_ProComParse) for PLC_ProComParse
    main.o(i.main) refers to usart_com.o(i.Process_switch) for Process_switch
    main.o(i.main) refers to usart_com.o(i.TX_Process) for TX_Process
    main.o(i.main) refers to usart_com.o(i.recover_data) for recover_data
    main.o(i.main) refers to usart_com.o(i.backup_data) for backup_data
    main.o(i.main) refers to main.o(.ARM.__AT_0x2000D5F0) for startup
    main.o(i.main) refers to main.o(.data) for power_down
    main.o(i.main) refers to usart_com.o(.data) for rx_end
    main.o(i.main) refers to usart_com.o(.ARM.__AT_0x20005004) for all_data
    main.o(i.send_test) refers to stm32f10x_usart.o(i.USART_SendData) for USART_SendData
    main.o(i.send_test) refers to main.o(i.Delay) for Delay
    sys.o(i.MYRCC_DeInit) refers to sys.o(i.MY_NVIC_SetVectorTable) for MY_NVIC_SetVectorTable
    sys.o(i.MY_NVIC_Init) refers to sys.o(i.MY_NVIC_PriorityGroupConfig) for MY_NVIC_PriorityGroupConfig
    sys.o(i.Stm32_Clock_Init) refers to sys.o(i.MYRCC_DeInit) for MYRCC_DeInit
    sys.o(i.Sys_Standby) refers to sys.o(.emb_text) for WFI_SET
    startup_stm32f10x_hd.o(STACK) refers (Special) to system_stm32f10x.o(i.SystemInit) for SystemInit
    startup_stm32f10x_hd.o(STACK) refers (Special) to heapauxi.o(.text) for __use_two_region_memory
    startup_stm32f10x_hd.o(HEAP) refers (Special) to system_stm32f10x.o(i.SystemInit) for SystemInit
    startup_stm32f10x_hd.o(HEAP) refers (Special) to heapauxi.o(.text) for __use_two_region_memory
    startup_stm32f10x_hd.o(RESET) refers (Special) to system_stm32f10x.o(i.SystemInit) for SystemInit
    startup_stm32f10x_hd.o(RESET) refers (Special) to heapauxi.o(.text) for __use_two_region_memory
    startup_stm32f10x_hd.o(RESET) refers to startup_stm32f10x_hd.o(STACK) for __initial_sp
    startup_stm32f10x_hd.o(RESET) refers to startup_stm32f10x_hd.o(.text) for Reset_Handler
    startup_stm32f10x_hd.o(RESET) refers to stm32f10x_it.o(i.NMI_Handler) for NMI_Handler
    startup_stm32f10x_hd.o(RESET) refers to stm32f10x_it.o(i.HardFault_Handler) for HardFault_Handler
    startup_stm32f10x_hd.o(RESET) refers to stm32f10x_it.o(i.MemManage_Handler) for MemManage_Handler
    startup_stm32f10x_hd.o(RESET) refers to stm32f10x_it.o(i.BusFault_Handler) for BusFault_Handler
    startup_stm32f10x_hd.o(RESET) refers to stm32f10x_it.o(i.UsageFault_Handler) for UsageFault_Handler
    startup_stm32f10x_hd.o(RESET) refers to stm32f10x_it.o(i.SVC_Handler) for SVC_Handler
    startup_stm32f10x_hd.o(RESET) refers to stm32f10x_it.o(i.DebugMon_Handler) for DebugMon_Handler
    startup_stm32f10x_hd.o(RESET) refers to stm32f10x_it.o(i.PendSV_Handler) for PendSV_Handler
    startup_stm32f10x_hd.o(RESET) refers to usart_com.o(i.USART1_IRQHandler) for USART1_IRQHandler
    startup_stm32f10x_hd.o(RESET) refers to clk.o(i.TIM5_IRQHandler) for TIM5_IRQHandler
    startup_stm32f10x_hd.o(.text) refers (Special) to system_stm32f10x.o(i.SystemInit) for SystemInit
    startup_stm32f10x_hd.o(.text) refers (Special) to heapauxi.o(.text) for __use_two_region_memory
    startup_stm32f10x_hd.o(.text) refers to __main.o(!!!main) for __main
    startup_stm32f10x_hd.o(.text) refers to startup_stm32f10x_hd.o(HEAP) for Heap_Mem
    startup_stm32f10x_hd.o(.text) refers to startup_stm32f10x_hd.o(STACK) for Stack_Mem
    system_stm32f10x.o(i.SetSysClock) refers to system_stm32f10x.o(i.SetSysClockTo72) for SetSysClockTo72
    system_stm32f10x.o(i.SystemCoreClockUpdate) refers to system_stm32f10x.o(.data) for SystemCoreClock
    system_stm32f10x.o(i.SystemInit) refers to system_stm32f10x.o(i.SetSysClock) for SetSysClock
    dac.o(i.DAC_data) refers to stm32f10x_dac.o(i.DAC_SetChannel1Data) for DAC_SetChannel1Data
    dac.o(i.DAC_data) refers to stm32f10x_dac.o(i.DAC_SetChannel2Data) for DAC_SetChannel2Data
[...]
    .ARM.__AT_0x08006000                     0x08006000   Section        2  usart_com.o(.ARM.__AT_0x08006000)
    .ARM.__AT_0x08006002                     0x08006002   Section    60952  usart_com.o(.ARM.__AT_0x08006002)
    i.enable_C_K                             0x08014e1c   Section        0  ladder.o(i.enable_C_K)
    enable_C_K                               0x08014e1d   Thumb Code   292  ladder.o(i.enable_C_K)
    i.enable_T_K                             0x08014f5c   Section        0  ladder.o(i.enable_T_K)
    enable_T_K                               0x08014f5d   Thumb Code   104  ladder.o(i.enable_T_K)
    i.extend_ADDP                            0x08014fd8   Section        0  ladder.o(i.extend_ADDP)
    extend_ADDP                              0x08014fd9   Thumb Code   110  ladder.o(i.extend_ADDP)
    i.extend_ANDF                            0x08015054   Section        0  ladder.o(i.extend_ANDF)
    extend_ANDF                              0x08015055   Thumb Code   138  ladder.o(i.extend_ANDF)
    i.extend_ANDP                            0x080150ec   Section        0  ladder.o(i.extend_ANDP)
    extend_ANDP                              0x080150ed   Thumb Code   140  ladder.o(i.extend_ANDP)
    i.extend_AND_M                           0x08015184   Section        0  ladder.o(i.extend_AND_M)
    extend_AND_M                             0x08015185   Thumb Code   182  ladder.o(i.extend_AND_M)
    i.extend_ANI_M                           0x08015240   Section        0  ladder.o(i.extend_ANI_M)
    extend_ANI_M                             0x08015241   Thumb Code   182  ladder.o(i.extend_ANI_M)
    i.extend_DECP                            0x080152fc   Section        0  ladder.o(i.extend_DECP)
    extend_DECP                              0x080152fd   Thumb Code   110  ladder.o(i.extend_DECP)
    i.extend_DIVP                            0x08015378   Section        0  ladder.o(i.extend_DIVP)
    extend_DIVP                              0x08015379   Thumb Code   110  ladder.o(i.extend_DIVP)
    i.extend_INCP                            0x080153f4   Section        0  ladder.o(i.extend_INCP)
    extend_INCP                              0x080153f5   Thumb Code   110  ladder.o(i.extend_INCP)
    i.extend_LDF                             0x08015470   Section        0  ladder.o(i.extend_LDF)
    extend_LDF                               0x08015471   Thumb Code   194  ladder.o(i.extend_LDF)
    i.extend_LDI_M                           0x08015540   Section        0  ladder.o(i.extend_LDI_M)
    extend_LDI_M                             0x08015541   Thumb Code   182  ladder.o(i.extend_LDI_M)
    i.extend_LDP                             0x080155fc   Section        0  ladder.o(i.extend_LDP)
    extend_LDP                               0x080155fd   Thumb Code   196  ladder.o(i.extend_LDP)
    i.extend_LD_M                            0x080156cc   Section        0  ladder.o(i.extend_LD_M)
    extend_LD_M                              0x080156cd   Thumb Code   182  ladder.o(i.extend_LD_M)
    i.extend_MOV                             0x08015788   Section        0  ladder.o(i.extend_MOV)
    extend_MOV                               0x08015789   Thumb Code    38  ladder.o(i.extend_MOV)
    i.extend_MOVP                            0x080157bc   Section        0  ladder.o(i.extend_MOVP)
    extend_MOVP                              0x080157bd   Thumb Code   118  ladder.o(i.extend_MOVP)
    i.extend_MULP                            0x08015844   Section        0  ladder.o(i.extend_MULP)
    extend_MULP                              0x08015845   Thumb Code   110  ladder.o(i.extend_MULP)
    i.extend_ORF                             0x080158c0   Section        0  ladder.o(i.extend_ORF)
    extend_ORF                               0x080158c1   Thumb Code   138  ladder.o(i.extend_ORF)
    i.extend_ORI_M                           0x08015958   Section        0  ladder.o(i.extend_ORI_M)
    extend_ORI_M                             0x08015959   Thumb Code   182  ladder.o(i.extend_ORI_M)
    i.extend_ORP                             0x08015a14   Section        0  ladder.o(i.extend_ORP)
    extend_ORP                               0x08015a15   Thumb Code   140  ladder.o(i.extend_ORP)
    i.extend_OR_M                            0x08015aac   Section        0  ladder.o(i.extend_OR_M)
    extend_OR_M                              0x08015aad   Thumb Code   182  ladder.o(i.extend_OR_M)
    i.extend_OUT_M                           0x08015b68   Section        0  ladder.o(i.extend_OUT_M)
    extend_OUT_M                             0x08015b69   Thumb Code   182  ladder.o(i.extend_OUT_M)
    i.extend_OUT_S                           0x08015c24   Section        0  ladder.o(i.extend_OUT_S)
    extend_OUT_S                             0x08015c25   Thumb Code   142  ladder.o(i.extend_OUT_S)
    i.extend_RST_M                           0x08015cb8   Section        0  ladder.o(i.extend_RST_M)
    extend_RST_M                             0x08015cb9   Thumb Code   182  ladder.o(i.extend_RST_M)
    i.extend_RST_S                           0x08015d74   Section        0  ladder.o(i.extend_RST_S)
    extend_RST_S                             0x08015d75   Thumb Code   142  ladder.o(i.extend_RST_S)
    i.extend_RST_T                           0x08015e08   Section        0  ladder.o(i.extend_RST_T)
    extend_RST_T                             0x08015e09   Thumb Code    74  ladder.o(i.extend_RST_T)
    i.extend_SET_M                           0x08015e58   Section        0  ladder.o(i.extend_SET_M)
    extend_SET_M                             0x08015e59   Thumb Code   182  ladder.o(i.extend_SET_M)
    i.extend_SET_S                           0x08015f14   Section        0  ladder.o(i.extend_SET_S)
    extend_SET_S                             0x08015f15   Thumb Code   142  ladder.o(i.extend_SET_S)
    i.extend_SUBP                            0x08015fa8   Section        0  ladder.o(i.extend_SUBP)
    extend_SUBP                              0x08015fa9   Thumb Code   110  ladder.o(i.extend_SUBP)
    i.extend_function                        0x08016024   Section        0  ladder.o(i.extend_function)
    extend_function                          0x08016025   Thumb Code  1454  ladder.o(i.extend_function)
    i.filter                                 0x080165d8   Section        0  adc.o(i.filter)
    i.find_data                              0x08016620   Section        0  usart_com.o(i.find_data)
    i.find_data_address                      0x08016680   Section        0  usart_com.o(i.find_data_address)
    i.find_end                               0x08016790   Section        0  usart_com.o(i.find_end)
    i.find_p                                 0x080167d0   Section        0  ladder.o(i.find_p)
    i.find_step                              0x08016830   Section        0  ladder.o(i.find_step)
    i.find_toend                             0x08016888   Section        0  ladder.o(i.find_toend)
    i.force_reset                            0x080168cc   Section        0  ladder.o(i.force_reset)
    i.force_set                              0x08016914   Section        0  ladder.o(i.force_set)
    i.h_cos_value                            0x0801695c   Section        0  ladder.o(i.h_cos_value)
    h_cos_value                              0x0801695d   Thumb Code   338  ladder.o(i.h_cos_value)
    i.less                                   0x08016abc   Section        0  ladder.o(i.less)
    less                                     0x08016abd   Thumb Code    74  ladder.o(i.less)
    i.less_OR                                0x08016b0c   Section        0  ladder.o(i.less_OR)
    less_OR                                  0x08016b0d   Thumb Code    56  ladder.o(i.less_OR)
    i.less_amount                            0x08016b48   Section        0  ladder.o(i.less_amount)
    less_amount                              0x08016b49   Thumb Code    74  ladder.o(i.less_amount)
    i.less_amount_OR                         0x08016b98   Section        0  ladder.o(i.less_amount_OR)
    less_amount_OR                           0x08016b99   Thumb Code    56  ladder.o(i.less_amount_OR)
    i.less_amount_and                        0x08016bd4   Section        0  ladder.o(i.less_amount_and)
    less_amount_and                          0x08016bd5   Thumb Code    56  ladder.o(i.less_amount_and)
    i.less_and                               0x08016c10   Section        0  ladder.o(i.less_and)
    less_and                                 0x08016c11   Thumb Code    56  ladder.o(i.less_and)
    i.main                                   0x08016c4c   Section        0  main.o(i.main)
    i.mov_flash                              0x08016d68   Section        0  usart_com.o(i.mov_flash)
    i.mul                                    0x08016f34   Section        0  ladder.o(i.mul)
    mul                                      0x08016f35   Thumb Code    66  ladder.o(i.mul)
    i.mul_target                             0x08016f84   Section        0  ladder.o(i.mul_target)
    mul_target                               0x08016f85   Thumb Code   198  ladder.o(i.mul_target)
    i.no_amount                              0x0801705c   Section        0  ladder.o(i.no_amount)
    no_amount                                0x0801705d   Thumb Code    74  ladder.o(i.no_amount)
    i.no_amount_OR                           0x080170ac   Section        0  ladder.o(i.no_amount_OR)
    no_amount_OR                             0x080170ad   Thumb Code    56  ladder.o(i.no_amount_OR)
    i.no_amount_and                          0x080170e8   Section        0  ladder.o(i.no_amount_and)
    no_amount_and                            0x080170e9   Thumb Code    56  ladder.o(i.no_amount_and)
    i.online_write_data                      0x08017124   Section        0  usart_com.o(i.online_write_data)
    i.operation_C                            0x0801722c   Section        0  ladder.o(i.operation_C)
    operation_C                              0x0801722d   Thumb Code    80  ladder.o(i.operation_C)
    i.operation_T                            0x08017284   Section        0  ladder.o(i.operation_T)
    operation_T                              0x08017285   Thumb Code    80  ladder.o(i.operation_T)
    i.other_function                         0x080172dc   Section        0  ladder.o(i.other_function)
    other_function                           0x080172dd   Thumb Code    68  ladder.o(i.other_function)
    i.read_data                              0x08017320   Section        0  usart_com.o(i.read_data)
    i.read_other_data                        0x0801735c   Section        0  usart_com.o(i.read_other_data)
    i.read_plc_tyte                          0x0801743c   Section        0  usart_com.o(i.read_plc_tyte)
    i.recover_data                           0x08017508   Section        0  usart_com.o(i.recover_data)
    i.reset_step                             0x080175a0   Section        0  ladder.o(i.reset_step)
    i.rx_data_sum                            0x08017600   Section        0  usart_com.o(i.rx_data_sum)
    i.send_test                              0x0801769c   Section        0  main.o(i.send_test)
    i.set_step                               0x080176f8   Section        0  ladder.o(i.set_step)
    i.setup_LH                               0x08017748   Section        0  usart_com.o(i.setup_LH)
    i.sqrt                                   0x08017760   Section        0  sqrt.o(i.sqrt)
    i.sub                                    0x080177ac   Section        0  ladder.o(i.sub)
    sub                                      0x080177ad   Thumb Code    36  ladder.o(i.sub)
    i.switch_read_data                       0x080177d8   Section        0  usart_com.o(i.switch_read_data)
    i.timer_disble                           0x08017840   Section        0  clk.o(i.timer_disble)
    i.timer_enable                           0x08017920   Section        0  clk.o(i.timer_enable)
    i.usart                                  0x080179b4   Section        0  usart_com.o(i.usart)
    i.usart_init                             0x080179e0   Section        0  usart_com.o(i.usart_init)
    i.write_block                            0x08017a48   Section        0  usart_com.o(i.write_block)
    i.write_data                             0x08017ab0   Section        0  usart_com.o(i.write_data)
    i.x_filter                               0x08017afc   Section        0  bsp.o(i.x_filter)
    i.x_refresh                              0x08017f34   Section        0  bsp.o(i.x_refresh)
    i.y_refresh                              0x08017f8c   Section        0  bsp.o(i.y_refresh)
    x$fpl$dfixu                              0x0801808c   Section       90  dfixu.o(x$fpl$dfixu)
    x$fpl$dfltu                              0x080180e6   Section       38  dflt_clz.o(x$fpl$dfltu)
    x$fpl$dnaninf                            0x0801810c   Section      156  dnaninf.o(x$fpl$dnaninf)
    x$fpl$dsqrt                              0x080181a8   Section      460  dsqrt_noumaal.o(x$fpl$dsqrt)
    .constdata                               0x08018374   Section      559  usart_com.o(.constdata)
    bcd_ascll                                0x08018574   Data          20  usart_com.o(.constdata)
    .data                                    0x20000000   Section        2  main.o(.data)
    .data                                    0x20000004   Section       26  clk.o(.data)
    all_clock                                0x20000018   Data           1  clk.o(.data)
    minute                                   0x2000001a   Data           2  clk.o(.data)
    test                                     0x2000001c   Data           2  clk.o(.data)
    .data                                    0x20000020   Section       86  ladder.o(.data)
    p_data                                   0x20000020   Data           4  ladder.o(.data)
    process_value                            0x20000024   Data           2  ladder.o(.data)
    p_prog                                   0x20000028   Data           4  ladder.o(.data)
    T_number                                 0x2000002c   Data           1  ladder.o(.data)
    C_number                                 0x2000002d   Data           1  ladder.o(.data)
    T_value                                  0x2000002e   Data           2  ladder.o(.data)
    C_value                                  0x20000030   Data           2  ladder.o(.data)
    mov_d_value                              0x20000032   Data           2  ladder.o(.data)
    mov_d_addr                               0x20000034   Data           2  ladder.o(.data)
    program_start_addr                       0x2000003c   Data           4  ladder.o(.data)
    temp1                                    0x20000046   Data           2  ladder.o(.data)
    temp2                                    0x20000048   Data           2  ladder.o(.data)
    temp1                                    0x2000004a   Data           2  ladder.o(.data)
    temp2                                    0x2000004c   Data           2  ladder.o(.data)
    temp1                                    0x2000004e   Data           2  ladder.o(.data)
    temp2                                    0x20000050   Data           2  ladder.o(.data)
    temp4                                    0x20000052   Data           1  ladder.o(.data)
    LL_BIT                                   0x20000053   Data           1  ladder.o(.data)
    JOB_ADDR                                 0x20000054   Data           2  ladder.o(.data)
    MOV_DATA_16BIT                           0x20000058   Data           4  ladder.o(.data)
    MOV_DATA_16BIT_BACKUP                    0x2000005c   Data           4  ladder.o(.data)
    MOV_DATA_BACKUP1                         0x20000060   Data           4  ladder.o(.data)
    LL_BIT                                   0x20000064   Data           1  ladder.o(.data)
    MOV_DATA_16BIT                           0x20000068   Data           4  ladder.o(.data)
    temp                                     0x2000006c   Data           2  ladder.o(.data)
    temp                                     0x2000006e   Data           2  ladder.o(.data)
    temp                                     0x20000070   Data           2  ladder.o(.data)
    temp                                     0x20000072   Data           2  ladder.o(.data)
    all_out_rst                              0x20000074   Data           1  ladder.o(.data)
    puls                                     0x20000075   Data           1  ladder.o(.data)
    .data                                    0x20000078   Section       30  usart_com.o(.data)
    offset                                   0x20000094   Data           1  usart_com.o(.data)
    f                                        0x20000095   Data           1  usart_com.o(.data)
    .data                                    0x20000096   Section        6  bsp.o(.data)
    .data                                    0x2000009c   Section       20  stm32f10x_rcc.o(.data)
    APBAHBPrescTable                         0x2000009c   Data          16  stm32f10x_rcc.o(.data)
    ADCPrescTable                            0x200000ac   Data           4  stm32f10x_rcc.o(.data)
    .bss                                     0x200000b0   Section      400  adc.o(.bss)
    .bss                                     0x20000240   Section     1160  ladder.o(.bss)
    prog_p_addr                              0x20000240   Data         516  ladder.o(.bss)
    p_save                                   0x20000444   Data         516  ladder.o(.bss)
    .bss                                     0x200006c8   Section     5320  usart_com.o(.bss)
    .bss                                     0x20001b90   Section       20  bsp.o(.bss)
    x_buffer                                 0x20001b90   Data          20  bsp.o(.bss)
    .bss                                     0x20001ba4   Section       96  libspace.o(.bss)
    HEAP                                     0x20001c08   Section      512  startup_stm32f10x_hd.o(HEAP)
    Heap_Mem                                 0x20001c08   Data         512  startup_stm32f10x_hd.o(HEAP)
    STACK                                    0x20001e08   Section     2048  startup_stm32f10x_hd.o(STACK)
    Stack_Mem                                0x20001e08   Data        2048  startup_stm32f10x_hd.o(STACK)
    __initial_sp                             0x20002608   Data           0  startup_stm32f10x_hd.o(STACK)
    .ARM.__AT_0x20005000                     0x20005000   Section        4  usart_com.o(.ARM.__AT_0x20005000)
    .ARM.__AT_0x20005004                     0x20005004   Section    33200  usart_com.o(.ARM.__AT_0x20005004)
    .ARM.__AT_0x2000D200                     0x2000d200   Section     1000  usart_com.o(.ARM.__AT_0x2000D200)
    .ARM.__AT_0x2000D5F0                     0x2000d5f0   Section        4  main.o(.ARM.__AT_0x2000D5F0)

    Global Symbols

    Symbol Name                              Value     Ov Type        Size  Object(Section)

    BuildAttributes$$THM_ISAv4$P$D$K$B$S$PE$A:L22UL41UL21$X:L11$S22US41US21$IEEE1$IW$USESV6$~STKCKD$USESV7$~SHL$OTIME$ROPI$IEEEJ$EBA8$UX$STANDARDLIB$REQ8$PRES8$EABIv2 0x00000000   Number         0  anon$$obj.o ABSOLUTE
    __ARM_use_no_argv                        0x00000000   Number         0  main.o ABSOLUTE
    __ARM_exceptions_init                     - Undefined Weak Reference
    __alloca_initialize                       - Undefined Weak Reference
    __arm_preinit_                            - Undefined Weak Reference
    __cpp_initialize__aeabi_                  - Undefined Weak Reference
    __cxa_finalize                            - Undefined Weak Reference
    __rt_locale                               - Undefined Weak Reference
    __sigvec_lookup                           - Undefined Weak Reference
    _atexit_init                              - Undefined Weak Reference
    _call_atexit_fns                          - Undefined Weak Reference
    _clock_init                               - Undefined Weak Reference
    _fp_trap_init                             - Undefined Weak Reference
    _fp_trap_shutdown                         - Undefined Weak Reference
    _get_lc_collate                           - Undefined Weak Reference
    _get_lc_ctype                             - Undefined Weak Reference
    _get_lc_monetary                          - Undefined Weak Reference
    _get_lc_numeric                           - Undefined Weak Reference
    _get_lc_time                              - Undefined Weak Reference
    _getenv_init                              - Undefined Weak Reference
    _handle_redirection                       - Undefined Weak Reference
    _init_alloc                               - Undefined Weak Reference
    _init_user_alloc                          - Undefined Weak Reference
    _initio                                   - Undefined Weak Reference
    _rand_init                                - Undefined Weak Reference
    _signal_finish                            - Undefined Weak Reference
    _signal_init                              - Undefined Weak Reference
    _terminate_alloc                          - Undefined Weak Reference
    _terminate_user_alloc                     - Undefined Weak Reference
    _terminateio                              - Undefined Weak Reference
    __Vectors_Size                           0x00000130   Number         0  startup_stm32f10x_hd.o ABSOLUTE
    __Vectors                                0x08000000   Data           4  startup_stm32f10x_hd.o(RESET)
    __Vectors_End                            0x08000130   Data           0  startup_stm32f10x_hd.o(RESET)
    __main                                   0x08000131   Thumb Code     8  __main.o(!!!main)
    __scatterload                            0x08000139   Thumb Code     0  __scatter.o(!!!scatter)
    __scatterload_rt2                        0x08000139   Thumb Code    44  __scatter.o(!!!scatter)
    __scatterload_rt2_thumb_only             0x08000139   Thumb Code     0  __scatter.o(!!!scatter)
    __scatterload_null                       0x08000147   Thumb Code     0  __scatter.o(!!!scatter)
    __scatterload_copy                       0x0800016d   Thumb Code    26  __scatter_copy.o(!!handler_copy)
    __scatterload_zeroinit                   0x08000189   Thumb Code    28  __scatter_zi.o(!!handler_zi)
    __rt_lib_init                            0x080001a5   Thumb Code     0  libinit.o(.ARM.Collect$$libinit$$00000000)
    __rt_lib_init_alloca_1                   0x080001a7   Thumb Code     0  libinit2.o(.ARM.Collect$$libinit$$0000002E)
    __rt_lib_init_argv_1                     0x080001a7   Thumb Code     0  libinit2.o(.ARM.Collect$$libinit$$0000002C)
    __rt_lib_init_atexit_1                   0x080001a7   Thumb Code     0  libinit2.o(.ARM.Collect$$libinit$$0000001B)
    __rt_lib_init_clock_1                    0x080001a7   Thumb Code     0  libinit2.o(.ARM.Collect$$libinit$$00000021)
    __rt_lib_init_cpp_1                      0x080001a7   Thumb Code     0  libinit2.o(.ARM.Collect$$libinit$$00000032)
    __rt_lib_init_exceptions_1               0x080001a7   Thumb Code     0  libinit2.o(.ARM.Collect$$libinit$$00000030)
    __rt_lib_init_fp_1                       0x080001a7   Thumb Code     0  libinit2.o(.ARM.Collect$$libinit$$00000002)
    __rt_lib_init_fp_trap_1                  0x080001a7   Thumb Code     0  libinit2.o(.ARM.Collect$$libinit$$0000001F)
    __rt_lib_init_getenv_1                   0x080001a7   Thumb Code     0  libinit2.o(.ARM.Collect$$libinit$$00000023)
    __rt_lib_init_heap_1                     0x080001a7   Thumb Code     0  libinit2.o(.ARM.Collect$$libinit$$0000000A)
    __rt_lib_init_lc_collate_1               0x080001a7   Thumb Code     0  libinit2.o(.ARM.Collect$$libinit$$00000011)
    __rt_lib_init_lc_ctype_1                 0x080001a7   Thumb Code     0  libinit2.o(.ARM.Collect$$libinit$$00000013)
    __rt_lib_init_lc_monetary_1              0x080001a7   Thumb Code     0  libinit2.o(.ARM.Collect$$libinit$$00000015)
    __rt_lib_init_lc_numeric_1               0x080001a7   Thumb Code     0  libinit2.o(.ARM.Collect$$libinit$$00000017)
    __rt_lib_init_lc_time_1                  0x080001a7   Thumb Code     0  libinit2.o(.ARM.Collect$$libinit$$00000019)
    __rt_lib_init_preinit_1                  0x080001a7   Thumb Code     0  libinit2.o(.ARM.Collect$$libinit$$00000004)
    __rt_lib_init_rand_1                     0x080001a7   Thumb Code     0  libinit2.o(.ARM.Collect$$libinit$$0000000E)
    __rt_lib_init_return                     0x080001a7   Thumb Code     0  libinit2.o(.ARM.Collect$$libinit$$00000033)
    __rt_lib_init_signal_1                   0x080001a7   Thumb Code     0  libinit2.o(.ARM.Collect$$libinit$$0000001D)
    __rt_lib_init_stdio_1                    0x080001a7   Thumb Code     0  libinit2.o(.ARM.Collect$$libinit$$00000025)
    __rt_lib_init_user_alloc_1               0x080001a7   Thumb Code     0  libinit2.o(.ARM.Collect$$libinit$$0000000C)
    __rt_lib_shutdown                        0x080001a9   Thumb Code     0  libshutdown.o(.ARM.Collect$$libshutdown$$00000000)
    __rt_lib_shutdown_cpp_1                  0x080001ab   Thumb Code     0  libshutdown2.o(.ARM.Collect$$libshutdown$$00000002)
    __rt_lib_shutdown_fp_trap_1              0x080001ab   Thumb Code     0  libshutdown2.o(.ARM.Collect$$libshutdown$$00000007)
    __rt_lib_shutdown_heap_1                 0x080001ab   Thumb Code     0  libshutdown2.o(.ARM.Collect$$libshutdown$$0000000F)
    __rt_lib_shutdown_return                 0x080001ab   Thumb Code     0  libshutdown2.o(.ARM.Collect$$libshutdown$$00000010)
    __rt_lib_shutdown_signal_1               0x080001ab   Thumb Code     0  libshutdown2.o(.ARM.Collect$$libshutdown$$0000000A)
    __rt_lib_shutdown_stdio_1                0x080001ab   Thumb Code     0  libshutdown2.o(.ARM.Collect$$libshutdown$$00000004)
    __rt_lib_shutdown_user_alloc_1           0x080001ab   Thumb Code     0  libshutdown2.o(.ARM.Collect$$libshutdown$$0000000C)
    __rt_entry                               0x080001ad   Thumb Code     0  __rtentry.o(.ARM.Collect$$rtentry$$00000000)
    __rt_entry_presh_1                       0x080001ad   Thumb Code     0  __rtentry2.o(.ARM.Collect$$rtentry$$00000002)
    __rt_entry_sh                            0x080001ad   Thumb Code     0  __rtentry4.o(.ARM.Collect$$rtentry$$00000004)
    __rt_entry_li                            0x080001b3   Thumb Code     0  __rtentry2.o(.ARM.Collect$$rtentry$$0000000A)
    __rt_entry_postsh_1                      0x080001b3   Thumb Code     0  __rtentry2.o(.ARM.Collect$$rtentry$$00000009)
    __rt_entry_main                          0x080001b7   Thumb Code     0  __rtentry2.o(.ARM.Collect$$rtentry$$0000000D)
    __rt_entry_postli_1                      0x080001b7   Thumb Code     0  __rtentry2.o(.ARM.Collect$$rtentry$$0000000C)
    __rt_exit                                0x080001bf   Thumb Code     0  rtexit.o(.ARM.Collect$$rtexit$$00000000)
    __rt_exit_ls                             0x080001c1   Thumb Code     0  rtexit2.o(.ARM.Collect$$rtexit$$00000003)
    __rt_exit_prels_1                        0x080001c1   Thumb Code     0  rtexit2.o(.ARM.Collect$$rtexit$$00000002)
    __rt_exit_exit                           0x080001c5   Thumb Code     0  rtexit2.o(.ARM.Collect$$rtexit$$00000004)
    Reset_Handler                            0x080001cd   Thumb Code     4  startup_stm32f10x_hd.o(.text)
    SysTick_Handler                          0x080001e1   Thumb Code     2  startup_stm32f10x_hd.o(.text)
    ADC1_2_IRQHandler                        0x080001e3   Thumb Code     0  startup_stm32f10x_hd.o(.text)
    ADC3_IRQHandler                          0x080001e3   Thumb Code     0  startup_stm32f10x_hd.o(.text)
    CAN1_RX1_IRQHandler                      0x080001e3   Thumb Code     0  startup_stm32f10x_hd.o(.text)
    CAN1_SCE_IRQHandler                      0x080001e3   Thumb Code     0  startup_stm32f10x_hd.o(.text)
    DMA1_Channel1_IRQHandler                 0x080001e3   Thumb Code     0  startup_stm32f10x_hd.o(.text)
    DMA1_Channel2_IRQHandler                 0x080001e3   Thumb Code     0  startup_stm32f10x_hd.o(.text)
    DMA1_Channel3_IRQHandler                 0x080001e3   Thumb Code     0  startup_stm32f10x_hd.o(.text)
    DMA1_Channel4_IRQHandler                 0x080001e3   Thumb Code     0  startup_stm32f10x_hd.o(.text)
    DMA1_Channel5_IRQHandler                 0x080001e3   Thumb Code     0  startup_stm32f10x_hd.o(.text)
    DMA1_Channel6_IRQHandler                 0x080001e3   Thumb Code     0  startup_stm32f10x_hd.o(.text)
    DMA1_Channel7_IRQHandler                 0x080001e3   Thumb Code     0  startup_stm32f10x_hd.o(.text)
    DMA2_Channel1_IRQHandler                 0x080001e3   Thumb Code     0  startup_stm32f10x_hd.o(.text)
    DMA2_Channel2_IRQHandler                 0x080001e3   Thumb Code     0  startup_stm32f10x_hd.o(.text)
    DMA2_Channel3_IRQHandler                 0x080001e3   Thumb Code     0  startup_stm32f10x_hd.o(.text)
    DMA2_Channel4_5_IRQHandler               0x080001e3   Thumb Code     0  startup_stm32f10x_hd.o(.text)
    EXTI0_IRQHandler                         0x080001e3   Thumb Code     0  startup_stm32f10x_hd.o(.text)
    EXTI15_10_IRQHandler                     0x080001e3   Thumb Code     0  startup_stm32f10x_hd.o(.text)
    EXTI1_IRQHandler                         0x080001e3   Thumb Code     0  startup_stm32f10x_hd.o(.text)
    EXTI2_IRQHandler                         0x080001e3   Thumb Code     0  startup_stm32f10x_hd.o(.text)
    EXTI3_IRQHandler                         0x080001e3   Thumb Code     0  startup_stm32f10x_hd.o(.text)
    EXTI4_IRQHandler                         0x080001e3   Thumb Code     0  startup_stm32f10x_hd.o(.text)
    EXTI9_5_IRQHandler                       0x080001e3   Thumb Code     0  startup_stm32f10x_hd.o(.text)
    FLASH_IRQHandler                         0x080001e3   Thumb Code     0  startup_stm32f10x_hd.o(.text)
    FSMC_IRQHandler                          0x080001e3   Thumb Code     0  startup_stm32f10x_hd.o(.text)
    I2C1_ER_IRQHandler                       0x080001e3   Thumb Code     0  startup_stm32f10x_hd.o(.text)
    I2C1_EV_IRQHandler                       0x080001e3   Thumb Code     0  startup_stm32f10x_hd.o(.text)
    I2C2_ER_IRQHandler                       0x080001e3   Thumb Code     0  startup_stm32f10x_hd.o(.text)
    I2C2_EV_IRQHandler                       0x080001e3   Thumb Code     0  startup_stm32f10x_hd.o(.text)
    PVD_IRQHandler                           0x080001e3   Thumb Code     0  startup_stm32f10x_hd.o(.text)
    RCC_IRQHandler                           0x080001e3   Thumb Code     0  startup_stm32f10x_hd.o(.text)
    RTCAlarm_IRQHandler                      0x080001e3   Thumb Code     0  startup_stm32f10x_hd.o(.text)
    RTC_IRQHandler                           0x080001e3   Thumb Code     0  startup_stm32f10x_hd.o(.text)
    SDIO_IRQHandler                          0x080001e3   Thumb Code     0  startup_stm32f10x_hd.o(.text)
    SPI1_IRQHandler                          0x080001e3   Thumb Code     0  startup_stm32f10x_hd.o(.text)
    SPI2_IRQHandler                          0x080001e3   Thumb Code     0  startup_stm32f10x_hd.o(.text)
    SPI3_IRQHandler                          0x080001e3   Thumb Code     0  startup_stm32f10x_hd.o(.text)
    TAMPER_IRQHandler                        0x080001e3   Thumb Code     0  startup_stm32f10x_hd.o(.text)
    TIM1_BRK_IRQHandler                      0x080001e3   Thumb Code     0  startup_stm32f10x_hd.o(.text)
    TIM1_CC_IRQHandler                       0x080001e3   Thumb Code     0  startup_stm32f10x_hd.o(.text)
    TIM1_TRG_COM_IRQHandler                  0x080001e3   Thumb Code     0  startup_stm32f10x_hd.o(.text)
    TIM1_UP_IRQHandler                       0x080001e3   Thumb Code     0  startup_stm32f10x_hd.o(.text)
    TIM2_IRQHandler                          0x080001e3   Thumb Code     0  startup_stm32f10x_hd.o(.text)
    TIM3_IRQHandler                          0x080001e3   Thumb Code     0  startup_stm32f10x_hd.o(.text)
    TIM4_IRQHandler                          0x080001e3   Thumb Code     0  startup_stm32f10x_hd.o(.text)
    TIM6_IRQHandler                          0x080001e3   Thumb Code     0  startup_stm32f10x_hd.o(.text)
    TIM7_IRQHandler                          0x080001e3   Thumb Code     0  startup_stm32f10x_hd.o(.text)
    TIM8_BRK_IRQHandler                      0x080001e3   Thumb Code     0  startup_stm32f10x_hd.o(.text)
    TIM8_CC_IRQHandler                       0x080001e3   Thumb Code     0  startup_stm32f10x_hd.o(.text)
    TIM8_TRG_COM_IRQHandler                  0x080001e3   Thumb Code     0  startup_stm32f10x_hd.o(.text)
    TIM8_UP_IRQHandler                       0x080001e3   Thumb Code     0  startup_stm32f10x_hd.o(.text)
    UART4_IRQHandler                         0x080001e3   Thumb Code     0  startup_stm32f10x_hd.o(.text)
    UART5_IRQHandler                         0x080001e3   Thumb Code     0  startup_stm32f10x_hd.o(.text)
    USART2_IRQHandler                        0x080001e3   Thumb Code     0  startup_stm32f10x_hd.o(.text)
    USART3_IRQHandler                        0x080001e3   Thumb Code     0  startup_stm32f10x_hd.o(.text)
    USBWakeUp_IRQHandler                     0x080001e3   Thumb Code     0  startup_stm32f10x_hd.o(.text)
    USB_HP_CAN1_TX_IRQHandler                0x080001e3   Thumb Code     0  startup_stm32f10x_hd.o(.text)
    USB_LP_CAN1_RX0_IRQHandler               0x080001e3   Thumb Code     0  startup_stm32f10x_hd.o(.text)
    WWDG_IRQHandler                          0x080001e3   Thumb Code     0  startup_stm32f10x_hd.o(.text)
    __user_initial_stackheap                 0x080001e5   Thumb Code     0  startup_stm32f10x_hd.o(.text)
    __use_two_region_memory                  0x08000205   Thumb Code     2  heapauxi.o(.text)
    __rt_heap_escrow$2region                 0x08000207   Thumb Code     2  heapauxi.o(.text)
    __rt_heap_expand$2region                 0x08000209   Thumb Code     2  heapauxi.o(.text)
    __read_errno                             0x0800020b   Thumb Code    10  _rserrno.o(.text)
    __set_errno                              0x08000215   Thumb Code    12  _rserrno.o(.text)
    __aeabi_errno_addr                       0x08000221   Thumb Code     8  rt_errno_addr_intlibspace.o(.text)
    __errno$intlibspace                      0x08000221   Thumb Code     0  rt_errno_addr_intlibspace.o(.text)
    __rt_errno_addr$intlibspace              0x08000221   Thumb Code     0  rt_errno_addr_intlibspace.o(.text)
    __user_libspace                          0x08000229   Thumb Code     8  libspace.o(.text)
    __user_perproc_libspace                  0x08000229   Thumb Code     0  libspace.o(.text)
    __user_perthread_libspace                0x08000229   Thumb Code     0  libspace.o(.text)
    __user_setup_stackheap                   0x08000231   Thumb Code    74  sys_stackheap_outer.o(.text)
    exit                                     0x0800027b   Thumb Code    18  exit.o(.text)
    _sys_exit                                0x0800028d   Thumb Code     8  sys_exit.o(.text)
    __I$use$semihosting                      0x08000299   Thumb Code     0  use_no_semi.o(.text)
    __use_no_semihosting_swi                 0x08000299   Thumb Code     2  use_no_semi.o(.text)
    ADC_Cmd                                  0x0800029b   Thumb Code    22  stm32f10x_adc.o(i.ADC_Cmd)
    __semihosting_library_function           0x0800029b   Thumb Code     0  indicate_semi.o(.text)
    ADC_DMACmd                               0x080002b1   Thumb Code    22  stm32f10x_adc.o(i.ADC_DMACmd)
    ADC_GetCalibrationStatus                 0x080002c7   Thumb Code    20  stm32f10x_adc.o(i.ADC_GetCalibrationStatus)
    ADC_GetResetCalibrationStatus            0x080002db   Thumb Code    20  stm32f10x_adc.o(i.ADC_GetResetCalibrationStatus)
    ADC_Init                                 0x080002f1   Thumb Code    70  stm32f10x_adc.o(i.ADC_Init)
    ADC_RegularChannelConfig                 0x08000341   Thumb Code   184  stm32f10x_adc.o(i.ADC_RegularChannelConfig)
    ADC_ResetCalibration                     0x080003f9   Thumb Code    10  stm32f10x_adc.o(i.ADC_ResetCalibration)
    ADC_SoftwareStartConvCmd                 0x08000403   Thumb Code    22  stm32f10x_adc.o(i.ADC_SoftwareStartConvCmd)
    ADC_StartCalibration                     0x08000419   Thumb Code    10  stm32f10x_adc.o(i.ADC_StartCalibration)
    ADC_init                                 0x08000423   Thumb Code    12  adc.o(i.ADC_init)
    AND                                      0x0800046d   Thumb Code   100  ladder.o(i.AND)
    BSP_config                               0x080005a1   Thumb Code   424  bsp.o(i.BSP_config)
    BusFault_Handler                         0x0800075d   Thumb Code     4  stm32f10x_it.o(i.BusFault_Handler)
    DAC_Cmd                                  0x08000945   Thumb Code    34  stm32f10x_dac.o(i.DAC_Cmd)
    DAC_Init                                 0x0800096d   Thumb Code    46  stm32f10x_dac.o(i.DAC_Init)
    DAC_SetChannel1Data                      0x080009a1   Thumb Code    26  stm32f10x_dac.o(i.DAC_SetChannel1Data)
    DAC_SetChannel2Data                      0x080009c1   Thumb Code    26  stm32f10x_dac.o(i.DAC_SetChannel2Data)
    DAC_SoftwareTriggerCmd                   0x080009e1   Thumb Code    40  stm32f10x_dac.o(i.DAC_SoftwareTriggerCmd)
    DAC_data                                 0x08000a0d   Thumb Code    44  dac.o(i.DAC_data)
    DAC_out_init                             0x08000a3d   Thumb Code   134  dac.o(i.DAC_out_init)
    DMA_Cmd                                  0x08000b11   Thumb Code    22  stm32f10x_dma.o(i.DMA_Cmd)
    DMA_DeInit                               0x08000b29   Thumb Code   322  stm32f10x_dma.o(i.DMA_DeInit)
    DMA_Init                                 0x08000c75   Thumb Code    60  stm32f10x_dma.o(i.DMA_Init)
    DebugMon_Handler                         0x08000cb1   Thumb Code     2  stm32f10x_it.o(i.DebugMon_Handler)
    EPC_FORCE_OFF                            0x08000cc5   Thumb Code    64  usart_com.o(i.EPC_FORCE_OFF)
    EPC_FORCE_ON                             0x08000d19   Thumb Code   130  usart_com.o(i.EPC_FORCE_ON)
    FLASH_ErasePage                          0x08000db1   Thumb Code    76  stm32f10x_flash.o(i.FLASH_ErasePage)
    FLASH_GetBank1Status                     0x08000e01   Thumb Code    48  stm32f10x_flash.o(i.FLASH_GetBank1Status)
    FLASH_Lock                               0x08000e35   Thumb Code    14  stm32f10x_flash.o(i.FLASH_Lock)
    FLASH_ProgramHalfWord                    0x08000e49   Thumb Code    64  stm32f10x_flash.o(i.FLASH_ProgramHalfWord)
    FLASH_Unlock                             0x08000e8d   Thumb Code    12  stm32f10x_flash.o(i.FLASH_Unlock)
    FLASH_WaitForLastOperation               0x08000ea5   Thumb Code    38  stm32f10x_flash.o(i.FLASH_WaitForLastOperation)
    GPIO_Init                                0x08000ecb   Thumb Code   278  stm32f10x_gpio.o(i.GPIO_Init)
    HardFault_Handler                        0x08000fe1   Thumb Code     4  stm32f10x_it.o(i.HardFault_Handler)
    MYRCC_DeInit                             0x0800218d   Thumb Code    90  sys.o(i.MYRCC_DeInit)
    MY_NVIC_SetVectorTable                   0x080021f5   Thumb Code    12  sys.o(i.MY_NVIC_SetVectorTable)
    MemManage_Handler                        0x08002209   Thumb Code     4  stm32f10x_it.o(i.MemManage_Handler)
    NMI_Handler                              0x0800224d   Thumb Code     2  stm32f10x_it.o(i.NMI_Handler)
    NVIC_Configuration                       0x0800224f   Thumb Code    82  irq.o(i.NVIC_Configuration)
    NVIC_Init                                0x080022a1   Thumb Code   100  misc.o(i.NVIC_Init)
    NVIC_PriorityGroupConfig                 0x08002311   Thumb Code    10  misc.o(i.NVIC_PriorityGroupConfig)
    NVIC_SetVectorTable                      0x08002325   Thumb Code    12  misc.o(i.NVIC_SetVectorTable)
    PC_FORCE_OFF                             0x080024bd   Thumb Code    84  usart_com.o(i.PC_FORCE_OFF)
    PC_FORCE_ON                              0x08002525   Thumb Code    76  usart_com.o(i.PC_FORCE_ON)
    PC_OPTION_PROG                           0x08002585   Thumb Code   220  usart_com.o(i.PC_OPTION_PROG)
    PC_READ_PORG                             0x08002681   Thumb Code   336  usart_com.o(i.PC_READ_PORG)
    PC_READ_Parameter                        0x080027ed   Thumb Code   786  usart_com.o(i.PC_READ_Parameter)
    PC_READ_byte                             0x08002b25   Thumb Code    52  usart_com.o(i.PC_READ_byte)
    PC_WRITE_PORG                            0x08002b61   Thumb Code   234  usart_com.o(i.PC_WRITE_PORG)
    PC_WRITE_Parameter                       0x08002c71   Thumb Code   234  usart_com.o(i.PC_WRITE_Parameter)
    PC_WRITE_byte                            0x08002d81   Thumb Code    68  usart_com.o(i.PC_WRITE_byte)
    PLC_ProComParse                          0x08002ddd   Thumb Code  4324  ladder.o(i.PLC_ProComParse)
    PendSV_Handler                           0x08003f25   Thumb Code     2  stm32f10x_it.o(i.PendSV_Handler)
    Process_switch                           0x08003f29   Thumb Code   154  usart_com.o(i.Process_switch)
    RCC_AHBPeriphClockCmd                    0x08003fdd   Thumb Code    26  stm32f10x_rcc.o(i.RCC_AHBPeriphClockCmd)
    RCC_APB1PeriphClockCmd                   0x08003ffd   Thumb Code    26  stm32f10x_rcc.o(i.RCC_APB1PeriphClockCmd)
    RCC_APB2PeriphClockCmd                   0x0800401d   Thumb Code    26  stm32f10x_rcc.o(i.RCC_APB2PeriphClockCmd)
    RCC_Configuration                        0x0800403d   Thumb Code   254  adc.o(i.RCC_Configuration)
    RCC_GetClocksFreq                        0x0800414d   Thumb Code   192  stm32f10x_rcc.o(i.RCC_GetClocksFreq)
    RST_T_D_C_M_data                         0x080044bd   Thumb Code   192  usart_com.o(i.RST_T_D_C_M_data)
    RST_Y                                    0x08004581   Thumb Code    58  ladder.o(i.RST_Y)
    RX_Process                               0x080045c9   Thumb Code   176  usart_com.o(i.RX_Process)
    SVC_Handler                              0x080046c9   Thumb Code     2  stm32f10x_it.o(i.SVC_Handler)
    Stm32_Clock_Init                         0x080047f9   Thumb Code   134  sys.o(i.Stm32_Clock_Init)
    SystemInit                               0x08004889   Thumb Code    70  system_stm32f10x.o(i.SystemInit)
    TIM5_IRQHandler                          0x080048dd   Thumb Code   302  clk.o(i.TIM5_IRQHandler)
    TIM5_Init                                0x08004a1d   Thumb Code    70  clk.o(i.TIM5_Init)
    TIM_ClearITPendingBit                    0x08004a69   Thumb Code     6  stm32f10x_tim.o(i.TIM_ClearITPendingBit)
    TIM_Cmd                                  0x08004a6f   Thumb Code    24  stm32f10x_tim.o(i.TIM_Cmd)
    TIM_GetITStatus                          0x08004a87   Thumb Code    34  stm32f10x_tim.o(i.TIM_GetITStatus)
    TIM_ITConfig                             0x08004aa9   Thumb Code    18  stm32f10x_tim.o(i.TIM_ITConfig)
    TIM_TimeBaseInit                         0x08004abd   Thumb Code   122  stm32f10x_tim.o(i.TIM_TimeBaseInit)
    TX_Process                               0x08004b61   Thumb Code    92  usart_com.o(i.TX_Process)
    T_100MS                                  0x08004bcd   Thumb Code   130  clk.o(i.T_100MS)
    T_10MS                                   0x08004c69   Thumb Code   130  clk.o(i.T_10MS)
    T_1MS                                    0x08004d05   Thumb Code   130  clk.o(i.T_1MS)
    T_H100MS                                 0x08004da1   Thumb Code   130  clk.o(i.T_H100MS)
    USART1_IRQHandler                        0x08004f05   Thumb Code   122  usart_com.o(i.USART1_IRQHandler)
    USART_ClearFlag                          0x08004f85   Thumb Code    18  stm32f10x_usart.o(i.USART_ClearFlag)
    USART_ClearITPendingBit                  0x08004f97   Thumb Code    30  stm32f10x_usart.o(i.USART_ClearITPendingBit)
    USART_Cmd                                0x08004fb5   Thumb Code    24  stm32f10x_usart.o(i.USART_Cmd)
    USART_GetFlagStatus                      0x08004fcd   Thumb Code    26  stm32f10x_usart.o(i.USART_GetFlagStatus)
    USART_GetITStatus                        0x08004fe7   Thumb Code    84  stm32f10x_usart.o(i.USART_GetITStatus)
    USART_ITConfig                           0x0800503b   Thumb Code    74  stm32f10x_usart.o(i.USART_ITConfig)
    USART_Init                               0x08005085   Thumb Code   210  stm32f10x_usart.o(i.USART_Init)
    USART_ReceiveData                        0x0800515d   Thumb Code    10  stm32f10x_usart.o(i.USART_ReceiveData)
    USART_SendData                           0x08005167   Thumb Code     8  stm32f10x_usart.o(i.USART_SendData)
    UsageFault_Handler                       0x0800516f   Thumb Code     4  stm32f10x_it.o(i.UsageFault_Handler)
    all_flash_lock                           0x08005469   Thumb Code    42  usart_com.o(i.all_flash_lock)
    all_flash_unlock                         0x080054a5   Thumb Code    28  usart_com.o(i.all_flash_unlock)
    backup_block                             0x08005599   Thumb Code    40  usart_com.o(i.backup_block)
    backup_data                              0x080055c9   Thumb Code   142  usart_com.o(i.backup_data)
    data_init                                0x08005af9   Thumb Code    56  usart_com.o(i.data_init)
    init_xy                                  0x08005fd5   Thumb Code    12  bsp.o(i.init_xy)
    setup_HL                                 0x08005fe1   Thumb Code    16  usart_com.o(i.setup_HL)
    __I$use$fp                               0x08005ff8   Number         0  usenofp.o(x$fpl$usenofp)
    p_x                                      0x08006000   Data           2  usart_com.o(.ARM.__AT_0x08006000)
    x                                        0x08006002   Data       60952  usart_com.o(.ARM.__AT_0x08006002)
    filter                                   0x080165d9   Thumb Code    62  adc.o(i.filter)
    find_data                                0x08016621   Thumb Code    92  usart_com.o(i.find_data)
    find_data_address                        0x08016681   Thumb Code   256  usart_com.o(i.find_data_address)
    find_end                                 0x08016791   Thumb Code    48  usart_com.o(i.find_end)
    find_p                                   0x080167d1   Thumb Code    84  ladder.o(i.find_p)
    find_step                                0x08016831   Thumb Code    76  ladder.o(i.find_step)
    find_toend                               0x08016889   Thumb Code    58  ladder.o(i.find_toend)
    force_reset                              0x080168cd   Thumb Code    62  ladder.o(i.force_reset)
    force_set                                0x08016915   Thumb Code    62  ladder.o(i.force_set)
    main                                     0x08016c4d   Thumb Code   246  main.o(i.main)
    mov_flash                                0x08016d69   Thumb Code   444  usart_com.o(i.mov_flash)
    online_write_data                        0x08017125   Thumb Code   226  usart_com.o(i.online_write_data)
    read_data                                0x08017321   Thumb Code    52  usart_com.o(i.read_data)
    read_other_data                          0x0801735d   Thumb Code   198  usart_com.o(i.read_other_data)
    read_plc_tyte                            0x0801743d   Thumb Code   182  usart_com.o(i.read_plc_tyte)
    recover_data                             0x08017509   Thumb Code   142  usart_com.o(i.recover_data)
    reset_step                               0x080175a1   Thumb Code    78  ladder.o(i.reset_step)
    rx_data_sum                              0x08017601   Thumb Code   138  usart_com.o(i.rx_data_sum)
    send_test                                0x0801769d   Thumb Code    82  main.o(i.send_test)
    set_step                                 0x080176f9   Thumb Code    68  ladder.o(i.set_step)
    setup_LH                                 0x08017749   Thumb Code    16  usart_com.o(i.setup_LH)
    sqrt                                     0x08017761   Thumb Code    76  sqrt.o(i.sqrt)
    switch_read_data                         0x080177d9   Thumb Code    86  usart_com.o(i.switch_read_data)
    timer_disble                             0x08017841   Thumb Code   182  clk.o(i.timer_disble)
    timer_enable                             0x08017921   Thumb Code   124  clk.o(i.timer_enable)
    usart                                    0x080179b5   Thumb Code    40  usart_com.o(i.usart)
    usart_init                               0x080179e1   Thumb Code    94  usart_com.o(i.usart_init)
    write_block                              0x08017a49   Thumb Code    94  usart_com.o(i.write_block)
    write_data                               0x08017ab1   Thumb Code    68  usart_com.o(i.write_data)
    x_filter                                 0x08017afd   Thumb Code  1072  bsp.o(i.x_filter)
    x_refresh                                0x08017f35   Thumb Code    68  bsp.o(i.x_refresh)
    y_refresh                                0x08017f8d   Thumb Code   230  bsp.o(i.y_refresh)
    __aeabi_d2uiz                            0x0801808d   Thumb Code     0  dfixu.o(x$fpl$dfixu)
    _dfixu                                   0x0801808d   Thumb Code    90  dfixu.o(x$fpl$dfixu)
    __aeabi_ui2d                             0x080180e7   Thumb Code     0  dflt_clz.o(x$fpl$dfltu)
    _dfltu                                   0x080180e7   Thumb Code    38  dflt_clz.o(x$fpl$dfltu)
    __fpl_dnaninf                            0x0801810d   Thumb Code   156  dnaninf.o(x$fpl$dnaninf)
    _dsqrt                                   0x080181a9   Thumb Code   456  dsqrt_noumaal.o(x$fpl$dsqrt)
    special_d                                0x08018374   Data         512  usart_com.o(.constdata)
    ascll_bcd                                0x08018588   Data          25  usart_com.o(.constdata)
    plc_type                                 0x080185a1   Data           2  usart_com.o(.constdata)
    Region$$Table$$Base                      0x080185a4   Number         0  anon$$obj.o(Region$$Table)
    Region$$Table$$Limit                     0x080185c4   Number         0  anon$$obj.o(Region$$Table)
    power_down                               0x20000000   Data           1  main.o(.data)
    Run_Flag                                 0x20000001   Data           1  main.o(.data)
    p_data_given                             0x20000004   Data           4  clk.o(.data)
    p_reset_coil                             0x20000008   Data           4  clk.o(.data)
    p_over_coil                              0x2000000c   Data           4  clk.o(.data)
    p_enable_coil                            0x20000010   Data           4  clk.o(.data)
    p_value                                  0x20000014   Data           4  clk.o(.data)
    C_count                                  0x20000036   Data           4  ladder.o(.data)
    sub_add1                                 0x20000040   Data           2  ladder.o(.data)
    sub_add2                                 0x20000042   Data           2  ladder.o(.data)
    edit_prog                                0x20000044   Data           1  ladder.o(.data)
    prog_count                               0x20000078   Data           2  usart_com.o(.data)
    rx_temp                                  0x2000007a   Data           2  usart_com.o(.data)
    tx_temp                                  0x2000007c   Data           2  usart_com.o(.data)
    rx_count                                 0x2000007e   Data           2  usart_com.o(.data)
    tx_count                                 0x20000080   Data           2  usart_com.o(.data)
    str                                      0x20000084   Data           4  usart_com.o(.data)
    px                                       0x20000088   Data           4  usart_com.o(.data)
    prog_address                             0x2000008c   Data           2  usart_com.o(.data)
    data_address                             0x2000008e   Data           2  usart_com.o(.data)
    data_size                                0x20000090   Data           1  usart_com.o(.data)
    block_contol                             0x20000091   Data           2  usart_com.o(.data)
    rx_end                                   0x20000093   Data           1  usart_com.o(.data)
    in_x                                     0x20000096   Data           2  bsp.o(.data)
    out_y                                    0x20000098   Data           2  bsp.o(.data)
    M00                                      0x2000009a   Data           2  bsp.o(.data)
    ADCConvertedValue                        0x200000b0   Data         400  adc.o(.bss)
    process                                  0x20000648   Data         128  ladder.o(.bss)
    prog_write_buffer                        0x200006c8   Data        4100  usart_com.o(.bss)
    tx_data                                  0x200016cc   Data         610  usart_com.o(.bss)
    rx_data                                  0x2000192e   Data         610  usart_com.o(.bss)
    __libspace_start                         0x20001ba4   Data          96  libspace.o(.bss)
    __temporary_stack_top$libspace           0x20001c04   Data           0  libspace.o(.bss)
    p_all_data                               0x20005000   Data           4  usart_com.o(.ARM.__AT_0x20005000)
    all_data                                 0x20005004   Data       33200  usart_com.o(.ARM.__AT_0x20005004)
    step_status                              0x2000d200   Data        1000  usart_com.o(.ARM.__AT_0x2000D200)
    startup                                  0x2000d5f0   Data           4  main.o(.ARM.__AT_0x2000D5F0)



==============================================================================

Memory Map of the image

  Image Entry point : 0x08000131

  Load Region LR_IROM1 (Base: 0x08000000, Size: 0x00018674, Max: 0x00080000, ABSOLUTE)

    Execution Region ER_IROM1 (Exec base: 0x08000000, Load base: 0x08000000, Size: 0x000185c4, Max: 0x00080000, ABSOLUTE)

    Exec Addr    Load Addr    Size         Type   Attr      Idx    E Section Name        Object

    0x08000000   0x08000000   0x00000130   Data   RO          172    RESET               startup_stm32f10x_hd.o
    0x08000130   0x08000130   0x00000008   Code   RO         3587  * !!!main             c_w.l(__main.o)
    0x08000138   0x08000138   0x00000034   Code   RO         3778    !!!scatter          c_w.l(__scatter.o)
    0x0800016c   0x0800016c   0x0000001a   Code   RO         3780    !!handler_copy      c_w.l(__scatter_copy.o)
    0x08000186   0x08000186   0x00000002   PAD
    0x08000188   0x08000188   0x0000001c   Code   RO         3782    !!handler_zi        c_w.l(__scatter_zi.o)
    0x080001a4   0x080001a4   0x00000002   Code   RO         3651    .ARM.Collect$$libinit$$00000000  c_w.l(libinit.o)
    0x080001a6   0x080001a6   0x00000000   Code   RO         3655    .ARM.Collect$$libinit$$00000002  c_w.l(libinit2.o)
    0x080001a6   0x080001a6   0x00000000   Code   RO         3657    .ARM.Collect$$libinit$$00000004  c_w.l(libinit2.o)
    0x080001a6   0x080001a6   0x00000000   Code   RO         3660    .ARM.Collect$$libinit$$0000000A  c_w.l(libinit2.o)
    0x080001a6   0x080001a6   0x00000000   Code   RO         3662    .ARM.Collect$$libinit$$0000000C  c_w.l(libinit2.o)
    0x080001a6   0x080001a6   0x00000000   Code   RO         3664    .ARM.Collect$$libinit$$0000000E  c_w.l(libinit2.o)
    0x080001a6   0x080001a6   0x00000000   Code   RO         3667    .ARM.Collect$$libinit$$00000011  c_w.l(libinit2.o)
    0x080001a6   0x080001a6   0x00000000   Code   RO         3669    .ARM.Collect$$libinit$$00000013  c_w.l(libinit2.o)
    0x080001a6   0x080001a6   0x00000000   Code   RO         3671    .ARM.Collect$$libinit$$00000015  c_w.l(libinit2.o)
    0x080001a6   0x080001a6   0x00000000   Code   RO         3673    .ARM.Collect$$libinit$$00000017  c_w.l(libinit2.o)
    0x080001a6   0x080001a6   0x00000000   Code   RO         3675    .ARM.Collect$$libinit$$00000019  c_w.l(libinit2.o)
    0x080001a6   0x080001a6   0x00000000   Code   RO         3677    .ARM.Collect$$libinit$$0000001B  c_w.l(libinit2.o)
    0x080001a6   0x080001a6   0x00000000   Code   RO         3679    .ARM.Collect$$libinit$$0000001D  c_w.l(libinit2.o)
    0x080001a6   0x080001a6   0x00000000   Code   RO         3681    .ARM.Collect$$libinit$$0000001F  c_w.l(libinit2.o)
    0x080001a6   0x080001a6   0x00000000   Code   RO         3683    .ARM.Collect$$libinit$$00000021  c_w.l(libinit2.o)
    0x080001a6   0x080001a6   0x00000000   Code   RO         3685    .ARM.Collect$$libinit$$00000023  c_w.l(libinit2.o)
    0x080001a6   0x080001a6   0x00000000   Code   RO         3687    .ARM.Collect$$libinit$$00000025  c_w.l(libinit2.o)
    0x080001a6   0x080001a6   0x00000000   Code   RO         3691    .ARM.Collect$$libinit$$0000002C  c_w.l(libinit2.o)
    0x080001a6   0x080001a6   0x00000000   Code   RO         3693    .ARM.Collect$$libinit$$0000002E  c_w.l(libinit2.o)
    0x080001a6   0x080001a6   0x00000000   Code   RO         3695    .ARM.Collect$$libinit$$00000030  c_w.l(libinit2.o)
    0x080001a6   0x080001a6   0x00000000   Code   RO         3697    .ARM.Collect$$libinit$$00000032  c_w.l(libinit2.o)
    0x080001a6   0x080001a6   0x00000002   Code   RO         3698    .ARM.Collect$$libinit$$00000033  c_w.l(libinit2.o)
    0x080001a8   0x080001a8   0x00000002   Code   RO         3718    .ARM.Collect$$libshutdown$$00000000  c_w.l(libshutdown.o)
    0x080001aa   0x080001aa   0x00000000   Code   RO         3731    .ARM.Collect$$libshutdown$$00000002  c_w.l(libshutdown2.o)
    0x080001aa   0x080001aa   0x00000000   Code   RO         3733    .ARM.Collect$$libshutdown$$00000004  c_w.l(libshutdown2.o)
    0x080001aa   0x080001aa   0x00000000   Code   RO         3736    .ARM.Collect$$libshutdown$$00000007  c_w.l(libshutdown2.o)
    0x080001aa   0x080001aa   0x00000000   Code   RO         3739    .ARM.Collect$$libshutdown$$0000000A  c_w.l(libshutdown2.o)
    0x080001aa   0x080001aa   0x00000000   Code   RO         3741    .ARM.Collect$$libshutdown$$0000000C  c_w.l(libshutdown2.o)
    0x080001aa   0x080001aa   0x00000000   Code   RO         3744    .ARM.Collect$$libshutdown$$0000000F  c_w.l(libshutdown2.o)
    0x080001aa   0x080001aa   0x00000002   Code   RO         3745    .ARM.Collect$$libshutdown$$00000010  c_w.l(libshutdown2.o)
    0x080001ac   0x080001ac   0x00000000   Code   RO         3607    .ARM.Collect$$rtentry$$00000000  c_w.l(__rtentry.o)
    0x080001ac   0x080001ac   0x00000000   Code   RO         3618    .ARM.Collect$$rtentry$$00000002  c_w.l(__rtentry2.o)
    0x080001ac   0x080001ac   0x00000006   Code   RO         3630    .ARM.Collect$$rtentry$$00000004  c_w.l(__rtentry4.o)
    0x080001b2   0x080001b2   0x00000000   Code   RO         3620    .ARM.Collect$$rtentry$$00000009  c_w.l(__rtentry2.o)
    0x080001b2   0x080001b2   0x00000004   Code   RO         3621    .ARM.Collect$$rtentry$$0000000A  c_w.l(__rtentry2.o)
    0x080001b6   0x080001b6   0x00000000   Code   RO         3623    .ARM.Collect$$rtentry$$0000000C  c_w.l(__rtentry2.o)
    0x080001b6   0x080001b6   0x00000008   Code   RO         3624    .ARM.Collect$$rtentry$$0000000D  c_w.l(__rtentry2.o)
    0x080001be   0x080001be   0x00000002   Code   RO         3652    .ARM.Collect$$rtexit$$00000000  c_w.l(rtexit.o)
    0x080001c0   0x080001c0   0x00000000   Code   RO         3700    .ARM.Collect$$rtexit$$00000002  c_w.l(rtexit2.o)
    0x080001c0   0x080001c0   0x00000004   Code   RO         3701    .ARM.Collect$$rtexit$$00000003  c_w.l(rtexit2.o)
    0x080001c4   0x080001c4   0x00000006   Code   RO         3702    .ARM.Collect$$rtexit$$00000004  c_w.l(rtexit2.o)
    0x080001ca   0x080001ca   0x00000002   PAD
    0x080001cc   0x080001cc   0x00000038   Code   RO          173    .text               startup_stm32f10x_hd.o
    0x08000204   0x08000204   0x00000006   Code   RO         3585    .text               c_w.l(heapauxi.o)
    0x0800020a   0x0800020a   0x00000016   Code   RO         3608    .text               c_w.l(_rserrno.o)
    0x08000220   0x08000220   0x00000008   Code   RO         3635    .text               c_w.l(rt_errno_addr_intlibspace.o)
    0x08000228   0x08000228   0x00000008   Code   RO         3639    .text               c_w.l(libspace.o)
    0x08000230   0x08000230   0x0000004a   Code   RO         3642    .text               c_w.l(sys_stackheap_outer.o)
    0x0800027a   0x0800027a   0x00000012   Code   RO         3644    .text               c_w.l(exit.o)
    0x0800028c   0x0800028c   0x0000000c   Code   RO         3710    .text               c_w.l(sys_exit.o)
    0x08000298   0x08000298   0x00000002   Code   RO         3721    .text               c_w.l(use_no_semi.o)
    0x0800029a   0x0800029a   0x00000000   Code   RO         3723    .text               c_w.l(indicate_semi.o)
    0x0800029a   0x0800029a   0x00000016   Code   RO         1457    i.ADC_Cmd           stm32f10x_adc.o
    0x080002b0   0x080002b0   0x00000016   Code   RO         1458    i.ADC_DMACmd        stm32f10x_adc.o
    0x080002c6   0x080002c6   0x00000014   Code   RO         1465    i.ADC_GetCalibrationStatus  stm32f10x_adc.o
    0x080002da   0x080002da   0x00000014   Code   RO         1471    i.ADC_GetResetCalibrationStatus  stm32f10x_adc.o
    0x080002ee   0x080002ee   0x00000002   PAD
    0x080002f0   0x080002f0   0x00000050   Code   RO         1475    i.ADC_Init          stm32f10x_adc.o
    0x08000340   0x08000340   0x000000b8   Code   RO         1479    i.ADC_RegularChannelConfig  stm32f10x_adc.o
    0x080003f8   0x080003f8   0x0000000a   Code   RO         1480    i.ADC_ResetCalibration  stm32f10x_adc.o
    0x08000402   0x08000402   0x00000016   Code   RO         1482    i.ADC_SoftwareStartConvCmd  stm32f10x_adc.o
    0x08000418   0x08000418   0x0000000a   Code   RO         1484    i.ADC_StartCalibration  stm32f10x_adc.o
    0x08000422   0x08000422   0x0000000c   Code   RO          404    i.ADC_init          adc.o
    0x0800042e   0x0800042e   0x00000002   PAD
    0x08000430   0x08000430   0x0000003c   Code   RO          500    i.ANB               ladder.o
    0x0800046c   0x0800046c   0x00000070   Code   RO          501    i.AND               ladder.o
    0x080004dc   0x080004dc   0x00000070   Code   RO          502    i.ANI               ladder.o
    0x0800054c   0x0800054c   0x00000054   Code   RO          503    i.BIT_SET           ladder.o
    0x080005a0   0x080005a0   0x000001bc   Code   RO         1374    i.BSP_config        bsp.o
    0x0800075c   0x0800075c   0x00000004   Code   RO          177    i.BusFault_Handler  stm32f10x_it.o
    0x08000760   0x08000760   0x00000050   Code   RO          504    i.CALL              ladder.o
    0x080007b0   0x080007b0   0x00000044   Code   RO          505    i.CALL_EX           ladder.o
    0x080007f4   0x080007f4   0x00000044   Code   RO          506    i.CJ                ladder.o
    0x08000838   0x08000838   0x00000044   Code   RO          507    i.CJ_EX             ladder.o
    0x0800087c   0x0800087c   0x000000ac   Code   RO          508    i.C_given_value_D   ladder.o
    0x08000928   0x08000928   0x0000001c   Code   RO          509    i.C_given_value_K   ladder.o
    0x08000944   0x08000944   0x00000028   Code   RO         1811    i.DAC_Cmd           stm32f10x_dac.o
    0x0800096c   0x0800096c   0x00000034   Code   RO         1816    i.DAC_Init          stm32f10x_dac.o
    0x080009a0   0x080009a0   0x00000020   Code   RO         1817    i.DAC_SetChannel1Data  stm32f10x_dac.o
    0x080009c0   0x080009c0   0x00000020   Code   RO         1818    i.DAC_SetChannel2Data  stm32f10x_dac.o
    0x080009e0   0x080009e0   0x0000002c   Code   RO         1820    i.DAC_SoftwareTriggerCmd  stm32f10x_dac.o
    0x08000a0c   0x08000a0c   0x00000030   Code   RO          268    i.DAC_data          dac.o
    0x08000a3c   0x08000a3c   0x0000008c   Code   RO          269    i.DAC_out_init      dac.o
    0x08000ac8   0x08000ac8   0x00000048   Code   RO          510    i.DEC               ladder.o
    0x08000b10   0x08000b10   0x00000016   Code   RO         1891    i.DMA_Cmd           stm32f10x_dma.o
    0x08000b26   0x08000b26   0x00000002   PAD
    0x08000b28   0x08000b28   0x0000014c   Code   RO         1892    i.DMA_DeInit        stm32f10x_dma.o
    0x08000c74   0x08000c74   0x0000003c   Code   RO         1897    i.DMA_Init          stm32f10x_dma.o
    0x08000cb0   0x08000cb0   0x00000002   Code   RO          178    i.DebugMon_Handler  stm32f10x_it.o
    0x08000cb2   0x08000cb2   0x00000010   Code   RO            1    i.Delay             main.o
    0x08000cc2   0x08000cc2   0x00000002   PAD
    0x08000cc4   0x08000cc4   0x00000054   Code   RO         1123    i.EPC_FORCE_OFF     usart_com.o
    0x08000d18   0x08000d18   0x00000098   Code   RO         1124    i.EPC_FORCE_ON      usart_com.o
    0x08000db0   0x08000db0   0x00000050   Code   RO         2014    i.FLASH_ErasePage   stm32f10x_flash.o
    0x08000e00   0x08000e00   0x00000034   Code   RO         2015    i.FLASH_GetBank1Status  stm32f10x_flash.o
    0x08000e34   0x08000e34   0x00000014   Code   RO         2024    i.FLASH_Lock        stm32f10x_flash.o
    0x08000e48   0x08000e48   0x00000044   Code   RO         2027    i.FLASH_ProgramHalfWord  stm32f10x_flash.o
    0x08000e8c   0x08000e8c   0x00000018   Code   RO         2032    i.FLASH_Unlock      stm32f10x_flash.o
    0x08000ea4   0x08000ea4   0x00000026   Code   RO         2036    i.FLASH_WaitForLastOperation  stm32f10x_flash.o
    0x08000eca   0x08000eca   0x00000116   Code   RO         2189    i.GPIO_Init         stm32f10x_gpio.o
    0x08000fe0   0x08000fe0   0x00000004   Code   RO          179    i.HardFault_Handler  stm32f10x_it.o
    0x08000fe4   0x08000fe4   0x00000048   Code   RO          511    i.INC               ladder.o
    0x0800102c   0x0800102c   0x0000001c   Code   RO          512    i.INV               ladder.o
    0x08001048   0x08001048   0x00000074   Code   RO          513    i.K_M_MOV_D_H       ladder.o
    0x080010bc   0x080010bc   0x00000084   Code   RO          514    i.LD                ladder.o
    0x08001140   0x08001140   0x00000050   Code   RO          515    i.LDF               ladder.o
    0x08001190   0x08001190   0x00000080   Code   RO          516    i.LDI               ladder.o
    0x08001210   0x08001210   0x000005dc   Code   RO          517    i.MOV_K             ladder.o
    0x080017ec   0x080017ec   0x00000900   Code   RO          518    i.MOV_TO_K_H        ladder.o
    0x080020ec   0x080020ec   0x00000038   Code   RO          519    i.MPP               ladder.o
    0x08002124   0x08002124   0x0000003c   Code   RO          520    i.MPS               ladder.o
    0x08002160   0x08002160   0x0000002c   Code   RO          521    i.MRD               ladder.o
    0x0800218c   0x0800218c   0x00000068   Code   RO           85    i.MYRCC_DeInit      sys.o
    0x080021f4   0x080021f4   0x00000014   Code   RO           88    i.MY_NVIC_SetVectorTable  sys.o
    0x08002208   0x08002208   0x00000004   Code   RO          180    i.MemManage_Handler  stm32f10x_it.o
    0x0800220c   0x0800220c   0x00000040   Code   RO          522    i.NEG               ladder.o
    0x0800224c   0x0800224c   0x00000002   Code   RO          181    i.NMI_Handler       stm32f10x_it.o
    0x0800224e   0x0800224e   0x00000052   Code   RO          389    i.NVIC_Configuration  irq.o
    0x080022a0   0x080022a0   0x00000070   Code   RO         1415    i.NVIC_Init         misc.o
    0x08002310   0x08002310   0x00000014   Code   RO         1416    i.NVIC_PriorityGroupConfig  misc.o
    0x08002324   0x08002324   0x00000014   Code   RO         1417    i.NVIC_SetVectorTable  misc.o
    0x08002338   0x08002338   0x00000070   Code   RO          523    i.OR                ladder.o
    0x080023a8   0x080023a8   0x0000003c   Code   RO          524    i.ORB               ladder.o
    0x080023e4   0x080023e4   0x00000070   Code   RO          525    i.ORI               ladder.o
    0x08002454   0x08002454   0x00000068   Code   RO          526    i.OUT               ladder.o
    0x080024bc   0x080024bc   0x00000068   Code   RO         1125    i.PC_FORCE_OFF      usart_com.o
    0x08002524   0x08002524   0x00000060   Code   RO         1126    i.PC_FORCE_ON       usart_com.o
    0x08002584   0x08002584   0x000000fc   Code   RO         1127    i.PC_OPTION_PROG    usart_com.o
    0x08002680   0x08002680   0x0000016c   Code   RO         1128    i.PC_READ_PORG      usart_com.o
    0x080027ec   0x080027ec   0x00000338   Code   RO         1129    i.PC_READ_Parameter  usart_com.o
    0x08002b24   0x08002b24   0x0000003c   Code   RO         1130    i.PC_READ_byte      usart_com.o
    0x08002b60   0x08002b60   0x00000110   Code   RO         1131    i.PC_WRITE_PORG     usart_com.o
    0x08002c70   0x08002c70   0x00000110   Code   RO         1132    i.PC_WRITE_Parameter  usart_com.o
    0x08002d80   0x08002d80   0x0000005c   Code   RO         1133    i.PC_WRITE_byte     usart_com.o
    0x08002ddc   0x08002ddc   0x000010fc   Code   RO          527    i.PLC_ProComParse   ladder.o
    0x08003ed8   0x08003ed8   0x0000004c   Code   RO          528    i.P_MOV             ladder.o
    0x08003f24   0x08003f24   0x00000002   Code   RO          182    i.PendSV_Handler    stm32f10x_it.o
    0x08003f26   0x08003f26   0x00000002   PAD
    0x08003f28   0x08003f28   0x000000b4   Code   RO         1134    i.Process_switch    usart_com.o
    0x08003fdc   0x08003fdc   0x00000020   Code   RO         3374    i.RCC_AHBPeriphClockCmd  stm32f10x_rcc.o
    0x08003ffc   0x08003ffc   0x00000020   Code   RO         3375    i.RCC_APB1PeriphClockCmd  stm32f10x_rcc.o
    0x0800401c   0x0800401c   0x00000020   Code   RO         3377    i.RCC_APB2PeriphClockCmd  stm32f10x_rcc.o
    0x0800403c   0x0800403c   0x00000110   Code   RO          405    i.RCC_Configuration  adc.o
    0x0800414c   0x0800414c   0x000000d4   Code   RO         3385    i.RCC_GetClocksFreq  stm32f10x_rcc.o
    0x08004220   0x08004220   0x00000054   Code   RO          529    i.RCL               ladder.o
    0x08004274   0x08004274   0x00000054   Code   RO          530    i.RCR               ladder.o
    0x080042c8   0x080042c8   0x00000074   Code   RO          531    i.RESET_C           ladder.o
    0x0800433c   0x0800433c   0x0000002c   Code   RO          532    i.RESET_T           ladder.o
    0x08004368   0x08004368   0x00000048   Code   RO          533    i.RET               ladder.o
    0x080043b0   0x080043b0   0x0000005c   Code   RO          534    i.ROL               ladder.o
    0x0800440c   0x0800440c   0x0000005c   Code   RO          535    i.ROR               ladder.o
    0x08004468   0x08004468   0x00000054   Code   RO          536    i.RST               ladder.o
    0x080044bc   0x080044bc   0x000000c4   Code   RO         1135    i.RST_T_D_C_M_data  usart_com.o
    0x08004580   0x08004580   0x00000048   Code   RO          537    i.RST_Y             ladder.o
    0x080045c8   0x080045c8   0x000000c8   Code   RO         1136    i.RX_Process        usart_com.o
    0x08004690   0x08004690   0x00000038   Code   RO          538    i.SQR               ladder.o
    0x080046c8   0x080046c8   0x00000002   Code   RO          183    i.SVC_Handler       stm32f10x_it.o
    0x080046ca   0x080046ca   0x00000002   PAD
    0x080046cc   0x080046cc   0x00000044   Code   RO          539    i.SWAP              ladder.o
    0x08004710   0x08004710   0x00000008   Code   RO          234    i.SetSysClock       system_stm32f10x.o
    0x08004718   0x08004718   0x000000e0   Code   RO          235    i.SetSysClockTo72   system_stm32f10x.o
    0x080047f8   0x080047f8   0x00000090   Code   RO           89    i.Stm32_Clock_Init  sys.o
    0x08004888   0x08004888   0x00000054   Code   RO          237    i.SystemInit        system_stm32f10x.o
    0x080048dc   0x080048dc   0x00000140   Code   RO          435    i.TIM5_IRQHandler   clk.o
    0x08004a1c   0x08004a1c   0x0000004c   Code   RO          436    i.TIM5_Init         clk.o
    0x08004a68   0x08004a68   0x00000006   Code   RO         2836    i.TIM_ClearITPendingBit  stm32f10x_tim.o
    0x08004a6e   0x08004a6e   0x00000018   Code   RO         2841    i.TIM_Cmd           stm32f10x_tim.o
    0x08004a86   0x08004a86   0x00000022   Code   RO         2862    i.TIM_GetITStatus   stm32f10x_tim.o
    0x08004aa8   0x08004aa8   0x00000012   Code   RO         2866    i.TIM_ITConfig      stm32f10x_tim.o
    0x08004aba   0x08004aba   0x00000002   PAD
    0x08004abc   0x08004abc   0x000000a4   Code   RO         2912    i.TIM_TimeBaseInit  stm32f10x_tim.o
    0x08004b60   0x08004b60   0x0000006c   Code   RO         1137    i.TX_Process        usart_com.o
    0x08004bcc   0x08004bcc   0x0000009c   Code   RO          437    i.T_100MS           clk.o
    0x08004c68   0x08004c68   0x0000009c   Code   RO          438    i.T_10MS            clk.o
    0x08004d04   0x08004d04   0x0000009c   Code   RO          439    i.T_1MS             clk.o
    0x08004da0   0x08004da0   0x0000009c   Code   RO          440    i.T_H100MS          clk.o
    0x08004e3c   0x08004e3c   0x000000ac   Code   RO          540    i.T_given_value_D   ladder.o
    0x08004ee8   0x08004ee8   0x0000001c   Code   RO          541    i.T_given_value_K   ladder.o
    0x08004f04   0x08004f04   0x00000080   Code   RO         1138    i.USART1_IRQHandler  usart_com.o
    0x08004f84   0x08004f84   0x00000012   Code   RO         2645    i.USART_ClearFlag   stm32f10x_usart.o
    0x08004f96   0x08004f96   0x0000001e   Code   RO         2646    i.USART_ClearITPendingBit  stm32f10x_usart.o
    0x08004fb4   0x08004fb4   0x00000018   Code   RO         2649    i.USART_Cmd         stm32f10x_usart.o
    0x08004fcc   0x08004fcc   0x0000001a   Code   RO         2652    i.USART_GetFlagStatus  stm32f10x_usart.o
    0x08004fe6   0x08004fe6   0x00000054   Code   RO         2653    i.USART_GetITStatus  stm32f10x_usart.o
    0x0800503a   0x0800503a   0x0000004a   Code   RO         2655    i.USART_ITConfig    stm32f10x_usart.o
    0x08005084   0x08005084   0x000000d8   Code   RO         2656    i.USART_Init        stm32f10x_usart.o
    0x0800515c   0x0800515c   0x0000000a   Code   RO         2663    i.USART_ReceiveData  stm32f10x_usart.o
    0x08005166   0x08005166   0x00000008   Code   RO         2666    i.USART_SendData    stm32f10x_usart.o
    0x0800516e   0x0800516e   0x00000004   Code   RO          184    i.UsageFault_Handler  stm32f10x_it.o
    0x08005172   0x08005172   0x00000002   PAD
    0x08005174   0x08005174   0x00000040   Code   RO          542    i.WAND              ladder.o
    0x080051b4   0x080051b4   0x00000040   Code   RO          543    i.WOR               ladder.o
    0x080051f4   0x080051f4   0x0000003c   Code   RO          544    i.WXOR              ladder.o
    0x08005230   0x08005230   0x0000002c   Code   RO          545    i.add               ladder.o
    0x0800525c   0x0800525c   0x00000134   Code   RO          546    i.add_assgin_value  ladder.o
    0x08005390   0x08005390   0x000000d8   Code   RO          547    i.add_target        ladder.o
    0x08005468   0x08005468   0x0000003c   Code   RO         1139    i.all_flash_lock    usart_com.o
    0x080054a4   0x080054a4   0x0000002c   Code   RO         1140    i.all_flash_unlock  usart_com.o
    0x080054d0   0x080054d0   0x00000050   Code   RO          548    i.amount            ladder.o
    0x08005520   0x08005520   0x0000003c   Code   RO          549    i.amount_OR         ladder.o
    0x0800555c   0x0800555c   0x0000003c   Code   RO          550    i.amount_and        ladder.o
    0x08005598   0x08005598   0x00000030   Code   RO         1141    i.backup_block      usart_com.o
    0x080055c8   0x080055c8   0x00000098   Code   RO         1142    i.backup_data       usart_com.o
    0x08005660   0x08005660   0x00000050   Code   RO          551    i.big               ladder.o
    0x080056b0   0x080056b0   0x0000003c   Code   RO          552    i.big_OR            ladder.o
    0x080056ec   0x080056ec   0x00000050   Code   RO          553    i.big_amount        ladder.o
    0x0800573c   0x0800573c   0x0000003c   Code   RO          554    i.big_amount_OR     ladder.o
    0x08005778   0x08005778   0x0000003c   Code   RO          555    i.big_amount_and    ladder.o
    0x080057b4   0x080057b4   0x0000003c   Code   RO          556    i.big_and           ladder.o
    0x080057f0   0x080057f0   0x000001dc   Code   RO          557    i.bit_value         ladder.o
    0x080059cc   0x080059cc   0x0000012c   Code   RO          558    i.cos_value         ladder.o
    0x08005af8   0x08005af8   0x00000048   Code   RO         1144    i.data_init         usart_com.o
    0x08005b40   0x08005b40   0x0000008c   Code   RO          559    i.disable_C_D       ladder.o
    0x08005bcc   0x08005bcc   0x000000f0   Code   RO          560    i.disable_C_K       ladder.o
    0x08005cbc   0x08005cbc   0x00000028   Code   RO          561    i.disable_T         ladder.o
    0x08005ce4   0x08005ce4   0x00000040   Code   RO          562    i.div               ladder.o
    0x08005d24   0x08005d24   0x00000198   Code   RO          563    i.div_assign_value  ladder.o
    0x08005ebc   0x08005ebc   0x000000c8   Code   RO          564    i.enable_C_D        ladder.o
    0x08005f84   0x08005f84   0x00000050   Code   RO          566    i.enable_T_D        ladder.o
    0x08005fd4   0x08005fd4   0x0000000c   Code   RO         1375    i.init_xy           bsp.o
    0x08005fe0   0x08005fe0   0x00000018   Code   RO         1155    i.setup_HL          usart_com.o
    0x08005ff8   0x08005ff8   0x00000000   Code   RO         3616    x$fpl$usenofp       fz_ws.l(usenofp.o)
    0x08005ff8   0x08005ff8   0x00000008   PAD
    0x08006000   0x08006000   0x00000002   Data   RO         1162    .ARM.__AT_0x08006000  usart_com.o
    0x08006002   0x08006002   0x0000ee18   Data   RO         1163    .ARM.__AT_0x08006002  usart_com.o
    0x08014e1a   0x08014e1a   0x00000002   PAD
    0x08014e1c   0x08014e1c   0x00000140   Code   RO          565    i.enable_C_K        ladder.o
    0x08014f5c   0x08014f5c   0x0000007c   Code   RO          567    i.enable_T_K        ladder.o
    0x08014fd8   0x08014fd8   0x0000007c   Code   RO          568    i.extend_ADDP       ladder.o
    0x08015054   0x08015054   0x00000098   Code   RO          569    i.extend_ANDF       ladder.o
    0x080150ec   0x080150ec   0x00000098   Code   RO          570    i.extend_ANDP       ladder.o
    0x08015184   0x08015184   0x000000bc   Code   RO          571    i.extend_AND_M      ladder.o
    0x08015240   0x08015240   0x000000bc   Code   RO          572    i.extend_ANI_M      ladder.o
    0x080152fc   0x080152fc   0x0000007c   Code   RO          573    i.extend_DECP       ladder.o
    0x08015378   0x08015378   0x0000007c   Code   RO          574    i.extend_DIVP       ladder.o
    0x080153f4   0x080153f4   0x0000007c   Code   RO          575    i.extend_INCP       ladder.o
    0x08015470   0x08015470   0x000000d0   Code   RO          576    i.extend_LDF        ladder.o
    0x08015540   0x08015540   0x000000bc   Code   RO          577    i.extend_LDI_M      ladder.o
    0x080155fc   0x080155fc   0x000000d0   Code   RO          578    i.extend_LDP        ladder.o
    0x080156cc   0x080156cc   0x000000bc   Code   RO          579    i.extend_LD_M       ladder.o
    0x08015788   0x08015788   0x00000034   Code   RO          580    i.extend_MOV        ladder.o
    0x080157bc   0x080157bc   0x00000088   Code   RO          581    i.extend_MOVP       ladder.o
    0x08015844   0x08015844   0x0000007c   Code   RO          582    i.extend_MULP       ladder.o
    0x080158c0   0x080158c0   0x00000098   Code   RO          583    i.extend_ORF        ladder.o
    0x08015958   0x08015958   0x000000bc   Code   RO          584    i.extend_ORI_M      ladder.o
    0x08015a14   0x08015a14   0x00000098   Code   RO          585    i.extend_ORP        ladder.o
    0x08015aac   0x08015aac   0x000000bc   Code   RO          586    i.extend_OR_M       ladder.o
    0x08015b68   0x08015b68   0x000000bc   Code   RO          587    i.extend_OUT_M      ladder.o
    0x08015c24   0x08015c24   0x00000094   Code   RO          588    i.extend_OUT_S      ladder.o
    0x08015cb8   0x08015cb8   0x000000bc   Code   RO          589    i.extend_RST_M      ladder.o
    0x08015d74   0x08015d74   0x00000094   Code   RO          590    i.extend_RST_S      ladder.o
    0x08015e08   0x08015e08   0x00000050   Code   RO          591    i.extend_RST_T      ladder.o
    0x08015e58   0x08015e58   0x000000bc   Code   RO          592    i.extend_SET_M      ladder.o
    0x08015f14   0x08015f14   0x00000094   Code   RO          593    i.extend_SET_S      ladder.o
    0x08015fa8   0x08015fa8   0x0000007c   Code   RO          594    i.extend_SUBP       ladder.o
    0x08016024   0x08016024   0x000005b4   Code   RO          595    i.extend_function   ladder.o
    0x080165d8   0x080165d8   0x00000048   Code   RO          406    i.filter            adc.o
    0x08016620   0x08016620   0x00000060   Code   RO         1145    i.find_data         usart_com.o
    0x08016680   0x08016680   0x00000110   Code   RO         1146    i.find_data_address  usart_com.o
    0x08016790   0x08016790   0x00000040   Code   RO         1147    i.find_end          usart_com.o
    0x080167d0   0x080167d0   0x00000060   Code   RO          596    i.find_p            ladder.o
    0x08016830   0x08016830   0x00000058   Code   RO          597    i.find_step         ladder.o
    0x08016888   0x08016888   0x00000044   Code   RO          598    i.find_toend        ladder.o
    0x080168cc   0x080168cc   0x00000048   Code   RO          599    i.force_reset       ladder.o
    0x08016914   0x08016914   0x00000048   Code   RO          600    i.force_set         ladder.o
    0x0801695c   0x0801695c   0x00000160   Code   RO          601    i.h_cos_value       ladder.o
    0x08016abc   0x08016abc   0x00000050   Code   RO          602    i.less              ladder.o
    0x08016b0c   0x08016b0c   0x0000003c   Code   RO          603    i.less_OR           ladder.o
    0x08016b48   0x08016b48   0x00000050   Code   RO          604    i.less_amount       ladder.o
    0x08016b98   0x08016b98   0x0000003c   Code   RO          605    i.less_amount_OR    ladder.o
    0x08016bd4   0x08016bd4   0x0000003c   Code   RO          606    i.less_amount_and   ladder.o
    0x08016c10   0x08016c10   0x0000003c   Code   RO          607    i.less_and          ladder.o
    0x08016c4c   0x08016c4c   0x0000011c   Code   RO            3    i.main              main.o
    0x08016d68   0x08016d68   0x000001cc   Code   RO         1148    i.mov_flash         usart_com.o
    0x08016f34   0x08016f34   0x00000050   Code   RO          608    i.mul               ladder.o
    0x08016f84   0x08016f84   0x000000d8   Code   RO          609    i.mul_target        ladder.o
    0x0801705c   0x0801705c   0x00000050   Code   RO          610    i.no_amount         ladder.o
    0x080170ac   0x080170ac   0x0000003c   Code   RO          611    i.no_amount_OR      ladder.o
    0x080170e8   0x080170e8   0x0000003c   Code   RO          612    i.no_amount_and     ladder.o
    0x08017124   0x08017124   0x00000108   Code   RO         1149    i.online_write_data  usart_com.o
    0x0801722c   0x0801722c   0x00000058   Code   RO          613    i.operation_C       ladder.o
    0x08017284   0x08017284   0x00000058   Code   RO          614    i.operation_T       ladder.o
    0x080172dc   0x080172dc   0x00000044   Code   RO          615    i.other_function    ladder.o
    0x08017320   0x08017320   0x0000003c   Code   RO         1150    i.read_data         usart_com.o
    0x0801735c   0x0801735c   0x000000e0   Code   RO         1151    i.read_other_data   usart_com.o
    0x0801743c   0x0801743c   0x000000cc   Code   RO         1152    i.read_plc_tyte     usart_com.o
    0x08017508   0x08017508   0x00000098   Code   RO         1153    i.recover_data      usart_com.o
    0x080175a0   0x080175a0   0x00000060   Code   RO          616    i.reset_step        ladder.o
    0x08017600   0x08017600   0x0000009c   Code   RO         1154    i.rx_data_sum       usart_com.o
    0x0801769c   0x0801769c   0x0000005c   Code   RO            4    i.send_test         main.o
    0x080176f8   0x080176f8   0x00000050   Code   RO          617    i.set_step          ladder.o
    0x08017748   0x08017748   0x00000018   Code   RO         1156    i.setup_LH          usart_com.o
    0x08017760   0x08017760   0x0000004c   Code   RO         3600    i.sqrt              m_ws.l(sqrt.o)
    0x080177ac   0x080177ac   0x0000002c   Code   RO          618    i.sub               ladder.o
    0x080177d8   0x080177d8   0x00000068   Code   RO         1157    i.switch_read_data  usart_com.o
    0x08017840   0x08017840   0x000000e0   Code   RO          441    i.timer_disble      clk.o
    0x08017920   0x08017920   0x00000094   Code   RO          442    i.timer_enable      clk.o
    0x080179b4   0x080179b4   0x0000002c   Code   RO         1158    i.usart             usart_com.o
    0x080179e0   0x080179e0   0x00000068   Code   RO         1159    i.usart_init        usart_com.o
    0x08017a48   0x08017a48   0x00000068   Code   RO         1160    i.write_block       usart_com.o
    0x08017ab0   0x08017ab0   0x0000004c   Code   RO         1161    i.write_data        usart_com.o
    0x08017afc   0x08017afc   0x00000438   Code   RO         1376    i.x_filter          bsp.o
    0x08017f34   0x08017f34   0x00000058   Code   RO         1377    i.x_refresh         bsp.o
    0x08017f8c   0x08017f8c   0x00000100   Code   RO         1378    i.y_refresh         bsp.o
    0x0801808c   0x0801808c   0x0000005a   Code   RO         3589    x$fpl$dfixu         fz_ws.l(dfixu.o)
    0x080180e6   0x080180e6   0x00000026   Code   RO         3593    x$fpl$dfltu         fz_ws.l(dflt_clz.o)
    0x0801810c   0x0801810c   0x0000009c   Code   RO         3612    x$fpl$dnaninf       fz_ws.l(dnaninf.o)
    0x080181a8   0x080181a8   0x000001cc   Code   RO         3614    x$fpl$dsqrt         fz_ws.l(dsqrt_noumaal.o)
    0x08018374   0x08018374   0x0000022f   Data   RO         1168    .constdata          usart_com.o
    0x080185a3   0x080185a3   0x00000001   PAD
    0x080185a4   0x080185a4   0x00000020   Data   RO         3776    Region$$Table       anon$$obj.o


    Execution Region RW_IRAM1 (Exec base: 0x20000000, Load base: 0x080185c4, Size: 0x0000d5f4, Max: 0x00010000, ABSOLUTE)

    Exec Addr    Load Addr    Size         Type   Attr      Idx    E Section Name        Object

    0x20000000   0x080185c4   0x00000002   Data   RW            6    .data               main.o
    0x20000002   0x080185c6   0x00000002   PAD
    0x20000004   0x080185c8   0x0000001a   Data   RW          444    .data               clk.o
    0x2000001e   0x080185e2   0x00000002   PAD
    0x20000020   0x080185e4   0x00000056   Data   RW          620    .data               ladder.o
    0x20000076   0x0801863a   0x00000002   PAD
    0x20000078   0x0801863c   0x0000001e   Data   RW         1169    .data               usart_com.o
    0x20000096   0x0801865a   0x00000006   Data   RW         1380    .data               bsp.o
    0x2000009c   0x08018660   0x00000014   Data   RW         3405    .data               stm32f10x_rcc.o
    0x200000b0        -       0x00000190   Zero   RW          407    .bss                adc.o
    0x20000240        -       0x00000488   Zero   RW          619    .bss                ladder.o
    0x200006c8        -       0x000014c8   Zero   RW         1167    .bss                usart_com.o
    0x20001b90        -       0x00000014   Zero   RW         1379    .bss                bsp.o
    0x20001ba4        -       0x00000060   Zero   RW         3640    .bss                c_w.l(libspace.o)
    0x20001c04   0x08018674   0x00000004   PAD
    0x20001c08        -       0x00000200   Zero   RW          171    HEAP                startup_stm32f10x_hd.o
    0x20001e08        -       0x00000800   Zero   RW          170    STACK               startup_stm32f10x_hd.o
    0x20002608   0x08018674   0x000029f8   PAD
    0x20005000        -       0x00000004   Zero   RW         1164    .ARM.__AT_0x20005000  usart_com.o
    0x20005004        -       0x000081b0   Zero   RW         1165    .ARM.__AT_0x20005004  usart_com.o
    0x2000d1b4   0x08018674   0x0000004c   PAD
    0x2000d200        -       0x000003e8   Zero   RW         1166    .ARM.__AT_0x2000D200  usart_com.o
    0x2000d5e8   0x08018674   0x00000008   PAD
    0x2000d5f0        -       0x00000004   Zero   RW            5    .ARM.__AT_0x2000D5F0  main.o


==============================================================================

Image component sizes


      Code (inc. data)   RO Data    RW Data    ZI Data      Debug   Object Name

       356         28          0          0        400      11275   adc.o
      1880         98          0          6         20       3131   bsp.o
      1392        194          0         26          0      23403   clk.o
       188         10          0          0          0      15414   dac.o
        82          0          0          0          0        473   irq.o
     22872       1872          0         86       1160      58475   ladder.o
       392         48          0          2          4     238663   main.o
       152         30          0          0          0       1985   misc.o
        56         22        304          0       2560        756   startup_stm32f10x_hd.o
       390         10          0          0          0       7173   stm32f10x_adc.o
       200         28          0          0          0       3470   stm32f10x_dac.o
       414         10          0          0          0       2790   stm32f10x_dma.o
       282         30          0          0          0       3302   stm32f10x_flash.o
       278          0          0          0          0       1924   stm32f10x_gpio.o
        24          0          0          0          0       3064   stm32f10x_it.o
       308         38          0         20          0       4854   stm32f10x_rcc.o
       246         42          0          0          0       3418   stm32f10x_tim.o
       490          6          0          0          0       7141   stm32f10x_usart.o
       268         32          0          0          0     205867   sys.o
       316         24          0          0          0       1661   system_stm32f10x.o
      6192        672      61513         30      39524      21686   usart_com.o

    ----------------------------------------------------------------------
     36794       3194      61852        176      54496     619925   Object Totals
         0          0         32          0          0          0   (incl. Generated)
        16          0          3          6      10828          0   (incl. Padding)

    ----------------------------------------------------------------------

      Code (inc. data)   RO Data    RW Data    ZI Data      Debug   Library Member Name

         8          0          0          0          0         68   __main.o
         0          0          0          0          0          0   __rtentry.o
        12          0          0          0          0          0   __rtentry2.o
         6          0          0          0          0          0   __rtentry4.o
        52          8          0          0          0          0   __scatter.o
        26          0          0          0          0          0   __scatter_copy.o
        28          0          0          0          0          0   __scatter_zi.o
        22          0          0          0          0        100   _rserrno.o
        18          0          0          0          0         80   exit.o
         6          0          0          0          0        152   heapauxi.o
         0          0          0          0          0          0   indicate_semi.o
         2          0          0          0          0          0   libinit.o
         2          0          0          0          0          0   libinit2.o
         2          0          0          0          0          0   libshutdown.o
         2          0          0          0          0          0   libshutdown2.o
         8          4          0          0         96         68   libspace.o
         8          4          0          0          0         68   rt_errno_addr_intlibspace.o
         2          0          0          0          0          0   rtexit.o
        10          0          0          0          0          0   rtexit2.o
        12          4          0          0          0         68   sys_exit.o
        74          0          0          0          0         80   sys_stackheap_outer.o
         2          0          0          0          0         68   use_no_semi.o
        90          4          0          0          0         92   dfixu.o
        38          0          0          0          0         68   dflt_clz.o
       156          4          0          0          0         92   dnaninf.o
       460         56          0          0          0        120   dsqrt_noumaal.o
         0          0          0          0          0          0   usenofp.o
        76          0          0          0          0         84   sqrt.o

    ----------------------------------------------------------------------
      1134         84          0          0        100       1208   Library Totals
        12          0          0          0          4          0   (incl. Padding)

    ----------------------------------------------------------------------

      Code (inc. data)   RO Data    RW Data    ZI Data      Debug   Library Name

       302         20          0          0         96        752   c_w.l
       744         64          0          0          0        372   fz_ws.l
        76          0          0          0          0         84   m_ws.l

    ----------------------------------------------------------------------
      1134         84          0          0        100       1208   Library Totals

    ----------------------------------------------------------------------

==============================================================================


      Code (inc. data)   RO Data    RW Data    ZI Data      Debug   

     37928       3278      61852        176      54596     608441   Grand Totals
     37928       3278      61852        176      54596     608441   ELF Image Totals
     37928       3278      61852        176          0          0   ROM Totals

==============================================================================

    Total RO  Size (Code + RO Data)                99780 (  97.44kB)
    Total RW  Size (RW Data + ZI Data)             54772 (  53.49kB)
    Total ROM Size (Code + RO Data + RW Data)      99956 (  97.61kB)

==============================================================================

