Component: ARM Compiler 5.06 update 5 (build 528) Tool: armlink [4d35e2]

==============================================================================

Section Cross References

    main.o(i.fputc) refers to stm32f10x_usart.o(i.USART_SendData) for USART_SendData
    main.o(i.fputc) refers to stm32f10x_usart.o(i.USART_GetFlagStatus) for USART_GetFlagStatus
    main.o(i.main) refers to main.o(i.Delay) for Delay
    main.o(i.main) refers to bsp.o(i.init_xy) for init_xy
    main.o(i.main) refers to sys.o(i.Stm32_Clock_Init) for Stm32_Clock_Init
    main.o(i.main) refers to adc.o(i.ADC_init) for ADC_init
    main.o(i.main) refers to stm32f10x_usart.o(i.USART_ITConfig) for USART_ITConfig
    main.o(i.main) refers to clk.o(i.TIM5_Init) for TIM5_Init
    main.o(i.main) refers to irq.o(i.NVIC_Configuration) for NVIC_Configuration
    main.o(i.main) refers to hw_config.o(i.USB_Port_Set) for USB_Port_Set
    main.o(i.main) refers to hw_config.o(i.Set_USBClock) for Set_USBClock
    main.o(i.main) refers to hw_config.o(i.USB_Interrupts_Config) for USB_Interrupts_Config
    main.o(i.main) refers to usb_init.o(i.USB_Init) for USB_Init
    main.o(i.main) refers to usart_com.o(i.data_init) for data_init
    main.o(i.main) refers to bsp.o(i.y_refresh) for y_refresh
    main.o(i.main) refers to bsp.o(i.x_refresh) for x_refresh
    main.o(i.main) refers to ladder.o(i.PLC_ProComParse) for PLC_ProComParse
    main.o(i.main) refers to usart_com.o(i.Process_switch) for Process_switch
    main.o(i.main) refers to usart_com.o(i.TX_Process) for TX_Process
    main.o(i.main) refers to usart_com.o(i.recover_data) for recover_data
    main.o(i.main) refers to usart_com.o(i.backup_data) for backup_data
    main.o(i.main) refers to main.o(.ARM.__AT_0x2000D5F0) for startup
    main.o(i.main) refers to main.o(.data) for power_down
    main.o(i.main) refers to usart_com.o(.data) for rx_end
    main.o(i.main) refers to usart_com.o(.ARM.__AT_0x20005004) for all_data
    main.o(i.send_test) refers to stm32f10x_usart.o(i.USART_SendData) for USART_SendData
    main.o(i.send_test) refers to main.o(i.Delay) for Delay
    sys.o(i.MYRCC_DeInit) refers to sys.o(i.MY_NVIC_SetVectorTable) for MY_NVIC_SetVectorTable
    sys.o(i.MY_NVIC_Init) refers to sys.o(i.MY_NVIC_PriorityGroupConfig) for MY_NVIC_PriorityGroupConfig
    sys.o(i.Stm32_Clock_Init) refers to sys.o(i.MYRCC_DeInit) for MYRCC_DeInit
    sys.o(i.Sys_Standby) refers to sys.o(.emb_text) for WFI_SET
    startup_stm32f10x_hd.o(STACK) refers (Special) to system_stm32f10x.o(i.SystemInit) for SystemInit
    startup_stm32f10x_hd.o(STACK) refers (Special) to heapauxi.o(.text) for __use_two_region_memory
    startup_stm32f10x_hd.o(HEAP) refers (Special) to system_stm32f10x.o(i.SystemInit) for SystemInit
    startup_stm32f10x_hd.o(HEAP) refers (Special) to heapauxi.o(.text) for __use_two_region_memory
    startup_stm32f10x_hd.o(RESET) refers (Special) to system_stm32f10x.o(i.SystemInit) for SystemInit
    startup_stm32f10x_hd.o(RESET) refers (Special) to heapauxi.o(.text) for __use_two_region_memory
    startup_stm32f10x_hd.o(RESET) refers to startup_stm32f10x_hd.o(STACK) for __initial_sp
    startup_stm32f10x_hd.o(RESET) refers to startup_stm32f10x_hd.o(.text) for Reset_Handler
    startup_stm32f10x_hd.o(RESET) refers to stm32f10x_it.o(i.NMI_Handler) for NMI_Handler
    startup_stm32f10x_hd.o(RESET) refers to stm32f10x_it.o(i.HardFault_Handler) for HardFault_Handler
    startup_stm32f10x_hd.o(RESET) refers to stm32f10x_it.o(i.MemManage_Handler) for MemManage_Handler
    startup_stm32f10x_hd.o(RESET) refers to stm32f10x_it.o(i.BusFault_Handler) for BusFault_Handler
    startup_stm32f10x_hd.o(RESET) refers to stm32f10x_it.o(i.UsageFault_Handler) for UsageFault_Handler
    startup_stm32f10x_hd.o(RESET) refers to stm32f10x_it.o(i.SVC_Handler) for SVC_Handler
    startup_stm32f10x_hd.o(RESET) refers to stm32f10x_it.o(i.DebugMon_Handler) for DebugMon_Handler
    startup_stm32f10x_hd.o(RESET) refers to stm32f10x_it.o(i.PendSV_Handler) for PendSV_Handler
    startup_stm32f10x_hd.o(RESET) refers to hw_config.o(i.USB_LP_CAN1_RX0_IRQHandler) for USB_LP_CAN1_RX0_IRQHandler
    startup_stm32f10x_hd.o(RESET) refers to usart_com.o(i.USART1_IRQHandler) for USART1_IRQHandler
    startup_stm32f10x_hd.o(RESET) refers to hw_config.o(i.USBWakeUp_IRQHandler) for USBWakeUp_IRQHandler
    startup_stm32f10x_hd.o(RESET) refers to clk.o(i.TIM5_IRQHandler) for TIM5_IRQHandler
    startup_stm32f10x_hd.o(.text) refers (Special) to system_stm32f10x.o(i.SystemInit) for SystemInit
    startup_stm32f10x_hd.o(.text) refers (Special) to heapauxi.o(.text) for __use_two_region_memory
    startup_stm32f10x_hd.o(.text) refers to __main.o(!!!main) for __main
    startup_stm32f10x_hd.o(.text) refers to startup_stm32f10x_hd.o(HEAP) for Heap_Mem
    startup_stm32f10x_hd.o(.text) refers to startup_stm32f10x_hd.o(STACK) for Stack_Mem
    system_stm32f10x.o(i.SetSysClock) refers to system_stm32f10x.o(i.SetSysClockTo72) for SetSysClockTo72
[...]
    __Vectors                                0x08000000   Data           4  startup_stm32f10x_hd.o(RESET)
    __Vectors_End                            0x08000130   Data           0  startup_stm32f10x_hd.o(RESET)
    __main                                   0x08000131   Thumb Code     8  __main.o(!!!main)
    __scatterload                            0x08000139   Thumb Code     0  __scatter.o(!!!scatter)
    __scatterload_rt2                        0x08000139   Thumb Code    44  __scatter.o(!!!scatter)
    __scatterload_rt2_thumb_only             0x08000139   Thumb Code     0  __scatter.o(!!!scatter)
    __scatterload_null                       0x08000147   Thumb Code     0  __scatter.o(!!!scatter)
    __decompress                             0x0800016d   Thumb Code    90  __dczerorl2.o(!!dczerorl2)
    __decompress1                            0x0800016d   Thumb Code     0  __dczerorl2.o(!!dczerorl2)
    __scatterload_zeroinit                   0x080001c9   Thumb Code    28  __scatter_zi.o(!!handler_zi)
    __rt_lib_init                            0x080001e5   Thumb Code     0  libinit.o(.ARM.Collect$$libinit$$00000000)
    __rt_lib_init_alloca_1                   0x080001e7   Thumb Code     0  libinit2.o(.ARM.Collect$$libinit$$0000002E)
    __rt_lib_init_argv_1                     0x080001e7   Thumb Code     0  libinit2.o(.ARM.Collect$$libinit$$0000002C)
    __rt_lib_init_atexit_1                   0x080001e7   Thumb Code     0  libinit2.o(.ARM.Collect$$libinit$$0000001B)
    __rt_lib_init_clock_1                    0x080001e7   Thumb Code     0  libinit2.o(.ARM.Collect$$libinit$$00000021)
    __rt_lib_init_cpp_1                      0x080001e7   Thumb Code     0  libinit2.o(.ARM.Collect$$libinit$$00000032)
    __rt_lib_init_exceptions_1               0x080001e7   Thumb Code     0  libinit2.o(.ARM.Collect$$libinit$$00000030)
    __rt_lib_init_fp_1                       0x080001e7   Thumb Code     0  libinit2.o(.ARM.Collect$$libinit$$00000002)
    __rt_lib_init_fp_trap_1                  0x080001e7   Thumb Code     0  libinit2.o(.ARM.Collect$$libinit$$0000001F)
    __rt_lib_init_getenv_1                   0x080001e7   Thumb Code     0  libinit2.o(.ARM.Collect$$libinit$$00000023)
    __rt_lib_init_heap_1                     0x080001e7   Thumb Code     0  libinit2.o(.ARM.Collect$$libinit$$0000000A)
    __rt_lib_init_lc_collate_1               0x080001e7   Thumb Code     0  libinit2.o(.ARM.Collect$$libinit$$00000011)
    __rt_lib_init_lc_ctype_1                 0x080001e7   Thumb Code     0  libinit2.o(.ARM.Collect$$libinit$$00000013)
    __rt_lib_init_lc_monetary_1              0x080001e7   Thumb Code     0  libinit2.o(.ARM.Collect$$libinit$$00000015)
    __rt_lib_init_lc_numeric_1               0x080001e7   Thumb Code     0  libinit2.o(.ARM.Collect$$libinit$$00000017)
    __rt_lib_init_lc_time_1                  0x080001e7   Thumb Code     0  libinit2.o(.ARM.Collect$$libinit$$00000019)
    __rt_lib_init_preinit_1                  0x080001e7   Thumb Code     0  libinit2.o(.ARM.Collect$$libinit$$00000004)
    __rt_lib_init_rand_1                     0x080001e7   Thumb Code     0  libinit2.o(.ARM.Collect$$libinit$$0000000E)
    __rt_lib_init_return                     0x080001e7   Thumb Code     0  libinit2.o(.ARM.Collect$$libinit$$00000033)
    __rt_lib_init_signal_1                   0x080001e7   Thumb Code     0  libinit2.o(.ARM.Collect$$libinit$$0000001D)
    __rt_lib_init_stdio_1                    0x080001e7   Thumb Code     0  libinit2.o(.ARM.Collect$$libinit$$00000025)
    __rt_lib_init_user_alloc_1               0x080001e7   Thumb Code     0  libinit2.o(.ARM.Collect$$libinit$$0000000C)
    __rt_lib_shutdown                        0x080001e9   Thumb Code     0  libshutdown.o(.ARM.Collect$$libshutdown$$00000000)
    __rt_lib_shutdown_cpp_1                  0x080001eb   Thumb Code     0  libshutdown2.o(.ARM.Collect$$libshutdown$$00000002)
    __rt_lib_shutdown_fp_trap_1              0x080001eb   Thumb Code     0  libshutdown2.o(.ARM.Collect$$libshutdown$$00000007)
    __rt_lib_shutdown_heap_1                 0x080001eb   Thumb Code     0  libshutdown2.o(.ARM.Collect$$libshutdown$$0000000F)
    __rt_lib_shutdown_return                 0x080001eb   Thumb Code     0  libshutdown2.o(.ARM.Collect$$libshutdown$$00000010)
    __rt_lib_shutdown_signal_1               0x080001eb   Thumb Code     0  libshutdown2.o(.ARM.Collect$$libshutdown$$0000000A)
    __rt_lib_shutdown_stdio_1                0x080001eb   Thumb Code     0  libshutdown2.o(.ARM.Collect$$libshutdown$$00000004)
    __rt_lib_shutdown_user_alloc_1           0x080001eb   Thumb Code     0  libshutdown2.o(.ARM.Collect$$libshutdown$$0000000C)
    __rt_entry                               0x080001ed   Thumb Code     0  __rtentry.o(.ARM.Collect$$rtentry$$00000000)
    __rt_entry_presh_1                       0x080001ed   Thumb Code     0  __rtentry2.o(.ARM.Collect$$rtentry$$00000002)
    __rt_entry_sh                            0x080001ed   Thumb Code     0  __rtentry4.o(.ARM.Collect$$rtentry$$00000004)
    __rt_entry_li                            0x080001f3   Thumb Code     0  __rtentry2.o(.ARM.Collect$$rtentry$$0000000A)
    __rt_entry_postsh_1                      0x080001f3   Thumb Code     0  __rtentry2.o(.ARM.Collect$$rtentry$$00000009)
    __rt_entry_main                          0x080001f7   Thumb Code     0  __rtentry2.o(.ARM.Collect$$rtentry$$0000000D)
    __rt_entry_postli_1                      0x080001f7   Thumb Code     0  __rtentry2.o(.ARM.Collect$$rtentry$$0000000C)
    __rt_exit                                0x080001ff   Thumb Code     0  rtexit.o(.ARM.Collect$$rtexit$$00000000)
    __rt_exit_ls                             0x08000201   Thumb Code     0  rtexit2.o(.ARM.Collect$$rtexit$$00000003)
    __rt_exit_prels_1                        0x08000201   Thumb Code     0  rtexit2.o(.ARM.Collect$$rtexit$$00000002)
    __rt_exit_exit                           0x08000205   Thumb Code     0  rtexit2.o(.ARM.Collect$$rtexit$$00000004)
    Reset_Handler                            0x0800020d   Thumb Code     4  startup_stm32f10x_hd.o(.text)
    SysTick_Handler                          0x08000221   Thumb Code     2  startup_stm32f10x_hd.o(.text)
    ADC1_2_IRQHandler                        0x08000223   Thumb Code     0  startup_stm32f10x_hd.o(.text)
    ADC3_IRQHandler                          0x08000223   Thumb Code     0  startup_stm32f10x_hd.o(.text)
    CAN1_RX1_IRQHandler                      0x08000223   Thumb Code     0  startup_stm32f10x_hd.o(.text)
    CAN1_SCE_IRQHandler                      0x08000223   Thumb Code     0  startup_stm32f10x_hd.o(.text)
    DMA1_Channel1_IRQHandler                 0x08000223   Thumb Code     0  startup_stm32f10x_hd.o(.text)
    DMA1_Channel2_IRQHandler                 0x08000223   Thumb Code     0  startup_stm32f10x_hd.o(.text)
    DMA1_Channel3_IRQHandler                 0x08000223   Thumb Code     0  startup_stm32f10x_hd.o(.text)
    DMA1_Channel4_IRQHandler                 0x08000223   Thumb Code     0  startup_stm32f10x_hd.o(.text)
    DMA1_Channel5_IRQHandler                 0x08000223   Thumb Code     0  startup_stm32f10x_hd.o(.text)
    DMA1_Channel6_IRQHandler                 0x08000223   Thumb Code     0  startup_stm32f10x_hd.o(.text)
    DMA1_Channel7_IRQHandler                 0x08000223   Thumb Code     0  startup_stm32f10x_hd.o(.text)
    DMA2_Channel1_IRQHandler                 0x08000223   Thumb Code     0  startup_stm32f10x_hd.o(.text)
    DMA2_Channel2_IRQHandler                 0x08000223   Thumb Code     0  startup_stm32f10x_hd.o(.text)
    DMA2_Channel3_IRQHandler                 0x08000223   Thumb Code     0  startup_stm32f10x_hd.o(.text)
    DMA2_Channel4_5_IRQHandler               0x08000223   Thumb Code     0  startup_stm32f10x_hd.o(.text)
    EXTI0_IRQHandler                         0x08000223   Thumb Code     0  startup_stm32f10x_hd.o(.text)
    EXTI15_10_IRQHandler                     0x08000223   Thumb Code     0  startup_stm32f10x_hd.o(.text)
    EXTI1_IRQHandler                         0x08000223   Thumb Code     0  startup_stm32f10x_hd.o(.text)
    EXTI2_IRQHandler                         0x08000223   Thumb Code     0  startup_stm32f10x_hd.o(.text)
    EXTI3_IRQHandler                         0x08000223   Thumb Code     0  startup_stm32f10x_hd.o(.text)
    EXTI4_IRQHandler                         0x08000223   Thumb Code     0  startup_stm32f10x_hd.o(.text)
    EXTI9_5_IRQHandler                       0x08000223   Thumb Code     0  startup_stm32f10x_hd.o(.text)
    FLASH_IRQHandler                         0x08000223   Thumb Code     0  startup_stm32f10x_hd.o(.text)
    FSMC_IRQHandler                          0x08000223   Thumb Code     0  startup_stm32f10x_hd.o(.text)
    I2C1_ER_IRQHandler                       0x08000223   Thumb Code     0  startup_stm32f10x_hd.o(.text)
    I2C1_EV_IRQHandler                       0x08000223   Thumb Code     0  startup_stm32f10x_hd.o(.text)
    I2C2_ER_IRQHandler                       0x08000223   Thumb Code     0  startup_stm32f10x_hd.o(.text)
    I2C2_EV_IRQHandler                       0x08000223   Thumb Code     0  startup_stm32f10x_hd.o(.text)
    PVD_IRQHandler                           0x08000223   Thumb Code     0  startup_stm32f10x_hd.o(.text)
    RCC_IRQHandler                           0x08000223   Thumb Code     0  startup_stm32f10x_hd.o(.text)
    RTCAlarm_IRQHandler                      0x08000223   Thumb Code     0  startup_stm32f10x_hd.o(.text)
    RTC_IRQHandler                           0x08000223   Thumb Code     0  startup_stm32f10x_hd.o(.text)
    SDIO_IRQHandler                          0x08000223   Thumb Code     0  startup_stm32f10x_hd.o(.text)
    SPI1_IRQHandler                          0x08000223   Thumb Code     0  startup_stm32f10x_hd.o(.text)
    SPI2_IRQHandler                          0x08000223   Thumb Code     0  startup_stm32f10x_hd.o(.text)
    SPI3_IRQHandler                          0x08000223   Thumb Code     0  startup_stm32f10x_hd.o(.text)
    TAMPER_IRQHandler                        0x08000223   Thumb Code     0  startup_stm32f10x_hd.o(.text)
    TIM1_BRK_IRQHandler                      0x08000223   Thumb Code     0  startup_stm32f10x_hd.o(.text)
    TIM1_CC_IRQHandler                       0x08000223   Thumb Code     0  startup_stm32f10x_hd.o(.text)
    TIM1_TRG_COM_IRQHandler                  0x08000223   Thumb Code     0  startup_stm32f10x_hd.o(.text)
    TIM1_UP_IRQHandler                       0x08000223   Thumb Code     0  startup_stm32f10x_hd.o(.text)
    TIM2_IRQHandler                          0x08000223   Thumb Code     0  startup_stm32f10x_hd.o(.text)
    TIM3_IRQHandler                          0x08000223   Thumb Code     0  startup_stm32f10x_hd.o(.text)
    TIM4_IRQHandler                          0x08000223   Thumb Code     0  startup_stm32f10x_hd.o(.text)
    TIM6_IRQHandler                          0x08000223   Thumb Code     0  startup_stm32f10x_hd.o(.text)
    TIM7_IRQHandler                          0x08000223   Thumb Code     0  startup_stm32f10x_hd.o(.text)
    TIM8_BRK_IRQHandler                      0x08000223   Thumb Code     0  startup_stm32f10x_hd.o(.text)
    TIM8_CC_IRQHandler                       0x08000223   Thumb Code     0  startup_stm32f10x_hd.o(.text)
    TIM8_TRG_COM_IRQHandler                  0x08000223   Thumb Code     0  startup_stm32f10x_hd.o(.text)
    TIM8_UP_IRQHandler                       0x08000223   Thumb Code     0  startup_stm32f10x_hd.o(.text)
    UART4_IRQHandler                         0x08000223   Thumb Code     0  startup_stm32f10x_hd.o(.text)
    UART5_IRQHandler                         0x08000223   Thumb Code     0  startup_stm32f10x_hd.o(.text)
    USART2_IRQHandler                        0x08000223   Thumb Code     0  startup_stm32f10x_hd.o(.text)
    USART3_IRQHandler                        0x08000223   Thumb Code     0  startup_stm32f10x_hd.o(.text)
    USB_HP_CAN1_TX_IRQHandler                0x08000223   Thumb Code     0  startup_stm32f10x_hd.o(.text)
    WWDG_IRQHandler                          0x08000223   Thumb Code     0  startup_stm32f10x_hd.o(.text)
    __user_initial_stackheap                 0x08000225   Thumb Code     0  startup_stm32f10x_hd.o(.text)
    __use_two_region_memory                  0x08000245   Thumb Code     2  heapauxi.o(.text)
    __rt_heap_escrow$2region                 0x08000247   Thumb Code     2  heapauxi.o(.text)
    __rt_heap_expand$2region                 0x08000249   Thumb Code     2  heapauxi.o(.text)
    __read_errno                             0x0800024b   Thumb Code    10  _rserrno.o(.text)
    __set_errno                              0x08000255   Thumb Code    12  _rserrno.o(.text)
    __aeabi_errno_addr                       0x08000261   Thumb Code     8  rt_errno_addr_intlibspace.o(.text)
    __errno$intlibspace                      0x08000261   Thumb Code     0  rt_errno_addr_intlibspace.o(.text)
    __rt_errno_addr$intlibspace              0x08000261   Thumb Code     0  rt_errno_addr_intlibspace.o(.text)
    __user_libspace                          0x08000269   Thumb Code     8  libspace.o(.text)
    __user_perproc_libspace                  0x08000269   Thumb Code     0  libspace.o(.text)
    __user_perthread_libspace                0x08000269   Thumb Code     0  libspace.o(.text)
    __user_setup_stackheap                   0x08000271   Thumb Code    74  sys_stackheap_outer.o(.text)
    exit                                     0x080002bb   Thumb Code    18  exit.o(.text)
    _sys_exit                                0x080002cd   Thumb Code     8  sys_exit.o(.text)
    __I$use$semihosting                      0x080002d9   Thumb Code     0  use_no_semi.o(.text)
    __use_no_semihosting_swi                 0x080002d9   Thumb Code     2  use_no_semi.o(.text)
    ADC_Cmd                                  0x080002db   Thumb Code    22  stm32f10x_adc.o(i.ADC_Cmd)
    __semihosting_library_function           0x080002db   Thumb Code     0  indicate_semi.o(.text)
    ADC_DMACmd                               0x080002f1   Thumb Code    22  stm32f10x_adc.o(i.ADC_DMACmd)
    ADC_GetCalibrationStatus                 0x08000307   Thumb Code    20  stm32f10x_adc.o(i.ADC_GetCalibrationStatus)
    ADC_GetResetCalibrationStatus            0x0800031b   Thumb Code    20  stm32f10x_adc.o(i.ADC_GetResetCalibrationStatus)
    ADC_Init                                 0x08000331   Thumb Code    70  stm32f10x_adc.o(i.ADC_Init)
    ADC_RegularChannelConfig                 0x08000381   Thumb Code   184  stm32f10x_adc.o(i.ADC_RegularChannelConfig)
    ADC_ResetCalibration                     0x08000439   Thumb Code    10  stm32f10x_adc.o(i.ADC_ResetCalibration)
    ADC_SoftwareStartConvCmd                 0x08000443   Thumb Code    22  stm32f10x_adc.o(i.ADC_SoftwareStartConvCmd)
    ADC_StartCalibration                     0x08000459   Thumb Code    10  stm32f10x_adc.o(i.ADC_StartCalibration)
    ADC_init                                 0x08000463   Thumb Code    12  adc.o(i.ADC_init)
    AND                                      0x080004ad   Thumb Code    92  ladder.o(i.AND)
    BSP_config                               0x080005b9   Thumb Code   230  bsp.o(i.BSP_config)
    BusFault_Handler                         0x080006b1   Thumb Code     4  stm32f10x_it.o(i.BusFault_Handler)
    ByteSwap                                 0x080006b5   Thumb Code    12  usb_regs.o(i.ByteSwap)
    CTR_LP                                   0x080007dd   Thumb Code   616  usb_int.o(i.CTR_LP)
    ClearDTOG_RX                             0x08000b2d   Thumb Code    48  usb_regs.o(i.ClearDTOG_RX)
    ClearDTOG_TX                             0x08000b61   Thumb Code    48  usb_regs.o(i.ClearDTOG_TX)
    Clear_Status_Out                         0x08000b95   Thumb Code    34  usb_regs.o(i.Clear_Status_Out)
    DAC_Cmd                                  0x08000bbd   Thumb Code    34  stm32f10x_dac.o(i.DAC_Cmd)
    DAC_Init                                 0x08000be5   Thumb Code    46  stm32f10x_dac.o(i.DAC_Init)
    DAC_SetChannel1Data                      0x08000c19   Thumb Code    26  stm32f10x_dac.o(i.DAC_SetChannel1Data)
    DAC_SetChannel2Data                      0x08000c39   Thumb Code    26  stm32f10x_dac.o(i.DAC_SetChannel2Data)
    DAC_SoftwareTriggerCmd                   0x08000c59   Thumb Code    40  stm32f10x_dac.o(i.DAC_SoftwareTriggerCmd)
    DAC_data                                 0x08000c85   Thumb Code    44  dac.o(i.DAC_data)
    DAC_out_init                             0x08000cb5   Thumb Code   134  dac.o(i.DAC_out_init)
    DMA_Cmd                                  0x08000d89   Thumb Code    22  stm32f10x_dma.o(i.DMA_Cmd)
    DMA_DeInit                               0x08000da1   Thumb Code   322  stm32f10x_dma.o(i.DMA_DeInit)
    DMA_Init                                 0x08000eed   Thumb Code    60  stm32f10x_dma.o(i.DMA_Init)
    DebugMon_Handler                         0x0800133d   Thumb Code     2  stm32f10x_it.o(i.DebugMon_Handler)
    EP1_IN_Callback                          0x08001351   Thumb Code   138  usb_endp.o(i.EP1_IN_Callback)
    EP3_OUT_Callback                         0x080013e1   Thumb Code    28  usb_endp.o(i.EP3_OUT_Callback)
    EPC_FORCE_OFF                            0x08001401   Thumb Code    64  usart_com.o(i.EPC_FORCE_OFF)
    EPC_FORCE_ON                             0x08001455   Thumb Code   130  usart_com.o(i.EPC_FORCE_ON)
    EXTI_ClearITPendingBit                   0x080014ed   Thumb Code     6  stm32f10x_exti.o(i.EXTI_ClearITPendingBit)
    EXTI_Init                                0x080014f9   Thumb Code   142  stm32f10x_exti.o(i.EXTI_Init)
    Enter_LowPowerMode                       0x0800158d   Thumb Code     8  hw_config.o(i.Enter_LowPowerMode)
    FLASH_ErasePage                          0x08001599   Thumb Code    76  stm32f10x_flash.o(i.FLASH_ErasePage)
    FLASH_GetBank1Status                     0x080015e9   Thumb Code    48  stm32f10x_flash.o(i.FLASH_GetBank1Status)
    FLASH_Lock                               0x0800161d   Thumb Code    14  stm32f10x_flash.o(i.FLASH_Lock)
    FLASH_ProgramHalfWord                    0x08001631   Thumb Code    64  stm32f10x_flash.o(i.FLASH_ProgramHalfWord)
    FLASH_Unlock                             0x08001675   Thumb Code    12  stm32f10x_flash.o(i.FLASH_Unlock)
    FLASH_WaitForLastOperation               0x0800168d   Thumb Code    38  stm32f10x_flash.o(i.FLASH_WaitForLastOperation)
    GPIO_Init                                0x080016b3   Thumb Code   278  stm32f10x_gpio.o(i.GPIO_Init)
    GetEPRxAddr                              0x080017c9   Thumb Code    24  usb_regs.o(i.GetEPRxAddr)
    GetEPRxCount                             0x080017e9   Thumb Code    26  usb_regs.o(i.GetEPRxCount)
    GetEPTxAddr                              0x0800180d   Thumb Code    22  usb_regs.o(i.GetEPTxAddr)
    Get_SerialNum                            0x0800182d   Thumb Code    42  hw_config.o(i.Get_SerialNum)
    HardFault_Handler                        0x08001861   Thumb Code     4  stm32f10x_it.o(i.HardFault_Handler)
    In0_Process                              0x080018c9   Thumb Code    98  usb_core.o(i.In0_Process)
    IntToUnicode                             0x08001939   Thumb Code    62  hw_config.o(i.IntToUnicode)
    Leave_LowPowerMode                       0x08001b1d   Thumb Code    22  hw_config.o(i.Leave_LowPowerMode)
    MYRCC_DeInit                             0x08002ab9   Thumb Code    90  sys.o(i.MYRCC_DeInit)
    MY_NVIC_SetVectorTable                   0x08002b21   Thumb Code    12  sys.o(i.MY_NVIC_SetVectorTable)
    MemManage_Handler                        0x08002b35   Thumb Code     4  stm32f10x_it.o(i.MemManage_Handler)
    NMI_Handler                              0x08002b79   Thumb Code     2  stm32f10x_it.o(i.NMI_Handler)
    NOP_Process                              0x08002b7b   Thumb Code     2  usb_core.o(i.NOP_Process)
    NVIC_Configuration                       0x08002b7d   Thumb Code    82  irq.o(i.NVIC_Configuration)
    NVIC_Init                                0x08002bd1   Thumb Code   100  misc.o(i.NVIC_Init)
    NVIC_PriorityGroupConfig                 0x08002c41   Thumb Code    10  misc.o(i.NVIC_PriorityGroupConfig)
    NVIC_SetVectorTable                      0x08002c55   Thumb Code    12  misc.o(i.NVIC_SetVectorTable)
    Out0_Process                             0x08002ef5   Thumb Code    70  usb_core.o(i.Out0_Process)
    PC_FORCE_OFF                             0x08002f45   Thumb Code    84  usart_com.o(i.PC_FORCE_OFF)
    PC_FORCE_ON                              0x08002fad   Thumb Code    76  usart_com.o(i.PC_FORCE_ON)
    PC_OPTION_PROG                           0x0800300d   Thumb Code   220  usart_com.o(i.PC_OPTION_PROG)
    PC_READ_PORG                             0x08003109   Thumb Code   336  usart_com.o(i.PC_READ_PORG)
    PC_READ_Parameter                        0x08003275   Thumb Code   786  usart_com.o(i.PC_READ_Parameter)
    PC_READ_byte                             0x080035ad   Thumb Code    52  usart_com.o(i.PC_READ_byte)
    PC_WRITE_PORG                            0x080035e9   Thumb Code   234  usart_com.o(i.PC_WRITE_PORG)
    PC_WRITE_Parameter                       0x080036f9   Thumb Code   234  usart_com.o(i.PC_WRITE_Parameter)
    PC_WRITE_byte                            0x08003809   Thumb Code    68  usart_com.o(i.PC_WRITE_byte)
    PLC_ProComParse                          0x08003865   Thumb Code  4324  ladder.o(i.PLC_ProComParse)
    PMAToUserBufferCopy                      0x08004961   Thumb Code    34  usb_mem.o(i.PMAToUserBufferCopy)
    PendSV_Handler                           0x080049d5   Thumb Code     2  stm32f10x_it.o(i.PendSV_Handler)
    Post0_Process                            0x080049d9   Thumb Code    54  usb_core.o(i.Post0_Process)
    PowerOn                                  0x08004a21   Thumb Code    54  usb_pwr.o(i.PowerOn)
    Process_switch                           0x08004a61   Thumb Code   154  usart_com.o(i.Process_switch)
    RCC_AHBPeriphClockCmd                    0x08004b15   Thumb Code    26  stm32f10x_rcc.o(i.RCC_AHBPeriphClockCmd)
    RCC_APB1PeriphClockCmd                   0x08004b35   Thumb Code    26  stm32f10x_rcc.o(i.RCC_APB1PeriphClockCmd)
    RCC_APB2PeriphClockCmd                   0x08004b55   Thumb Code    26  stm32f10x_rcc.o(i.RCC_APB2PeriphClockCmd)
    RCC_Configuration                        0x08004b75   Thumb Code   254  adc.o(i.RCC_Configuration)
    RCC_USBCLKConfig                         0x08004c85   Thumb Code     6  stm32f10x_rcc.o(i.RCC_USBCLKConfig)
    RST_T_D_C_M_data                         0x08004f09   Thumb Code   192  usart_com.o(i.RST_T_D_C_M_data)
    RST_Y                                    0x08004fcd   Thumb Code    58  ladder.o(i.RST_Y)
    RX_Process                               0x08005015   Thumb Code   172  usart_com.o(i.RX_Process)
    Resume                                   0x080050d5   Thumb Code   194  usb_pwr.o(i.Resume)
    Resume_Init                              0x080051a5   Thumb Code    30  usb_pwr.o(i.Resume_Init)
    SOF_Callback                             0x080051c9   Thumb Code    38  usb_endp.o(i.SOF_Callback)
    SVC_Handler                              0x08005231   Thumb Code     2  stm32f10x_it.o(i.SVC_Handler)
    SetBTABLE                                0x08005279   Thumb Code    12  usb_regs.o(i.SetBTABLE)
    SetDeviceAddress                         0x08005289   Thumb Code    68  usb_core.o(i.SetDeviceAddress)
    SetEPRxAddr                              0x080052d9   Thumb Code    26  usb_regs.o(i.SetEPRxAddr)
    SetEPRxCount                             0x080052fd   Thumb Code    68  usb_regs.o(i.SetEPRxCount)
    SetEPRxStatus                            0x08005349   Thumb Code    60  usb_regs.o(i.SetEPRxStatus)
    SetEPRxValid                             0x08005389   Thumb Code    48  usb_regs.o(i.SetEPRxValid)
    SetEPTxAddr                              0x080053bd   Thumb Code    24  usb_regs.o(i.SetEPTxAddr)
    SetEPTxCount                             0x080053dd   Thumb Code    20  usb_regs.o(i.SetEPTxCount)
    SetEPTxStatus                            0x080053f9   Thumb Code    60  usb_regs.o(i.SetEPTxStatus)
    SetEPTxValid                             0x08005439   Thumb Code    48  usb_regs.o(i.SetEPTxValid)
    SetEPType                                0x0800546d   Thumb Code    32  usb_regs.o(i.SetEPType)
    Set_USBClock                             0x08005579   Thumb Code    18  hw_config.o(i.Set_USBClock)
    Setup0_Process                           0x0800558d   Thumb Code   170  usb_core.o(i.Setup0_Process)
    Standard_ClearFeature                    0x08005645   Thumb Code   342  usb_core.o(i.Standard_ClearFeature)
    Standard_GetConfiguration                0x080057b1   Thumb Code    34  usb_core.o(i.Standard_GetConfiguration)
    Standard_GetDescriptorData               0x080057dd   Thumb Code    32  usb_core.o(i.Standard_GetDescriptorData)
    Standard_GetInterface                    0x08005801   Thumb Code    34  usb_core.o(i.Standard_GetInterface)
    Standard_GetStatus                       0x0800582d   Thumb Code   238  usb_core.o(i.Standard_GetStatus)
    Standard_SetConfiguration                0x0800592d   Thumb Code    60  usb_core.o(i.Standard_SetConfiguration)
    Standard_SetDeviceFeature                0x08005975   Thumb Code    30  usb_core.o(i.Standard_SetDeviceFeature)
    Standard_SetEndPointFeature              0x0800599d   Thumb Code   192  usb_core.o(i.Standard_SetEndPointFeature)
    Standard_SetInterface                    0x08005a6d   Thumb Code    96  usb_core.o(i.Standard_SetInterface)
    Stm32_Clock_Init                         0x08005ad9   Thumb Code   134  sys.o(i.Stm32_Clock_Init)
    Suspend                                  0x08005b69   Thumb Code   142  usb_pwr.o(i.Suspend)
    SystemInit                               0x08005c05   Thumb Code    70  system_stm32f10x.o(i.SystemInit)
    TIM5_IRQHandler                          0x08005c59   Thumb Code   302  clk.o(i.TIM5_IRQHandler)
    TIM5_Init                                0x08005d99   Thumb Code    70  clk.o(i.TIM5_Init)
    TIM_ClearITPendingBit                    0x08005de5   Thumb Code     6  stm32f10x_tim.o(i.TIM_ClearITPendingBit)
    TIM_Cmd                                  0x08005deb   Thumb Code    24  stm32f10x_tim.o(i.TIM_Cmd)
    TIM_GetITStatus                          0x08005e03   Thumb Code    34  stm32f10x_tim.o(i.TIM_GetITStatus)
    TIM_ITConfig                             0x08005e25   Thumb Code    18  stm32f10x_tim.o(i.TIM_ITConfig)
    TIM_TimeBaseInit                         0x08005e39   Thumb Code   122  stm32f10x_tim.o(i.TIM_TimeBaseInit)
    TX_Process                               0x08005edd   Thumb Code    46  usart_com.o(i.TX_Process)
    T_100MS                                  0x08005f19   Thumb Code   130  clk.o(i.T_100MS)
    USART_ClearFlag                          0x08005fd1   Thumb Code    18  stm32f10x_usart.o(i.USART_ClearFlag)
    USART_ClearITPendingBit                  0x08005fe3   Thumb Code    30  stm32f10x_usart.o(i.USART_ClearITPendingBit)
    p_x                                      0x08006000   Data           2  usart_com.o(.ARM.__AT_0x08006000)
    x                                        0x08006002   Data       60952  usart_com.o(.ARM.__AT_0x08006002)
    T_10MS                                   0x08014e1d   Thumb Code   130  clk.o(i.T_10MS)
    T_1MS                                    0x08014eb9   Thumb Code   130  clk.o(i.T_1MS)
    T_H100MS                                 0x08014f55   Thumb Code   130  clk.o(i.T_H100MS)
    USART1_IRQHandler                        0x0801509d   Thumb Code   132  usart_com.o(i.USART1_IRQHandler)
    USART_Config                             0x08015125   Thumb Code    20  hw_config.o(i.USART_Config)
    USART_GetFlagStatus                      0x08015141   Thumb Code    26  stm32f10x_usart.o(i.USART_GetFlagStatus)
    USART_GetITStatus                        0x0801515b   Thumb Code    84  stm32f10x_usart.o(i.USART_GetITStatus)
    USART_ITConfig                           0x080151af   Thumb Code    74  stm32f10x_usart.o(i.USART_ITConfig)
    USART_ReceiveData                        0x080151f9   Thumb Code    10  stm32f10x_usart.o(i.USART_ReceiveData)
    USBWakeUp_IRQHandler                     0x08015203   Thumb Code    12  hw_config.o(i.USBWakeUp_IRQHandler)
    USB_Cable_Config                         0x0801520f   Thumb Code     2  hw_config.o(i.USB_Cable_Config)
    USB_Init                                 0x08015211   Thumb Code    36  usb_init.o(i.USB_Init)
    USB_Interrupts_Config                    0x0801524d   Thumb Code    84  hw_config.o(i.USB_Interrupts_Config)
    USB_Istr                                 0x080152a1   Thumb Code   426  usb_istr.o(i.USB_Istr)
    USB_LP_CAN1_RX0_IRQHandler               0x08015471   Thumb Code     8  hw_config.o(i.USB_LP_CAN1_RX0_IRQHandler)
    USB_Port_Set                             0x08015479   Thumb Code    74  hw_config.o(i.USB_Port_Set)
    USB_SIL_Init                             0x080154d1   Thumb Code    28  usb_sil.o(i.USB_SIL_Init)
    USB_SIL_Read                             0x080154f5   Thumb Code    46  usb_sil.o(i.USB_SIL_Read)
    USB_To_USART_Send_Data                   0x08015523   Thumb Code    32  hw_config.o(i.USB_To_USART_Send_Data)
    USB_USART_SendData                       0x08015545   Thumb Code    42  hw_config.o(i.USB_USART_SendData)
    UsageFault_Handler                       0x08015575   Thumb Code     4  stm32f10x_it.o(i.UsageFault_Handler)
    UserToPMABufferCopy                      0x08015579   Thumb Code    52  usb_mem.o(i.UserToPMABufferCopy)
    Virtual_Com_Port_Data_Setup              0x080155b1   Thumb Code    82  usb_prop.o(i.Virtual_Com_Port_Data_Setup)
    Virtual_Com_Port_GetConfigDescriptor     0x08015615   Thumb Code    14  usb_prop.o(i.Virtual_Com_Port_GetConfigDescriptor)
    Virtual_Com_Port_GetDeviceDescriptor     0x08015629   Thumb Code    14  usb_prop.o(i.Virtual_Com_Port_GetDeviceDescriptor)
    Virtual_Com_Port_GetLineCoding           0x0801563d   Thumb Code    20  usb_prop.o(i.Virtual_Com_Port_GetLineCoding)
    Virtual_Com_Port_GetStringDescriptor     0x08015659   Thumb Code    32  usb_prop.o(i.Virtual_Com_Port_GetStringDescriptor)
    Virtual_Com_Port_Get_Interface_Setting   0x08015681   Thumb Code    22  usb_prop.o(i.Virtual_Com_Port_Get_Interface_Setting)
    Virtual_Com_Port_NoData_Setup            0x08015699   Thumb Code    36  usb_prop.o(i.Virtual_Com_Port_NoData_Setup)
    Virtual_Com_Port_Reset                   0x080156c1   Thumb Code   216  usb_prop.o(i.Virtual_Com_Port_Reset)
    Virtual_Com_Port_SetConfiguration        0x080157a9   Thumb Code    14  usb_prop.o(i.Virtual_Com_Port_SetConfiguration)
    Virtual_Com_Port_SetDeviceAddress        0x080157c1   Thumb Code     8  usb_prop.o(i.Virtual_Com_Port_SetDeviceAddress)
    Virtual_Com_Port_SetLineCoding           0x080157cd   Thumb Code    20  usb_prop.o(i.Virtual_Com_Port_SetLineCoding)
    Virtual_Com_Port_Status_In               0x080157e9   Thumb Code    22  usb_prop.o(i.Virtual_Com_Port_Status_In)
    Virtual_Com_Port_Status_Out              0x08015805   Thumb Code     2  usb_prop.o(i.Virtual_Com_Port_Status_Out)
    Virtual_Com_Port_init                    0x08015809   Thumb Code    30  usb_prop.o(i.Virtual_Com_Port_init)
    all_flash_lock                           0x08015b25   Thumb Code    42  usart_com.o(i.all_flash_lock)
    all_flash_unlock                         0x08015b61   Thumb Code    28  usart_com.o(i.all_flash_unlock)
    backup_block                             0x08015c55   Thumb Code    40  usart_com.o(i.backup_block)
    backup_data                              0x08015c85   Thumb Code   142  usart_com.o(i.backup_data)
    data_init                                0x080161b5   Thumb Code    56  usart_com.o(i.data_init)
    filter                                   0x08017dc1   Thumb Code    62  adc.o(i.filter)
    find_data                                0x08017e09   Thumb Code    92  usart_com.o(i.find_data)
    find_data_address                        0x08017e69   Thumb Code   256  usart_com.o(i.find_data_address)
    find_end                                 0x08017f79   Thumb Code    48  usart_com.o(i.find_end)
    find_p                                   0x08017fb9   Thumb Code    84  ladder.o(i.find_p)
    find_step                                0x08018019   Thumb Code    76  ladder.o(i.find_step)
    find_toend                               0x08018071   Thumb Code    58  ladder.o(i.find_toend)
    force_reset                              0x080180b5   Thumb Code    50  ladder.o(i.force_reset)
    force_set                                0x080180ed   Thumb Code    50  ladder.o(i.force_set)
    init_xy                                  0x08018285   Thumb Code    12  bsp.o(i.init_xy)
    main                                     0x08018421   Thumb Code   270  main.o(i.main)
    mov_flash                                0x08018555   Thumb Code   444  usart_com.o(i.mov_flash)
    online_write_data                        0x08018911   Thumb Code   226  usart_com.o(i.online_write_data)
    read_data                                0x08018b0d   Thumb Code    52  usart_com.o(i.read_data)
    read_other_data                          0x08018b49   Thumb Code   198  usart_com.o(i.read_other_data)
    read_plc_tyte                            0x08018c29   Thumb Code   182  usart_com.o(i.read_plc_tyte)
    recover_data                             0x08018cf5   Thumb Code   142  usart_com.o(i.recover_data)
    reset_step                               0x08018d8d   Thumb Code    78  ladder.o(i.reset_step)
    rx_data_sum                              0x08018ded   Thumb Code   138  usart_com.o(i.rx_data_sum)
    set_step                                 0x08018e89   Thumb Code    68  ladder.o(i.set_step)
    setup_HL                                 0x08018ed9   Thumb Code    16  usart_com.o(i.setup_HL)
    setup_LH                                 0x08018ef1   Thumb Code    16  usart_com.o(i.setup_LH)
    sqrt                                     0x08018f09   Thumb Code    76  sqrt.o(i.sqrt)
    switch_read_data                         0x08018f81   Thumb Code    86  usart_com.o(i.switch_read_data)
    timer_disble                             0x08018fe9   Thumb Code   182  clk.o(i.timer_disble)
    timer_enable                             0x080190c9   Thumb Code   124  clk.o(i.timer_enable)
    write_block                              0x0801915d   Thumb Code    94  usart_com.o(i.write_block)
    write_data                               0x080191c5   Thumb Code    68  usart_com.o(i.write_data)
    x_filter                                 0x08019211   Thumb Code   700  bsp.o(i.x_filter)
    x_refresh                                0x080194dd   Thumb Code    68  bsp.o(i.x_refresh)
    y_refresh                                0x08019535   Thumb Code   242  bsp.o(i.y_refresh)
    __aeabi_d2uiz                            0x08019639   Thumb Code     0  dfixu.o(x$fpl$dfixu)
    _dfixu                                   0x08019639   Thumb Code    90  dfixu.o(x$fpl$dfixu)
    __aeabi_ui2d                             0x08019693   Thumb Code     0  dflt_clz.o(x$fpl$dfltu)
    _dfltu                                   0x08019693   Thumb Code    38  dflt_clz.o(x$fpl$dfltu)
    __fpl_dnaninf                            0x080196b9   Thumb Code   156  dnaninf.o(x$fpl$dnaninf)
    _dsqrt                                   0x08019755   Thumb Code   456  dsqrt_noumaal.o(x$fpl$dsqrt)
    __I$use$fp                               0x08019920   Number         0  usenofp.o(x$fpl$usenofp)
    special_d                                0x08019920   Data         512  usart_com.o(.constdata)
    ascll_bcd                                0x08019b34   Data          25  usart_com.o(.constdata)
    plc_type                                 0x08019b4d   Data           2  usart_com.o(.constdata)
    Virtual_Com_Port_DeviceDescriptor        0x08019b4f   Data          18  usb_desc.o(.constdata)
    Virtual_Com_Port_ConfigDescriptor        0x08019b61   Data          67  usb_desc.o(.constdata)
    Virtual_Com_Port_StringLangID            0x08019ba4   Data           4  usb_desc.o(.constdata)
    Virtual_Com_Port_StringVendor            0x08019ba8   Data          38  usb_desc.o(.constdata)
    Virtual_Com_Port_StringProduct           0x08019bce   Data          50  usb_desc.o(.constdata)
    Region$$Table$$Base                      0x08019c00   Number         0  anon$$obj.o(Region$$Table)
    Region$$Table$$Limit                     0x08019c20   Number         0  anon$$obj.o(Region$$Table)
    power_down                               0x20000000   Data           1  main.o(.data)
    Run_Flag                                 0x20000001   Data           1  main.o(.data)
    p_data_given                             0x20000004   Data           4  clk.o(.data)
    p_reset_coil                             0x20000008   Data           4  clk.o(.data)
    p_over_coil                              0x2000000c   Data           4  clk.o(.data)
    p_enable_coil                            0x20000010   Data           4  clk.o(.data)
    p_value                                  0x20000014   Data           4  clk.o(.data)
    C_count                                  0x20000032   Data           4  ladder.o(.data)
    sub_add1                                 0x2000003c   Data           2  ladder.o(.data)
    sub_add2                                 0x2000003e   Data           2  ladder.o(.data)
    edit_prog                                0x20000040   Data           1  ladder.o(.data)
    prog_count                               0x20000074   Data           2  usart_com.o(.data)
    rx_temp                                  0x20000076   Data           2  usart_com.o(.data)
    tx_temp                                  0x20000078   Data           2  usart_com.o(.data)
    rx_count                                 0x2000007a   Data           2  usart_com.o(.data)
    tx_count                                 0x2000007c   Data           2  usart_com.o(.data)
    str                                      0x20000080   Data           4  usart_com.o(.data)
    px                                       0x20000084   Data           4  usart_com.o(.data)
    prog_address                             0x20000088   Data           2  usart_com.o(.data)
    data_address                             0x2000008a   Data           2  usart_com.o(.data)
    data_size                                0x2000008c   Data           1  usart_com.o(.data)
    block_contol                             0x2000008d   Data           2  usart_com.o(.data)
    rx_end                                   0x2000008f   Data           1  usart_com.o(.data)
    in_x                                     0x20000092   Data           2  bsp.o(.data)
    out_y                                    0x20000094   Data           2  bsp.o(.data)
    M00                                      0x20000096   Data           2  bsp.o(.data)
    StatusInfo                               0x20000098   Data           2  usb_core.o(.data)
    Data_Mul_MaxPacketSize                   0x2000009a   Data           1  usb_core.o(.data)
    EPindex                                  0x2000009c   Data           1  usb_init.o(.data)
    pInformation                             0x200000a0   Data           4  usb_init.o(.data)
    pProperty                                0x200000a4   Data           4  usb_init.o(.data)
    SaveState                                0x200000a8   Data           2  usb_init.o(.data)
    wInterrupt_Mask                          0x200000aa   Data           2  usb_init.o(.data)
    pUser_Standard_Requests                  0x200000ac   Data           4  usb_init.o(.data)
    SaveRState                               0x200000b0   Data           2  usb_int.o(.data)
    SaveTState                               0x200000b2   Data           2  usb_int.o(.data)
    USB_USART_RX_STA                         0x200000b4   Data           2  hw_config.o(.data)
    Virtual_Com_Port_StringSerial            0x200000b7   Data          26  usb_desc.o(.data)
    wIstr                                    0x200000d8   Data           2  usb_istr.o(.data)
    bIntPackSOF                              0x200000da   Data           1  usb_istr.o(.data)
    esof_counter                             0x200000dc   Data           4  usb_istr.o(.data)
    wCNTR                                    0x200000e0   Data           4  usb_istr.o(.data)
    pEpInt_IN                                0x200000e4   Data          28  usb_istr.o(.data)
    pEpInt_OUT                               0x20000100   Data          28  usb_istr.o(.data)
    Request                                  0x2000011c   Data           1  usb_prop.o(.data)
    linecoding                               0x20000120   Data           8  usb_prop.o(.data)
    Device_Table                             0x20000128   Data           2  usb_prop.o(.data)
    Device_Property                          0x2000012c   Data          48  usb_prop.o(.data)
    User_Standard_Requests                   0x2000015c   Data          36  usb_prop.o(.data)
    Device_Descriptor                        0x20000180   Data           8  usb_prop.o(.data)
    Config_Descriptor                        0x20000188   Data           8  usb_prop.o(.data)
    String_Descriptor                        0x20000190   Data          32  usb_prop.o(.data)
    bDeviceState                             0x200001b0   Data           4  usb_pwr.o(.data)
    fSuspendEnabled                          0x200001b4   Data           1  usb_pwr.o(.data)
    ResumeS                                  0x200001b5   Data           2  usb_pwr.o(.data)
    remotewakeupon                           0x200001b8   Data           4  usb_pwr.o(.data)
    ADCConvertedValue                        0x200001bc   Data         400  adc.o(.bss)
    process                                  0x20000754   Data         128  ladder.o(.bss)
    prog_write_buffer                        0x200007d4   Data        4100  usart_com.o(.bss)
    tx_data                                  0x200017d8   Data         610  usart_com.o(.bss)
    rx_data                                  0x20001a3a   Data         610  usart_com.o(.bss)
    Device_Info                              0x20001cb0   Data          28  usb_init.o(.bss)
    uu_txfifo                                0x20001ccc   Data        1028  hw_config.o(.bss)
    USART_PRINTF_Buffer                      0x200020d0   Data         200  hw_config.o(.bss)
    USB_USART_RX_BUF                         0x20002198   Data         200  hw_config.o(.bss)
    USB_Rx_Buffer                            0x20002260   Data          64  usb_endp.o(.bss)
    EP                                       0x200022a0   Data          32  usb_pwr.o(.bss)
    __libspace_start                         0x200022c0   Data          96  libspace.o(.bss)
    __temporary_stack_top$libspace           0x20002320   Data           0  libspace.o(.bss)
    p_all_data                               0x20005000   Data           4  usart_com.o(.ARM.__AT_0x20005000)
    all_data                                 0x20005004   Data       33200  usart_com.o(.ARM.__AT_0x20005004)
    step_status                              0x2000d200   Data        1000  usart_com.o(.ARM.__AT_0x2000D200)
    startup                                  0x2000d5f0   Data           4  main.o(.ARM.__AT_0x2000D5F0)



==============================================================================

Memory Map of the image

  Image Entry point : 0x08000131

  Load Region LR_IROM1 (Base: 0x08000000, Size: 0x00019ddc, Max: 0x00080000, ABSOLUTE, COMPRESSED[0x00019ca0])

    Execution Region ER_IROM1 (Exec base: 0x08000000, Load base: 0x08000000, Size: 0x00019c20, Max: 0x00080000, ABSOLUTE)

    Exec Addr    Load Addr    Size         Type   Attr      Idx    E Section Name        Object

    0x08000000   0x08000000   0x00000130   Data   RO          219    RESET               startup_stm32f10x_hd.o
    0x08000130   0x08000130   0x00000008   Code   RO         4544  * !!!main             c_w.l(__main.o)
    0x08000138   0x08000138   0x00000034   Code   RO         4900    !!!scatter          c_w.l(__scatter.o)
    0x0800016c   0x0800016c   0x0000005a   Code   RO         4898    !!dczerorl2         c_w.l(__dczerorl2.o)
    0x080001c6   0x080001c6   0x00000002   PAD
    0x080001c8   0x080001c8   0x0000001c   Code   RO         4902    !!handler_zi        c_w.l(__scatter_zi.o)
    0x080001e4   0x080001e4   0x00000002   Code   RO         4762    .ARM.Collect$$libinit$$00000000  c_w.l(libinit.o)
    0x080001e6   0x080001e6   0x00000000   Code   RO         4775    .ARM.Collect$$libinit$$00000002  c_w.l(libinit2.o)
    0x080001e6   0x080001e6   0x00000000   Code   RO         4777    .ARM.Collect$$libinit$$00000004  c_w.l(libinit2.o)
    0x080001e6   0x080001e6   0x00000000   Code   RO         4780    .ARM.Collect$$libinit$$0000000A  c_w.l(libinit2.o)
    0x080001e6   0x080001e6   0x00000000   Code   RO         4782    .ARM.Collect$$libinit$$0000000C  c_w.l(libinit2.o)
    0x080001e6   0x080001e6   0x00000000   Code   RO         4784    .ARM.Collect$$libinit$$0000000E  c_w.l(libinit2.o)
    0x080001e6   0x080001e6   0x00000000   Code   RO         4787    .ARM.Collect$$libinit$$00000011  c_w.l(libinit2.o)
    0x080001e6   0x080001e6   0x00000000   Code   RO         4789    .ARM.Collect$$libinit$$00000013  c_w.l(libinit2.o)
    0x080001e6   0x080001e6   0x00000000   Code   RO         4791    .ARM.Collect$$libinit$$00000015  c_w.l(libinit2.o)
    0x080001e6   0x080001e6   0x00000000   Code   RO         4793    .ARM.Collect$$libinit$$00000017  c_w.l(libinit2.o)
    0x080001e6   0x080001e6   0x00000000   Code   RO         4795    .ARM.Collect$$libinit$$00000019  c_w.l(libinit2.o)
    0x080001e6   0x080001e6   0x00000000   Code   RO         4797    .ARM.Collect$$libinit$$0000001B  c_w.l(libinit2.o)
    0x080001e6   0x080001e6   0x00000000   Code   RO         4799    .ARM.Collect$$libinit$$0000001D  c_w.l(libinit2.o)
    0x080001e6   0x080001e6   0x00000000   Code   RO         4801    .ARM.Collect$$libinit$$0000001F  c_w.l(libinit2.o)
    0x080001e6   0x080001e6   0x00000000   Code   RO         4803    .ARM.Collect$$libinit$$00000021  c_w.l(libinit2.o)
    0x080001e6   0x080001e6   0x00000000   Code   RO         4805    .ARM.Collect$$libinit$$00000023  c_w.l(libinit2.o)
    0x080001e6   0x080001e6   0x00000000   Code   RO         4807    .ARM.Collect$$libinit$$00000025  c_w.l(libinit2.o)
    0x080001e6   0x080001e6   0x00000000   Code   RO         4811    .ARM.Collect$$libinit$$0000002C  c_w.l(libinit2.o)
    0x080001e6   0x080001e6   0x00000000   Code   RO         4813    .ARM.Collect$$libinit$$0000002E  c_w.l(libinit2.o)
    0x080001e6   0x080001e6   0x00000000   Code   RO         4815    .ARM.Collect$$libinit$$00000030  c_w.l(libinit2.o)
    0x080001e6   0x080001e6   0x00000000   Code   RO         4817    .ARM.Collect$$libinit$$00000032  c_w.l(libinit2.o)
    0x080001e6   0x080001e6   0x00000002   Code   RO         4818    .ARM.Collect$$libinit$$00000033  c_w.l(libinit2.o)
    0x080001e8   0x080001e8   0x00000002   Code   RO         4838    .ARM.Collect$$libshutdown$$00000000  c_w.l(libshutdown.o)
    0x080001ea   0x080001ea   0x00000000   Code   RO         4851    .ARM.Collect$$libshutdown$$00000002  c_w.l(libshutdown2.o)
    0x080001ea   0x080001ea   0x00000000   Code   RO         4853    .ARM.Collect$$libshutdown$$00000004  c_w.l(libshutdown2.o)
    0x080001ea   0x080001ea   0x00000000   Code   RO         4856    .ARM.Collect$$libshutdown$$00000007  c_w.l(libshutdown2.o)
    0x080001ea   0x080001ea   0x00000000   Code   RO         4859    .ARM.Collect$$libshutdown$$0000000A  c_w.l(libshutdown2.o)
    0x080001ea   0x080001ea   0x00000000   Code   RO         4861    .ARM.Collect$$libshutdown$$0000000C  c_w.l(libshutdown2.o)
    0x080001ea   0x080001ea   0x00000000   Code   RO         4864    .ARM.Collect$$libshutdown$$0000000F  c_w.l(libshutdown2.o)
    0x080001ea   0x080001ea   0x00000002   Code   RO         4865    .ARM.Collect$$libshutdown$$00000010  c_w.l(libshutdown2.o)
    0x080001ec   0x080001ec   0x00000000   Code   RO         4564    .ARM.Collect$$rtentry$$00000000  c_w.l(__rtentry.o)
    0x080001ec   0x080001ec   0x00000000   Code   RO         4674    .ARM.Collect$$rtentry$$00000002  c_w.l(__rtentry2.o)
    0x080001ec   0x080001ec   0x00000006   Code   RO         4686    .ARM.Collect$$rtentry$$00000004  c_w.l(__rtentry4.o)
    0x080001f2   0x080001f2   0x00000000   Code   RO         4676    .ARM.Collect$$rtentry$$00000009  c_w.l(__rtentry2.o)
    0x080001f2   0x080001f2   0x00000004   Code   RO         4677    .ARM.Collect$$rtentry$$0000000A  c_w.l(__rtentry2.o)
    0x080001f6   0x080001f6   0x00000000   Code   RO         4679    .ARM.Collect$$rtentry$$0000000C  c_w.l(__rtentry2.o)
    0x080001f6   0x080001f6   0x00000008   Code   RO         4680    .ARM.Collect$$rtentry$$0000000D  c_w.l(__rtentry2.o)
    0x080001fe   0x080001fe   0x00000002   Code   RO         4767    .ARM.Collect$$rtexit$$00000000  c_w.l(rtexit.o)
    0x08000200   0x08000200   0x00000000   Code   RO         4820    .ARM.Collect$$rtexit$$00000002  c_w.l(rtexit2.o)
    0x08000200   0x08000200   0x00000004   Code   RO         4821    .ARM.Collect$$rtexit$$00000003  c_w.l(rtexit2.o)
    0x08000204   0x08000204   0x00000006   Code   RO         4822    .ARM.Collect$$rtexit$$00000004  c_w.l(rtexit2.o)
    0x0800020a   0x0800020a   0x00000002   PAD
    0x0800020c   0x0800020c   0x00000038   Code   RO          220    .text               startup_stm32f10x_hd.o
    0x08000244   0x08000244   0x00000006   Code   RO         4542    .text               c_w.l(heapauxi.o)
    0x0800024a   0x0800024a   0x00000016   Code   RO         4565    .text               c_w.l(_rserrno.o)
    0x08000260   0x08000260   0x00000008   Code   RO         4691    .text               c_w.l(rt_errno_addr_intlibspace.o)
    0x08000268   0x08000268   0x00000008   Code   RO         4713    .text               c_w.l(libspace.o)
    0x08000270   0x08000270   0x0000004a   Code   RO         4716    .text               c_w.l(sys_stackheap_outer.o)
    0x080002ba   0x080002ba   0x00000012   Code   RO         4755    .text               c_w.l(exit.o)
    0x080002cc   0x080002cc   0x0000000c   Code   RO         4830    .text               c_w.l(sys_exit.o)
    0x080002d8   0x080002d8   0x00000002   Code   RO         4841    .text               c_w.l(use_no_semi.o)
    0x080002da   0x080002da   0x00000000   Code   RO         4843    .text               c_w.l(indicate_semi.o)
    0x080002da   0x080002da   0x00000016   Code   RO         1504    i.ADC_Cmd           stm32f10x_adc.o
    0x080002f0   0x080002f0   0x00000016   Code   RO         1505    i.ADC_DMACmd        stm32f10x_adc.o
    0x08000306   0x08000306   0x00000014   Code   RO         1512    i.ADC_GetCalibrationStatus  stm32f10x_adc.o
    0x0800031a   0x0800031a   0x00000014   Code   RO         1518    i.ADC_GetResetCalibrationStatus  stm32f10x_adc.o
    0x0800032e   0x0800032e   0x00000002   PAD
    0x08000330   0x08000330   0x00000050   Code   RO         1522    i.ADC_Init          stm32f10x_adc.o
    0x08000380   0x08000380   0x000000b8   Code   RO         1526    i.ADC_RegularChannelConfig  stm32f10x_adc.o
    0x08000438   0x08000438   0x0000000a   Code   RO         1527    i.ADC_ResetCalibration  stm32f10x_adc.o
    0x08000442   0x08000442   0x00000016   Code   RO         1529    i.ADC_SoftwareStartConvCmd  stm32f10x_adc.o
    0x08000458   0x08000458   0x0000000a   Code   RO         1531    i.ADC_StartCalibration  stm32f10x_adc.o
    0x08000462   0x08000462   0x0000000c   Code   RO          451    i.ADC_init          adc.o
    0x0800046e   0x0800046e   0x00000002   PAD
    0x08000470   0x08000470   0x0000003c   Code   RO          547    i.ANB               ladder.o
    0x080004ac   0x080004ac   0x00000064   Code   RO          548    i.AND               ladder.o
    0x08000510   0x08000510   0x00000064   Code   RO          549    i.ANI               ladder.o
    0x08000574   0x08000574   0x00000044   Code   RO          550    i.BIT_SET           ladder.o
    0x080005b8   0x080005b8   0x000000f8   Code   RO         1421    i.BSP_config        bsp.o
    0x080006b0   0x080006b0   0x00000004   Code   RO          224    i.BusFault_Handler  stm32f10x_it.o
    0x080006b4   0x080006b4   0x0000000c   Code   RO         3827    i.ByteSwap          usb_regs.o
    0x080006c0   0x080006c0   0x00000050   Code   RO          551    i.CALL              ladder.o
    0x08000710   0x08000710   0x00000044   Code   RO          552    i.CALL_EX           ladder.o
    0x08000754   0x08000754   0x00000044   Code   RO          553    i.CJ                ladder.o
    0x08000798   0x08000798   0x00000044   Code   RO          554    i.CJ_EX             ladder.o
    0x080007dc   0x080007dc   0x00000288   Code   RO         3780    i.CTR_LP            usb_int.o
    0x08000a64   0x08000a64   0x000000ac   Code   RO          555    i.C_given_value_D   ladder.o
    0x08000b10   0x08000b10   0x0000001c   Code   RO          556    i.C_given_value_K   ladder.o
    0x08000b2c   0x08000b2c   0x00000034   Code   RO         3828    i.ClearDTOG_RX      usb_regs.o
    0x08000b60   0x08000b60   0x00000034   Code   RO         3829    i.ClearDTOG_TX      usb_regs.o
    0x08000b94   0x08000b94   0x00000028   Code   RO         3834    i.Clear_Status_Out  usb_regs.o
    0x08000bbc   0x08000bbc   0x00000028   Code   RO         1858    i.DAC_Cmd           stm32f10x_dac.o
    0x08000be4   0x08000be4   0x00000034   Code   RO         1863    i.DAC_Init          stm32f10x_dac.o
    0x08000c18   0x08000c18   0x00000020   Code   RO         1864    i.DAC_SetChannel1Data  stm32f10x_dac.o
    0x08000c38   0x08000c38   0x00000020   Code   RO         1865    i.DAC_SetChannel2Data  stm32f10x_dac.o
    0x08000c58   0x08000c58   0x0000002c   Code   RO         1867    i.DAC_SoftwareTriggerCmd  stm32f10x_dac.o
    0x08000c84   0x08000c84   0x00000030   Code   RO          315    i.DAC_data          dac.o
    0x08000cb4   0x08000cb4   0x0000008c   Code   RO          316    i.DAC_out_init      dac.o
    0x08000d40   0x08000d40   0x00000048   Code   RO          557    i.DEC               ladder.o
    0x08000d88   0x08000d88   0x00000016   Code   RO         1938    i.DMA_Cmd           stm32f10x_dma.o
    0x08000d9e   0x08000d9e   0x00000002   PAD
    0x08000da0   0x08000da0   0x0000014c   Code   RO         1939    i.DMA_DeInit        stm32f10x_dma.o
    0x08000eec   0x08000eec   0x0000003c   Code   RO         1944    i.DMA_Init          stm32f10x_dma.o
    0x08000f28   0x08000f28   0x000000c0   Code   RO         3630    i.DataStageIn       usb_core.o
    0x08000fe8   0x08000fe8   0x000000bc   Code   RO         3631    i.DataStageOut      usb_core.o
    0x080010a4   0x080010a4   0x00000298   Code   RO         3632    i.Data_Setup0       usb_core.o
    0x0800133c   0x0800133c   0x00000002   Code   RO          225    i.DebugMon_Handler  stm32f10x_it.o
    0x0800133e   0x0800133e   0x00000010   Code   RO            1    i.Delay             main.o
    0x0800134e   0x0800134e   0x00000002   PAD
    0x08001350   0x08001350   0x00000090   Code   RO         4346    i.EP1_IN_Callback   usb_endp.o
    0x080013e0   0x080013e0   0x00000020   Code   RO         4347    i.EP3_OUT_Callback  usb_endp.o
    0x08001400   0x08001400   0x00000054   Code   RO         1170    i.EPC_FORCE_OFF     usart_com.o
    0x08001454   0x08001454   0x00000098   Code   RO         1171    i.EPC_FORCE_ON      usart_com.o
    0x080014ec   0x080014ec   0x0000000c   Code   RO         2003    i.EXTI_ClearITPendingBit  stm32f10x_exti.o
    0x080014f8   0x080014f8   0x00000094   Code   RO         2008    i.EXTI_Init         stm32f10x_exti.o
    0x0800158c   0x0800158c   0x0000000c   Code   RO         4211    i.Enter_LowPowerMode  hw_config.o
    0x08001598   0x08001598   0x00000050   Code   RO         2061    i.FLASH_ErasePage   stm32f10x_flash.o
    0x080015e8   0x080015e8   0x00000034   Code   RO         2062    i.FLASH_GetBank1Status  stm32f10x_flash.o
    0x0800161c   0x0800161c   0x00000014   Code   RO         2071    i.FLASH_Lock        stm32f10x_flash.o
    0x08001630   0x08001630   0x00000044   Code   RO         2074    i.FLASH_ProgramHalfWord  stm32f10x_flash.o
    0x08001674   0x08001674   0x00000018   Code   RO         2079    i.FLASH_Unlock      stm32f10x_flash.o
    0x0800168c   0x0800168c   0x00000026   Code   RO         2083    i.FLASH_WaitForLastOperation  stm32f10x_flash.o
    0x080016b2   0x080016b2   0x00000116   Code   RO         2236    i.GPIO_Init         stm32f10x_gpio.o
    0x080017c8   0x080017c8   0x00000020   Code   RO         3846    i.GetEPRxAddr       usb_regs.o
    0x080017e8   0x080017e8   0x00000024   Code   RO         3847    i.GetEPRxCount      usb_regs.o
    0x0800180c   0x0800180c   0x00000020   Code   RO         3849    i.GetEPTxAddr       usb_regs.o
    0x0800182c   0x0800182c   0x00000034   Code   RO         4212    i.Get_SerialNum     hw_config.o
    0x08001860   0x08001860   0x00000004   Code   RO          226    i.HardFault_Handler  stm32f10x_it.o
    0x08001864   0x08001864   0x00000048   Code   RO          558    i.INC               ladder.o
    0x080018ac   0x080018ac   0x0000001c   Code   RO          559    i.INV               ladder.o
    0x080018c8   0x080018c8   0x00000070   Code   RO         3633    i.In0_Process       usb_core.o
    0x08001938   0x08001938   0x0000003e   Code   RO         4213    i.IntToUnicode      hw_config.o
    0x08001976   0x08001976   0x00000002   PAD
    0x08001978   0x08001978   0x00000074   Code   RO          560    i.K_M_MOV_D_H       ladder.o
    0x080019ec   0x080019ec   0x00000078   Code   RO          561    i.LD                ladder.o
    0x08001a64   0x08001a64   0x00000044   Code   RO          562    i.LDF               ladder.o
    0x08001aa8   0x08001aa8   0x00000074   Code   RO          563    i.LDI               ladder.o
    0x08001b1c   0x08001b1c   0x00000020   Code   RO         4214    i.Leave_LowPowerMode  hw_config.o
    0x08001b3c   0x08001b3c   0x000005dc   Code   RO          564    i.MOV_K             ladder.o
    0x08002118   0x08002118   0x00000900   Code   RO          565    i.MOV_TO_K_H        ladder.o
    0x08002a18   0x08002a18   0x00000038   Code   RO          566    i.MPP               ladder.o
    0x08002a50   0x08002a50   0x0000003c   Code   RO          567    i.MPS               ladder.o
    0x08002a8c   0x08002a8c   0x0000002c   Code   RO          568    i.MRD               ladder.o
    0x08002ab8   0x08002ab8   0x00000068   Code   RO          132    i.MYRCC_DeInit      sys.o
    0x08002b20   0x08002b20   0x00000014   Code   RO          135    i.MY_NVIC_SetVectorTable  sys.o
    0x08002b34   0x08002b34   0x00000004   Code   RO          227    i.MemManage_Handler  stm32f10x_it.o
    0x08002b38   0x08002b38   0x00000040   Code   RO          569    i.NEG               ladder.o
    0x08002b78   0x08002b78   0x00000002   Code   RO          228    i.NMI_Handler       stm32f10x_it.o
    0x08002b7a   0x08002b7a   0x00000002   Code   RO         3634    i.NOP_Process       usb_core.o
    0x08002b7c   0x08002b7c   0x00000052   Code   RO          436    i.NVIC_Configuration  irq.o
    0x08002bce   0x08002bce   0x00000002   PAD
    0x08002bd0   0x08002bd0   0x00000070   Code   RO         1462    i.NVIC_Init         misc.o
    0x08002c40   0x08002c40   0x00000014   Code   RO         1463    i.NVIC_PriorityGroupConfig  misc.o
    0x08002c54   0x08002c54   0x00000014   Code   RO         1464    i.NVIC_SetVectorTable  misc.o
    0x08002c68   0x08002c68   0x00000138   Code   RO         3635    i.NoData_Setup0     usb_core.o
    0x08002da0   0x08002da0   0x00000064   Code   RO          570    i.OR                ladder.o
    0x08002e04   0x08002e04   0x0000003c   Code   RO          571    i.ORB               ladder.o
    0x08002e40   0x08002e40   0x00000064   Code   RO          572    i.ORI               ladder.o
    0x08002ea4   0x08002ea4   0x00000050   Code   RO          573    i.OUT               ladder.o
    0x08002ef4   0x08002ef4   0x00000050   Code   RO         3636    i.Out0_Process      usb_core.o
    0x08002f44   0x08002f44   0x00000068   Code   RO         1172    i.PC_FORCE_OFF      usart_com.o
    0x08002fac   0x08002fac   0x00000060   Code   RO         1173    i.PC_FORCE_ON       usart_com.o
    0x0800300c   0x0800300c   0x000000fc   Code   RO         1174    i.PC_OPTION_PROG    usart_com.o
    0x08003108   0x08003108   0x0000016c   Code   RO         1175    i.PC_READ_PORG      usart_com.o
    0x08003274   0x08003274   0x00000338   Code   RO         1176    i.PC_READ_Parameter  usart_com.o
    0x080035ac   0x080035ac   0x0000003c   Code   RO         1177    i.PC_READ_byte      usart_com.o
    0x080035e8   0x080035e8   0x00000110   Code   RO         1178    i.PC_WRITE_PORG     usart_com.o
    0x080036f8   0x080036f8   0x00000110   Code   RO         1179    i.PC_WRITE_Parameter  usart_com.o
    0x08003808   0x08003808   0x0000005c   Code   RO         1180    i.PC_WRITE_byte     usart_com.o
    0x08003864   0x08003864   0x000010fc   Code   RO          574    i.PLC_ProComParse   ladder.o
    0x08004960   0x08004960   0x00000028   Code   RO         3809    i.PMAToUserBufferCopy  usb_mem.o
    0x08004988   0x08004988   0x0000004c   Code   RO          575    i.P_MOV             ladder.o
    0x080049d4   0x080049d4   0x00000002   Code   RO          229    i.PendSV_Handler    stm32f10x_it.o
    0x080049d6   0x080049d6   0x00000002   PAD
    0x080049d8   0x080049d8   0x00000048   Code   RO         3637    i.Post0_Process     usb_core.o
    0x08004a20   0x08004a20   0x00000040   Code   RO         4494    i.PowerOn           usb_pwr.o
    0x08004a60   0x08004a60   0x000000b4   Code   RO         1181    i.Process_switch    usart_com.o
    0x08004b14   0x08004b14   0x00000020   Code   RO         3421    i.RCC_AHBPeriphClockCmd  stm32f10x_rcc.o
    0x08004b34   0x08004b34   0x00000020   Code   RO         3422    i.RCC_APB1PeriphClockCmd  stm32f10x_rcc.o
    0x08004b54   0x08004b54   0x00000020   Code   RO         3424    i.RCC_APB2PeriphClockCmd  stm32f10x_rcc.o
    0x08004b74   0x08004b74   0x00000110   Code   RO          452    i.RCC_Configuration  adc.o
    0x08004c84   0x08004c84   0x0000000c   Code   RO         3450    i.RCC_USBCLKConfig  stm32f10x_rcc.o
    0x08004c90   0x08004c90   0x00000054   Code   RO          576    i.RCL               ladder.o
    0x08004ce4   0x08004ce4   0x00000054   Code   RO          577    i.RCR               ladder.o
    0x08004d38   0x08004d38   0x00000060   Code   RO          578    i.RESET_C           ladder.o
    0x08004d98   0x08004d98   0x0000002c   Code   RO          579    i.RESET_T           ladder.o
    0x08004dc4   0x08004dc4   0x00000048   Code   RO          580    i.RET               ladder.o
    0x08004e0c   0x08004e0c   0x0000005c   Code   RO          581    i.ROL               ladder.o
    0x08004e68   0x08004e68   0x0000005c   Code   RO          582    i.ROR               ladder.o
    0x08004ec4   0x08004ec4   0x00000044   Code   RO          583    i.RST               ladder.o
    0x08004f08   0x08004f08   0x000000c4   Code   RO         1182    i.RST_T_D_C_M_data  usart_com.o
    0x08004fcc   0x08004fcc   0x00000048   Code   RO          584    i.RST_Y             ladder.o
    0x08005014   0x08005014   0x000000c0   Code   RO         1183    i.RX_Process        usart_com.o
    0x080050d4   0x080050d4   0x000000d0   Code   RO         4495    i.Resume            usb_pwr.o
    0x080051a4   0x080051a4   0x00000024   Code   RO         4496    i.Resume_Init       usb_pwr.o
    0x080051c8   0x080051c8   0x00000030   Code   RO         4348    i.SOF_Callback      usb_endp.o
    0x080051f8   0x080051f8   0x00000038   Code   RO          585    i.SQR               ladder.o
    0x08005230   0x08005230   0x00000002   Code   RO          230    i.SVC_Handler       stm32f10x_it.o
    0x08005232   0x08005232   0x00000002   PAD
    0x08005234   0x08005234   0x00000044   Code   RO          586    i.SWAP              ladder.o
    0x08005278   0x08005278   0x00000010   Code   RO         3857    i.SetBTABLE         usb_regs.o
    0x08005288   0x08005288   0x00000050   Code   RO         3638    i.SetDeviceAddress  usb_core.o
    0x080052d8   0x080052d8   0x00000024   Code   RO         3871    i.SetEPRxAddr       usb_regs.o
    0x080052fc   0x080052fc   0x0000004c   Code   RO         3872    i.SetEPRxCount      usb_regs.o
    0x08005348   0x08005348   0x00000040   Code   RO         3873    i.SetEPRxStatus     usb_regs.o
    0x08005388   0x08005388   0x00000034   Code   RO         3874    i.SetEPRxValid      usb_regs.o
    0x080053bc   0x080053bc   0x00000020   Code   RO         3875    i.SetEPTxAddr       usb_regs.o
    0x080053dc   0x080053dc   0x0000001c   Code   RO         3876    i.SetEPTxCount      usb_regs.o
    0x080053f8   0x080053f8   0x00000040   Code   RO         3877    i.SetEPTxStatus     usb_regs.o
    0x08005438   0x08005438   0x00000034   Code   RO         3878    i.SetEPTxValid      usb_regs.o
    0x0800546c   0x0800546c   0x00000024   Code   RO         3879    i.SetEPType         usb_regs.o
    0x08005490   0x08005490   0x00000008   Code   RO          281    i.SetSysClock       system_stm32f10x.o
    0x08005498   0x08005498   0x000000e0   Code   RO          282    i.SetSysClockTo72   system_stm32f10x.o
    0x08005578   0x08005578   0x00000012   Code   RO         4215    i.Set_USBClock      hw_config.o
    0x0800558a   0x0800558a   0x00000002   PAD
    0x0800558c   0x0800558c   0x000000b8   Code   RO         3639    i.Setup0_Process    usb_core.o
    0x08005644   0x08005644   0x0000016c   Code   RO         3640    i.Standard_ClearFeature  usb_core.o
    0x080057b0   0x080057b0   0x0000002c   Code   RO         3641    i.Standard_GetConfiguration  usb_core.o
    0x080057dc   0x080057dc   0x00000024   Code   RO         3642    i.Standard_GetDescriptorData  usb_core.o
    0x08005800   0x08005800   0x0000002c   Code   RO         3643    i.Standard_GetInterface  usb_core.o
    0x0800582c   0x0800582c   0x00000100   Code   RO         3644    i.Standard_GetStatus  usb_core.o
    0x0800592c   0x0800592c   0x00000048   Code   RO         3645    i.Standard_SetConfiguration  usb_core.o
    0x08005974   0x08005974   0x00000028   Code   RO         3646    i.Standard_SetDeviceFeature  usb_core.o
    0x0800599c   0x0800599c   0x000000d0   Code   RO         3647    i.Standard_SetEndPointFeature  usb_core.o
    0x08005a6c   0x08005a6c   0x0000006c   Code   RO         3648    i.Standard_SetInterface  usb_core.o
    0x08005ad8   0x08005ad8   0x00000090   Code   RO          136    i.Stm32_Clock_Init  sys.o
    0x08005b68   0x08005b68   0x0000009c   Code   RO         4497    i.Suspend           usb_pwr.o
    0x08005c04   0x08005c04   0x00000054   Code   RO          284    i.SystemInit        system_stm32f10x.o
    0x08005c58   0x08005c58   0x00000140   Code   RO          482    i.TIM5_IRQHandler   clk.o
    0x08005d98   0x08005d98   0x0000004c   Code   RO          483    i.TIM5_Init         clk.o
    0x08005de4   0x08005de4   0x00000006   Code   RO         2883    i.TIM_ClearITPendingBit  stm32f10x_tim.o
    0x08005dea   0x08005dea   0x00000018   Code   RO         2888    i.TIM_Cmd           stm32f10x_tim.o
    0x08005e02   0x08005e02   0x00000022   Code   RO         2909    i.TIM_GetITStatus   stm32f10x_tim.o
    0x08005e24   0x08005e24   0x00000012   Code   RO         2913    i.TIM_ITConfig      stm32f10x_tim.o
    0x08005e36   0x08005e36   0x00000002   PAD
    0x08005e38   0x08005e38   0x000000a4   Code   RO         2959    i.TIM_TimeBaseInit  stm32f10x_tim.o
    0x08005edc   0x08005edc   0x0000003c   Code   RO         1184    i.TX_Process        usart_com.o
    0x08005f18   0x08005f18   0x0000009c   Code   RO          484    i.T_100MS           clk.o
    0x08005fb4   0x08005fb4   0x0000001c   Code   RO          588    i.T_given_value_K   ladder.o
    0x08005fd0   0x08005fd0   0x00000012   Code   RO         2692    i.USART_ClearFlag   stm32f10x_usart.o
    0x08005fe2   0x08005fe2   0x0000001e   Code   RO         2693    i.USART_ClearITPendingBit  stm32f10x_usart.o
    0x08006000   0x08006000   0x00000002   Data   RO         1209    .ARM.__AT_0x08006000  usart_com.o
    0x08006002   0x08006002   0x0000ee18   Data   RO         1210    .ARM.__AT_0x08006002  usart_com.o
    0x08014e1a   0x08014e1a   0x00000002   PAD
    0x08014e1c   0x08014e1c   0x0000009c   Code   RO          485    i.T_10MS            clk.o
    0x08014eb8   0x08014eb8   0x0000009c   Code   RO          486    i.T_1MS             clk.o
    0x08014f54   0x08014f54   0x0000009c   Code   RO          487    i.T_H100MS          clk.o
    0x08014ff0   0x08014ff0   0x000000ac   Code   RO          587    i.T_given_value_D   ladder.o
    0x0801509c   0x0801509c   0x00000088   Code   RO         1185    i.USART1_IRQHandler  usart_com.o
    0x08015124   0x08015124   0x0000001c   Code   RO         4216    i.USART_Config      hw_config.o
    0x08015140   0x08015140   0x0000001a   Code   RO         2699    i.USART_GetFlagStatus  stm32f10x_usart.o
    0x0801515a   0x0801515a   0x00000054   Code   RO         2700    i.USART_GetITStatus  stm32f10x_usart.o
    0x080151ae   0x080151ae   0x0000004a   Code   RO         2702    i.USART_ITConfig    stm32f10x_usart.o
    0x080151f8   0x080151f8   0x0000000a   Code   RO         2710    i.USART_ReceiveData  stm32f10x_usart.o
    0x08015202   0x08015202   0x0000000c   Code   RO         4217    i.USBWakeUp_IRQHandler  hw_config.o
    0x0801520e   0x0801520e   0x00000002   Code   RO         4218    i.USB_Cable_Config  hw_config.o
    0x08015210   0x08015210   0x0000003c   Code   RO         3756    i.USB_Init          usb_init.o
    0x0801524c   0x0801524c   0x00000054   Code   RO         4219    i.USB_Interrupts_Config  hw_config.o
    0x080152a0   0x080152a0   0x000001d0   Code   RO         4374    i.USB_Istr          usb_istr.o
    0x08015470   0x08015470   0x00000008   Code   RO         4220    i.USB_LP_CAN1_RX0_IRQHandler  hw_config.o
    0x08015478   0x08015478   0x00000058   Code   RO         4221    i.USB_Port_Set      hw_config.o
    0x080154d0   0x080154d0   0x00000024   Code   RO         4187    i.USB_SIL_Init      usb_sil.o
    0x080154f4   0x080154f4   0x0000002e   Code   RO         4188    i.USB_SIL_Read      usb_sil.o
    0x08015522   0x08015522   0x00000020   Code   RO         4222    i.USB_To_USART_Send_Data  hw_config.o
    0x08015542   0x08015542   0x00000002   PAD
    0x08015544   0x08015544   0x00000030   Code   RO         4223    i.USB_USART_SendData  hw_config.o
    0x08015574   0x08015574   0x00000004   Code   RO          231    i.UsageFault_Handler  stm32f10x_it.o
    0x08015578   0x08015578   0x00000038   Code   RO         3810    i.UserToPMABufferCopy  usb_mem.o
    0x080155b0   0x080155b0   0x00000064   Code   RO         4392    i.Virtual_Com_Port_Data_Setup  usb_prop.o
    0x08015614   0x08015614   0x00000014   Code   RO         4393    i.Virtual_Com_Port_GetConfigDescriptor  usb_prop.o
    0x08015628   0x08015628   0x00000014   Code   RO         4394    i.Virtual_Com_Port_GetDeviceDescriptor  usb_prop.o
    0x0801563c   0x0801563c   0x0000001c   Code   RO         4395    i.Virtual_Com_Port_GetLineCoding  usb_prop.o
    0x08015658   0x08015658   0x00000028   Code   RO         4396    i.Virtual_Com_Port_GetStringDescriptor  usb_prop.o
    0x08015680   0x08015680   0x00000016   Code   RO         4397    i.Virtual_Com_Port_Get_Interface_Setting  usb_prop.o
    0x08015696   0x08015696   0x00000002   PAD
    0x08015698   0x08015698   0x00000028   Code   RO         4398    i.Virtual_Com_Port_NoData_Setup  usb_prop.o
    0x080156c0   0x080156c0   0x000000e8   Code   RO         4399    i.Virtual_Com_Port_Reset  usb_prop.o
    0x080157a8   0x080157a8   0x00000018   Code   RO         4400    i.Virtual_Com_Port_SetConfiguration  usb_prop.o
    0x080157c0   0x080157c0   0x0000000c   Code   RO         4401    i.Virtual_Com_Port_SetDeviceAddress  usb_prop.o
    0x080157cc   0x080157cc   0x0000001c   Code   RO         4402    i.Virtual_Com_Port_SetLineCoding  usb_prop.o
    0x080157e8   0x080157e8   0x0000001c   Code   RO         4403    i.Virtual_Com_Port_Status_In  usb_prop.o
    0x08015804   0x08015804   0x00000002   Code   RO         4404    i.Virtual_Com_Port_Status_Out  usb_prop.o
    0x08015806   0x08015806   0x00000002   PAD
    0x08015808   0x08015808   0x00000028   Code   RO         4405    i.Virtual_Com_Port_init  usb_prop.o
    0x08015830   0x08015830   0x00000040   Code   RO          589    i.WAND              ladder.o
    0x08015870   0x08015870   0x00000040   Code   RO          590    i.WOR               ladder.o
    0x080158b0   0x080158b0   0x0000003c   Code   RO          591    i.WXOR              ladder.o
    0x080158ec   0x080158ec   0x0000002c   Code   RO          592    i.add               ladder.o
    0x08015918   0x08015918   0x00000134   Code   RO          593    i.add_assgin_value  ladder.o
    0x08015a4c   0x08015a4c   0x000000d8   Code   RO          594    i.add_target        ladder.o
    0x08015b24   0x08015b24   0x0000003c   Code   RO         1186    i.all_flash_lock    usart_com.o
    0x08015b60   0x08015b60   0x0000002c   Code   RO         1187    i.all_flash_unlock  usart_com.o
    0x08015b8c   0x08015b8c   0x00000050   Code   RO          595    i.amount            ladder.o
    0x08015bdc   0x08015bdc   0x0000003c   Code   RO          596    i.amount_OR         ladder.o
    0x08015c18   0x08015c18   0x0000003c   Code   RO          597    i.amount_and        ladder.o
    0x08015c54   0x08015c54   0x00000030   Code   RO         1188    i.backup_block      usart_com.o
    0x08015c84   0x08015c84   0x00000098   Code   RO         1189    i.backup_data       usart_com.o
    0x08015d1c   0x08015d1c   0x00000050   Code   RO          598    i.big               ladder.o
    0x08015d6c   0x08015d6c   0x0000003c   Code   RO          599    i.big_OR            ladder.o
    0x08015da8   0x08015da8   0x00000050   Code   RO          600    i.big_amount        ladder.o
    0x08015df8   0x08015df8   0x0000003c   Code   RO          601    i.big_amount_OR     ladder.o
    0x08015e34   0x08015e34   0x0000003c   Code   RO          602    i.big_amount_and    ladder.o
    0x08015e70   0x08015e70   0x0000003c   Code   RO          603    i.big_and           ladder.o
    0x08015eac   0x08015eac   0x000001dc   Code   RO          604    i.bit_value         ladder.o
    0x08016088   0x08016088   0x0000012c   Code   RO          605    i.cos_value         ladder.o
    0x080161b4   0x080161b4   0x00000048   Code   RO         1191    i.data_init         usart_com.o
    0x080161fc   0x080161fc   0x00000080   Code   RO          606    i.disable_C_D       ladder.o
    0x0801627c   0x0801627c   0x000000cc   Code   RO          607    i.disable_C_K       ladder.o
    0x08016348   0x08016348   0x00000028   Code   RO          608    i.disable_T         ladder.o
    0x08016370   0x08016370   0x00000040   Code   RO          609    i.div               ladder.o
    0x080163b0   0x080163b0   0x00000198   Code   RO          610    i.div_assign_value  ladder.o
    0x08016548   0x08016548   0x000000b0   Code   RO          611    i.enable_C_D        ladder.o
    0x080165f8   0x080165f8   0x00000110   Code   RO          612    i.enable_C_K        ladder.o
    0x08016708   0x08016708   0x00000044   Code   RO          613    i.enable_T_D        ladder.o
    0x0801674c   0x0801674c   0x00000074   Code   RO          614    i.enable_T_K        ladder.o
    0x080167c0   0x080167c0   0x0000007c   Code   RO          615    i.extend_ADDP       ladder.o
    0x0801683c   0x0801683c   0x00000098   Code   RO          616    i.extend_ANDF       ladder.o
    0x080168d4   0x080168d4   0x00000098   Code   RO          617    i.extend_ANDP       ladder.o
    0x0801696c   0x0801696c   0x000000bc   Code   RO          618    i.extend_AND_M      ladder.o
    0x08016a28   0x08016a28   0x000000bc   Code   RO          619    i.extend_ANI_M      ladder.o
    0x08016ae4   0x08016ae4   0x0000007c   Code   RO          620    i.extend_DECP       ladder.o
    0x08016b60   0x08016b60   0x0000007c   Code   RO          621    i.extend_DIVP       ladder.o
    0x08016bdc   0x08016bdc   0x0000007c   Code   RO          622    i.extend_INCP       ladder.o
    0x08016c58   0x08016c58   0x000000d0   Code   RO          623    i.extend_LDF        ladder.o
    0x08016d28   0x08016d28   0x000000bc   Code   RO          624    i.extend_LDI_M      ladder.o
    0x08016de4   0x08016de4   0x000000d0   Code   RO          625    i.extend_LDP        ladder.o
    0x08016eb4   0x08016eb4   0x000000bc   Code   RO          626    i.extend_LD_M       ladder.o
    0x08016f70   0x08016f70   0x00000034   Code   RO          627    i.extend_MOV        ladder.o
    0x08016fa4   0x08016fa4   0x00000088   Code   RO          628    i.extend_MOVP       ladder.o
    0x0801702c   0x0801702c   0x0000007c   Code   RO          629    i.extend_MULP       ladder.o
    0x080170a8   0x080170a8   0x00000098   Code   RO          630    i.extend_ORF        ladder.o
    0x08017140   0x08017140   0x000000bc   Code   RO          631    i.extend_ORI_M      ladder.o
    0x080171fc   0x080171fc   0x00000098   Code   RO          632    i.extend_ORP        ladder.o
    0x08017294   0x08017294   0x000000bc   Code   RO          633    i.extend_OR_M       ladder.o
    0x08017350   0x08017350   0x000000bc   Code   RO          634    i.extend_OUT_M      ladder.o
    0x0801740c   0x0801740c   0x00000094   Code   RO          635    i.extend_OUT_S      ladder.o
    0x080174a0   0x080174a0   0x000000bc   Code   RO          636    i.extend_RST_M      ladder.o
    0x0801755c   0x0801755c   0x00000094   Code   RO          637    i.extend_RST_S      ladder.o
    0x080175f0   0x080175f0   0x00000050   Code   RO          638    i.extend_RST_T      ladder.o
    0x08017640   0x08017640   0x000000bc   Code   RO          639    i.extend_SET_M      ladder.o
    0x080176fc   0x080176fc   0x00000094   Code   RO          640    i.extend_SET_S      ladder.o
    0x08017790   0x08017790   0x0000007c   Code   RO          641    i.extend_SUBP       ladder.o
    0x0801780c   0x0801780c   0x000005b4   Code   RO          642    i.extend_function   ladder.o
    0x08017dc0   0x08017dc0   0x00000048   Code   RO          453    i.filter            adc.o
    0x08017e08   0x08017e08   0x00000060   Code   RO         1192    i.find_data         usart_com.o
    0x08017e68   0x08017e68   0x00000110   Code   RO         1193    i.find_data_address  usart_com.o
    0x08017f78   0x08017f78   0x00000040   Code   RO         1194    i.find_end          usart_com.o
    0x08017fb8   0x08017fb8   0x00000060   Code   RO          643    i.find_p            ladder.o
    0x08018018   0x08018018   0x00000058   Code   RO          644    i.find_step         ladder.o
    0x08018070   0x08018070   0x00000044   Code   RO          645    i.find_toend        ladder.o
    0x080180b4   0x080180b4   0x00000038   Code   RO          646    i.force_reset       ladder.o
    0x080180ec   0x080180ec   0x00000038   Code   RO          647    i.force_set         ladder.o
    0x08018124   0x08018124   0x00000160   Code   RO          648    i.h_cos_value       ladder.o
    0x08018284   0x08018284   0x0000000c   Code   RO         1422    i.init_xy           bsp.o
    0x08018290   0x08018290   0x00000050   Code   RO          649    i.less              ladder.o
    0x080182e0   0x080182e0   0x0000003c   Code   RO          650    i.less_OR           ladder.o
    0x0801831c   0x0801831c   0x00000050   Code   RO          651    i.less_amount       ladder.o
    0x0801836c   0x0801836c   0x0000003c   Code   RO          652    i.less_amount_OR    ladder.o
    0x080183a8   0x080183a8   0x0000003c   Code   RO          653    i.less_amount_and   ladder.o
    0x080183e4   0x080183e4   0x0000003c   Code   RO          654    i.less_and          ladder.o
    0x08018420   0x08018420   0x00000134   Code   RO            3    i.main              main.o
    0x08018554   0x08018554   0x000001cc   Code   RO         1195    i.mov_flash         usart_com.o
    0x08018720   0x08018720   0x00000050   Code   RO          655    i.mul               ladder.o
    0x08018770   0x08018770   0x000000d8   Code   RO          656    i.mul_target        ladder.o
    0x08018848   0x08018848   0x00000050   Code   RO          657    i.no_amount         ladder.o
    0x08018898   0x08018898   0x0000003c   Code   RO          658    i.no_amount_OR      ladder.o
    0x080188d4   0x080188d4   0x0000003c   Code   RO          659    i.no_amount_and     ladder.o
    0x08018910   0x08018910   0x00000108   Code   RO         1196    i.online_write_data  usart_com.o
    0x08018a18   0x08018a18   0x00000058   Code   RO          660    i.operation_C       ladder.o
    0x08018a70   0x08018a70   0x00000058   Code   RO          661    i.operation_T       ladder.o
    0x08018ac8   0x08018ac8   0x00000044   Code   RO          662    i.other_function    ladder.o
    0x08018b0c   0x08018b0c   0x0000003c   Code   RO         1197    i.read_data         usart_com.o
    0x08018b48   0x08018b48   0x000000e0   Code   RO         1198    i.read_other_data   usart_com.o
    0x08018c28   0x08018c28   0x000000cc   Code   RO         1199    i.read_plc_tyte     usart_com.o
    0x08018cf4   0x08018cf4   0x00000098   Code   RO         1200    i.recover_data      usart_com.o
    0x08018d8c   0x08018d8c   0x00000060   Code   RO          663    i.reset_step        ladder.o
    0x08018dec   0x08018dec   0x0000009c   Code   RO         1201    i.rx_data_sum       usart_com.o
    0x08018e88   0x08018e88   0x00000050   Code   RO          664    i.set_step          ladder.o
    0x08018ed8   0x08018ed8   0x00000018   Code   RO         1202    i.setup_HL          usart_com.o
    0x08018ef0   0x08018ef0   0x00000018   Code   RO         1203    i.setup_LH          usart_com.o
    0x08018f08   0x08018f08   0x0000004c   Code   RO         4557    i.sqrt              m_ws.l(sqrt.o)
    0x08018f54   0x08018f54   0x0000002c   Code   RO          665    i.sub               ladder.o
    0x08018f80   0x08018f80   0x00000068   Code   RO         1204    i.switch_read_data  usart_com.o
    0x08018fe8   0x08018fe8   0x000000e0   Code   RO          488    i.timer_disble      clk.o
    0x080190c8   0x080190c8   0x00000094   Code   RO          489    i.timer_enable      clk.o
    0x0801915c   0x0801915c   0x00000068   Code   RO         1207    i.write_block       usart_com.o
    0x080191c4   0x080191c4   0x0000004c   Code   RO         1208    i.write_data        usart_com.o
    0x08019210   0x08019210   0x000002cc   Code   RO         1423    i.x_filter          bsp.o
    0x080194dc   0x080194dc   0x00000058   Code   RO         1424    i.x_refresh         bsp.o
    0x08019534   0x08019534   0x00000104   Code   RO         1425    i.y_refresh         bsp.o
    0x08019638   0x08019638   0x0000005a   Code   RO         4546    x$fpl$dfixu         fz_ws.l(dfixu.o)
    0x08019692   0x08019692   0x00000026   Code   RO         4550    x$fpl$dfltu         fz_ws.l(dflt_clz.o)
    0x080196b8   0x080196b8   0x0000009c   Code   RO         4660    x$fpl$dnaninf       fz_ws.l(dnaninf.o)
    0x08019754   0x08019754   0x000001cc   Code   RO         4662    x$fpl$dsqrt         fz_ws.l(dsqrt_noumaal.o)
    0x08019920   0x08019920   0x00000000   Code   RO         4672    x$fpl$usenofp       fz_ws.l(usenofp.o)
    0x08019920   0x08019920   0x0000022f   Data   RO         1215    .constdata          usart_com.o
    0x08019b4f   0x08019b4f   0x000000b1   Data   RO         4333    .constdata          usb_desc.o
    0x08019c00   0x08019c00   0x00000020   Data   RO         4896    Region$$Table       anon$$obj.o


    Execution Region RW_IRAM1 (Exec base: 0x20000000, Load base: 0x08019c20, Size: 0x0000d5f4, Max: 0x00010000, ABSOLUTE, COMPRESSED[0x00000080])

    Exec Addr    Load Addr    Size         Type   Attr      Idx    E Section Name        Object

    0x20000000   COMPRESSED   0x00000002   Data   RW            6    .data               main.o
    0x20000002   COMPRESSED   0x00000002   PAD
    0x20000004   COMPRESSED   0x0000001a   Data   RW          491    .data               clk.o
    0x2000001e   COMPRESSED   0x00000002   PAD
    0x20000020   COMPRESSED   0x00000052   Data   RW          667    .data               ladder.o
    0x20000072   COMPRESSED   0x00000002   PAD
    0x20000074   COMPRESSED   0x0000001e   Data   RW         1216    .data               usart_com.o
    0x20000092   COMPRESSED   0x00000006   Data   RW         1427    .data               bsp.o
    0x20000098   COMPRESSED   0x00000003   Data   RW         3649    .data               usb_core.o
    0x2000009b   COMPRESSED   0x00000001   PAD
    0x2000009c   COMPRESSED   0x00000014   Data   RW         3758    .data               usb_init.o
    0x200000b0   COMPRESSED   0x00000004   Data   RW         3781    .data               usb_int.o
    0x200000b4   COMPRESSED   0x00000003   Data   RW         4226    .data               hw_config.o
    0x200000b7   COMPRESSED   0x0000001a   Data   RW         4334    .data               usb_desc.o
    0x200000d1   COMPRESSED   0x00000003   PAD
    0x200000d4   COMPRESSED   0x00000004   Data   RW         4350    .data               usb_endp.o
    0x200000d8   COMPRESSED   0x00000044   Data   RW         4375    .data               usb_istr.o
    0x2000011c   COMPRESSED   0x00000094   Data   RW         4406    .data               usb_prop.o
    0x200001b0   COMPRESSED   0x0000000c   Data   RW         4499    .data               usb_pwr.o
    0x200001bc        -       0x00000190   Zero   RW          454    .bss                adc.o
    0x2000034c        -       0x00000488   Zero   RW          666    .bss                ladder.o
    0x200007d4        -       0x000014c8   Zero   RW         1214    .bss                usart_com.o
    0x20001c9c        -       0x00000014   Zero   RW         1426    .bss                bsp.o
    0x20001cb0        -       0x0000001c   Zero   RW         3757    .bss                usb_init.o
    0x20001ccc        -       0x00000594   Zero   RW         4225    .bss                hw_config.o
    0x20002260        -       0x00000040   Zero   RW         4349    .bss                usb_endp.o
    0x200022a0        -       0x00000020   Zero   RW         4498    .bss                usb_pwr.o
    0x200022c0        -       0x00000060   Zero   RW         4714    .bss                c_w.l(libspace.o)
    0x20002320        -       0x00000200   Zero   RW          218    HEAP                startup_stm32f10x_hd.o
    0x20002520        -       0x00000800   Zero   RW          217    STACK               startup_stm32f10x_hd.o
    0x20002d20   COMPRESSED   0x000022e0   PAD
    0x20005000        -       0x00000004   Zero   RW         1211    .ARM.__AT_0x20005000  usart_com.o
    0x20005004        -       0x000081b0   Zero   RW         1212    .ARM.__AT_0x20005004  usart_com.o
    0x2000d1b4   COMPRESSED   0x0000004c   PAD
    0x2000d200        -       0x000003e8   Zero   RW         1213    .ARM.__AT_0x2000D200  usart_com.o
    0x2000d5e8   COMPRESSED   0x00000008   PAD
    0x2000d5f0        -       0x00000004   Zero   RW            5    .ARM.__AT_0x2000D5F0  main.o


==============================================================================

Image component sizes


      Code (inc. data)   RO Data    RW Data    ZI Data      Debug   Object Name

       356         28          0          0        400      11275   adc.o
      1324         72          0          6         20       2811   bsp.o
      1392        194          0         26          0      23403   clk.o
       188         10          0          0          0      15414   dac.o
       478         52          0          3       1428       8482   hw_config.o
        82          0          0          0          0        473   irq.o
     22540       1802          0         82       1160      58959   ladder.o
       324         38          0          2          4     232335   main.o
       152         30          0          0          0       1985   misc.o
        56         22        304          0       2560        756   startup_stm32f10x_hd.o
       390         10          0          0          0       7173   stm32f10x_adc.o
       200         28          0          0          0       3470   stm32f10x_dac.o
       414         10          0          0          0       2790   stm32f10x_dma.o
       160         12          0          0          0       1441   stm32f10x_exti.o
       282         30          0          0          0       3302   stm32f10x_flash.o
       278          0          0          0          0       1924   stm32f10x_gpio.o
        24          0          0          0          0       3064   stm32f10x_it.o
       108         24          0          0          0       2125   stm32f10x_rcc.o
       246         42          0          0          0       3418   stm32f10x_tim.o
       242          0          0          0          0       5247   stm32f10x_usart.o
       268         32          0          0          0     207995   sys.o
       316         24          0          0          0       1661   system_stm32f10x.o
      5996        650      61513         30      39524      20713   usart_com.o
      3058        288          0          3          0      14319   usb_core.o
         0          0        177         26          0        995   usb_desc.o
       224         20          0          4         64       2064   usb_endp.o
        60         24          0         20         28       4014   usb_init.o
       648         32          0          4          0       1672   usb_int.o
       464         38          0         68          0       1491   usb_istr.o
        96         10          0          0          0       1704   usb_mem.o
       636        104          0        148          0      10865   usb_prop.o
       464         52          0         12         32       3332   usb_pwr.o
       712        100          0          0          0       9375   usb_regs.o
        82          8          0          0          0       1398   usb_sil.o

    ----------------------------------------------------------------------
     42286       3786      62028        444      54232     671445   Object Totals
         0          0         32          0          0          0   (incl. Generated)
        26          0          2         10       9012          0   (incl. Padding)

    ----------------------------------------------------------------------

      Code (inc. data)   RO Data    RW Data    ZI Data      Debug   Library Member Name

        90          0          0          0          0          0   __dczerorl2.o
         8          0          0          0          0         68   __main.o
         0          0          0          0          0          0   __rtentry.o
        12          0          0          0          0          0   __rtentry2.o
         6          0          0          0          0          0   __rtentry4.o
        52          8          0          0          0          0   __scatter.o
        28          0          0          0          0          0   __scatter_zi.o
        22          0          0          0          0        100   _rserrno.o
        18          0          0          0          0         80   exit.o
         6          0          0          0          0        152   heapauxi.o
         0          0          0          0          0          0   indicate_semi.o
         2          0          0          0          0          0   libinit.o
         2          0          0          0          0          0   libinit2.o
         2          0          0          0          0          0   libshutdown.o
         2          0          0          0          0          0   libshutdown2.o
         8          4          0          0         96         68   libspace.o
         8          4          0          0          0         68   rt_errno_addr_intlibspace.o
         2          0          0          0          0          0   rtexit.o
        10          0          0          0          0          0   rtexit2.o
        12          4          0          0          0         68   sys_exit.o
        74          0          0          0          0         80   sys_stackheap_outer.o
         2          0          0          0          0         68   use_no_semi.o
        90          4          0          0          0         92   dfixu.o
        38          0          0          0          0         68   dflt_clz.o
       156          4          0          0          0         92   dnaninf.o
       460         56          0          0          0        120   dsqrt_noumaal.o
         0          0          0          0          0          0   usenofp.o
        76          0          0          0          0         84   sqrt.o

    ----------------------------------------------------------------------
      1190         84          0          0         96       1208   Library Totals
         4          0          0          0          0          0   (incl. Padding)

    ----------------------------------------------------------------------

      Code (inc. data)   RO Data    RW Data    ZI Data      Debug   Library Name

       366         20          0          0         96        752   c_w.l
       744         64          0          0          0        372   fz_ws.l
        76          0          0          0          0         84   m_ws.l

    ----------------------------------------------------------------------
      1190         84          0          0         96       1208   Library Totals

    ----------------------------------------------------------------------

==============================================================================


      Code (inc. data)   RO Data    RW Data    ZI Data      Debug   

     43476       3870      62028        444      54328     656217   Grand Totals
     43476       3870      62028        128      54328     656217   ELF Image Totals (compressed)
     43476       3870      62028        128          0          0   ROM Totals

==============================================================================

    Total RO  Size (Code + RO Data)               105504 ( 103.03kB)
    Total RW  Size (RW Data + ZI Data)             54772 (  53.49kB)
    Total ROM Size (Code + RO Data + RW Data)     105632 ( 103.16kB)

==============================================================================

